
    ╻ ╻ ╻ ╻
   ┏┻━┻━┻━┻┓    ┏━╸┏━┓┏━┓   ┏━╸┏┳┓╻ ╻
  ━┫       ┣━   ┣╸ ┗━┓┣━┛╺━╸┣╸ ┃┃┃┃ ┃
  ━┫ ESP32 ┣━   ┗━╸┗━┛╹     ┗━╸╹ ╹┗━┛
  ━┫       ┣━
   ┗┳━┳━┳━┳┛    ESP32 series emulator · v0.45.0
    ╹ ╹ ╹ ╹

[INFO  esp_emu] Loaded firmware: 16777216 bytes
[INFO  machine] WiFi SoftAP: WPA2/WPA3 transition enabled (PWE Both) for SSID 'myssid'
[INFO  net_user] user-net: DNS forwarder upstream [192.168.65.7:53], restrict=true
[INFO  net_user] user-net: backend ready (gateway 192.168.4.1, 0 hostfwd rules)
[INFO  esp_emu] Network backend: user-mode (smoltcp NAT, 192.168.4.1 -> host loopback)
[INFO  esp_emu] Loaded ROM ELF: <embedded esp32c3> (556332 bytes)
[INFO  esp_emu] Booting from real ROM reset vector (use --skip-rom to bypass)
[INFO  machine] ROM ELF: 4468 symbols loaded
[INFO  machine] ROM ELF loaded, 15 functions patched for interception
[INFO  machine] CPU reset at ROM entry: PC=0x40000000, SP=0x3FCDE710
[INFO  esp_emu] Starting emulation (chip=esp32c3, batch_size=50000)
ESP-ROM:esp32c3-api1-20210207
Build:Feb  7 2021
rst:0x1 (POWERON),boot:0x8 (SPI_FAST_FLASH_BOOT)
SPIWP:0xee
mode:DIO, clock div:1
load:0x3fcd5810,len:0x38c
load:0x403cc710,len:0x6a0
load:0x403ce710,len:0x2624
entry 0x403cc710
Guru Meditation Error: Core  0 panic'ed (Interrupt wdt timeout on CPU0). 

Core  0 register dump:
MEPC    : 0x403894a2  RA      : 0x40382b54  SP      : 0x3fcb2750  GP      : 0x3fc92000  
TP      : 0x3f825fc0  T0      : 0x7ff00100  T1      : 0x80000000  T2      : 0xffffffff  
S0/FP   : 0x3fc920c0  S1      : 0x00000000  A0      : 0x600080c4  A1      : 0x00000100  
A2      : 0x7ff00000  A3      : 0x600c0048  A4      : 0x600c004c  A5      : 0x60008000  
A6      : 0x60008018  A7      : 0x80000000  S2      : 0x00000008  S3      : 0x00000000  
S4      : 0x00000800  S5      : 0x00000001  S6      : 0x00000000  S7      : 0x00000016  
S8      : 0x00000064  S9      : 0x00000000  S10     : 0x00000000  S11     : 0x00000000  
T3      : 0x60008044  T4      : 0x00000003  T5      : 0x00000000  T6      : 0x00000000  
MSTATUS : 0x00001880  MTVEC   : 0x40380001  MCAUSE  : 0x00000018  MTVAL   : 0x00000000  
MHARTID : 0x00000000  

Stack memory:
3fcb2750: 0x00000000 0x3fcaa214 0xdff20570 0x00000001 0x00000001 0x00000140 0x00000003 0x000000a0
3fcb2770: 0x00000000 0x00000000 0x00000000 0x000001ce 0x3c168000 0x3c166000 0x00000001 0x00000001
3fcb2790: 0x00000000 0x00000c02 0x3fc920c0 0x40382c94 0x00000000 0x3fcaa214 0x00000000 0x420088a8
3fcb27b0: 0x00000000 0x00000000 0x00000001 0x00000000 0x00000000 0x00000000 0x3c166000 0x00000001
3fcb27d0: 0x3fcaa000 0x3fcaa214 0x3fc9188e 0x42008c4c 0x00000000 0x00000000 0x00000000 0x00000000
3fcb27f0: 0x00000000 0x00000000 0x00000000 0x00000000 0x3fcaa000 0x3fcaa000 0x3fca2000 0x4203eed0
3fcb2810: 0x00000000 0x00000000 0x00000000 0x00000000 0x00000000 0x00000000 0x00000000 0x00000000
3fcb2830: 0x00000000 0x00000000 0x00000000 0xece15714 0x00000000 0x00000000 0x00000000 0x00000000
3fcb2850: 0x00000000 0x3fcaa000 0x00000000 0x420961aa 0x00000000 0x00000000 0x00000000 0x4038d822
3fcb2870: 0x00000000 0x00000000 0x00000000 0x00000000 0x00000000 0xa5a5a5a5 0xa5a5a5a5 0xa5a5a5a5
3fcb2890: 0xa5a5a5a5 0xa5a5a5a5 0xa5a5a5a5 0xbaad5678 0x00000160 0xabba1234 0x00000154 0x3fcb2700
3fcb28b0: 0x0000002f 0x3fca608c 0x3fca608c 0x3fcb28ac 0x3fca6084 0x00000018 0x00000000 0x00000000
3fcb28d0: 0x3fcb28ac 0x00000000 0x00000001 0x3fcb089c 0x706f6f6c 0x6b736154 0x00000000 0x00000000
3fcb28f0: 0x00000000 0x3fcb2890 0x00000001 0x00000001 0x00000000 0x00000000 0x00000000 0x3fcabe44
3fcb2910: 0x3fcabeac 0x3fcabf14 0x00000000 0x00000000 0x00000001 0x00000000 0x00000000 0x00000000
3fcb2930: 0x42141012 0x00000000 0x00000000 0x00000000 0x00000000 0x00000000 0x00000000 0x00000000
3fcb2950: 0x00000000 0x00000000 0x00000000 0x00000000 0x00000000 0x00000000 0x00000000 0x00000000
3fcb2970: 0x00000000 0x00000000 0x00000000 0x00000000 0x00000000 0x00000000 0x00000000 0x00000000
3fcb2990: 0x00000000 0x00000000 0x00000000 0x00000000 0x00000000 0x00000000 0x00000000 0x00000000
3fcb29b0: 0x00000000 0x00000000 0x00000000 0x00000000 0x00000000 0x00000000 0x00000000 0x00000000
3fcb29d0: 0x00000000 0x00000000 0x00000000 0x00000000 0x00000000 0x00000000 0x00000000 0x00000000
3fcb29f0: 0x00000000 0x00000000 0x00000000 0x00000000 0xbaad5678 0x00029d05 0x3fcab794 0x3fcab794
3fcb2a10: 0x00000000 0x00000000 0x00000000 0x00000000 0x00000000 0x00000000 0x00000000 0x00000000
3fcb2a30: 0x00000000 0x00000000 0x00000000 0x00000000 0x00000000 0x00000000 0x00000000 0x00000000
3fcb2a50: 0x00000000 0x00000000 0x00000000 0x00000000 0x00000000 0x00000000 0x00000000 0x00000000
3fcb2a70: 0x00000000 0x00000000 0x00000000 0x00000000 0x00000000 0x00000000 0x00000000 0x00000000
3fcb2a90: 0x00000000 0x00000000 0x00000000 0x00000000 0x00000000 0x00000000 0x00000000 0x00000000
3fcb2ab0: 0x00000000 0x00000000 0x00000000 0x00000000 0x00000000 0x00000000 0x00000000 0x00000000
3fcb2ad0: 0x00000000 0x00000000 0x00000000 0x00000000 0x00000000 0x00000000 0x00000000 0x00000000
3fcb2af0: 0x00000000 0x00000000 0x00000000 0x00000000 0x00000000 0x00000000 0x00000000 0x00000000
3fcb2b10: 0x00000000 0x00000000 0x00000000 0x00000000 0x00000000 0x00000000 0x00000000 0x00000000
3fcb2b30: 0x00000000 0x00000000 0x00000000 0x00000000 0x00000000 0x00000000 0x00000000 0x00000000



ELF file SHA256: e3a78975f126ad0a

[INFO  machine] Restarting emulator...
Rebooting...
[INFO  machine] ROM ELF: 4468 symbols loaded
[INFO  machine] ROM ELF loaded, 15 functions patched for interception
[INFO  machine] CPU reset at ROM entry: PC=0x40000000, SP=0x3FCDE710
[INFO  machine] Emulator restarted (chip=esp32c3)
ESP-ROM:esp32c3-api1-20210207
Build:Feb  7 2021
rst:0x3 (RTC_SW_SYS_RST),boot:0x8 (SPI_FAST_FLASH_BOOT)
SPIWP:0xee
mode:DIO, clock div:1
load:0x3fcd5810,len:0x38c
load:0x403cc710,len:0x6a0
load:0x403ce710,len:0x2624
entry 0x403cc710
Guru Meditation Error: Core  0 panic'ed (Interrupt wdt timeout on CPU0). 

Core  0 register dump:
MEPC    : 0x403894a2  RA      : 0x40382b54  SP      : 0x3fcb2750  GP      : 0x3fc92000  
TP      : 0x3f825fc0  T0      : 0x7ff00100  T1      : 0x80000000  T2      : 0xffffffff  
S0/FP   : 0x3fc920c0  S1      : 0x00000000  A0      : 0x600080c4  A1      : 0x00000100  
A2      : 0x7ff00000  A3      : 0x600c0048  A4      : 0x600c004c  A5      : 0x60008000  
A6      : 0x60008018  A7      : 0x80000000  S2      : 0x00000008  S3      : 0x00000000  
S4      : 0x00000800  S5      : 0x00000001  S6      : 0x00000000  S7      : 0x00000016  
S8      : 0x00000064  S9      : 0x00000000  S10     : 0x00000000  S11     : 0x00000000  
T3      : 0x60008044  T4      : 0x00000003  T5      : 0x00000000  T6      : 0x00000000  
MSTATUS : 0x00001880  MTVEC   : 0x40380001  MCAUSE  : 0x00000018  MTVAL   : 0x00000000  
MHARTID : 0x00000000  

Stack memory:
3fcb2750: 0x00000000 0x3fcaa214 0xdff20570 0x00000001 0x00000001 0x00000140 0x00000003 0x000000a0
3fcb2770: 0x00000000 0x00000000 0x00000000 0x000001ce 0x3c168000 0x3c166000 0x00000001 0x00000001
3fcb2790: 0x00000000 0x00000c02 0x3fc920c0 0x40382c94 0x00000000 0x3fcaa214 0x00000000 0x420088a8
3fcb27b0: 0x00000000 0x00000000 0x00000001 0x00000000 0x00000000 0x00000000 0x3c166000 0x00000001
3fcb27d0: 0x3fcaa000 0x3fcaa214 0x3fc9188e 0x42008c4c 0x00000000 0x00000000 0x00000000 0x00000000
3fcb27f0: 0x00000000 0x00000000 0x00000000 0x00000000 0x3fcaa000 0x3fcaa000 0x3fca2000 0x4203eed0
3fcb2810: 0x00000000 0x00000000 0x00000000 0x00000000 0x00000000 0x00000000 0x00000000 0x00000000
3fcb2830: 0x00000000 0x00000000 0x00000000 0xfaa2cf98 0x00000000 0x00000000 0x00000000 0x00000000
3fcb2850: 0x00000000 0x3fcaa000 0x00000000 0x420961aa 0x00000000 0x00000000 0x00000000 0x4038d822
3fcb2870: 0x00000000 0x00000000 0x00000000 0x00000000 0x00000000 0xa5a5a5a5 0xa5a5a5a5 0xa5a5a5a5
3fcb2890: 0xa5a5a5a5 0xa5a5a5a5 0xa5a5a5a5 0xbaad5678 0x00000160 0xabba1234 0x00000154 0x3fcb2700
3fcb28b0: 0x00000030 0x3fca608c 0x3fca608c 0x3fcb28ac 0x3fca6084 0x00000018 0x00000000 0x00000000
3fcb28d0: 0x3fcb28ac 0x00000000 0x00000001 0x3fcb089c 0x706f6f6c 0x6b736154 0x00000000 0x00000000
3fcb28f0: 0x00000000 0x3fcb2890 0x00000001 0x00000001 0x00000000 0x00000000 0x00000000 0x3fcabe44
3fcb2910: 0x3fcabeac 0x3fcabf14 0x00000000 0x00000000 0x00000001 0x00000000 0x00000000 0x00000000
3fcb2930: 0x42141012 0x00000000 0x00000000 0x00000000 0x00000000 0x00000000 0x00000000 0x00000000
3fcb2950: 0x00000000 0x00000000 0x00000000 0x00000000 0x00000000 0x00000000 0x00000000 0x00000000
3fcb2970: 0x00000000 0x00000000 0x00000000 0x00000000 0x00000000 0x00000000 0x00000000 0x00000000
3fcb2990: 0x00000000 0x00000000 0x00000000 0x00000000 0x00000000 0x00000000 0x00000000 0x00000000
3fcb29b0: 0x00000000 0x00000000 0x00000000 0x00000000 0x00000000 0x00000000 0x00000000 0x00000000
3fcb29d0: 0x00000000 0x00000000 0x00000000 0x00000000 0x00000000 0x00000000 0x00000000 0x00000000
3fcb29f0: 0x00000000 0x00000000 0x00000000 0x00000000 0xbaad5678 0x00029d05 0x3fcab794 0x3fcab794
3fcb2a10: 0x00000000 0x00000000 0x00000000 0x00000000 0x00000000 0x00000000 0x00000000 0x00000000
3fcb2a30: 0x00000000 0x00000000 0x00000000 0x00000000 0x00000000 0x00000000 0x00000000 0x00000000
3fcb2a50: 0x00000000 0x00000000 0x00000000 0x00000000 0x00000000 0x00000000 0x00000000 0x00000000
3fcb2a70: 0x00000000 0x00000000 0x00000000 0x00000000 0x00000000 0x00000000 0x00000000 0x00000000
3fcb2a90: 0x00000000 0x00000000 0x00000000 0x00000000 0x00000000 0x00000000 0x00000000 0x00000000
3fcb2ab0: 0x00000000 0x00000000 0x00000000 0x00000000 0x00000000 0x00000000 0x00000000 0x00000000
3fcb2ad0: 0x00000000 0x00000000 0x00000000 0x00000000 0x00000000 0x00000000 0x00000000 0x00000000
3fcb2af0: 0x00000000 0x00000000 0x00000000 0x00000000 0x00000000 0x00000000 0x00000000 0x00000000
3fcb2b10: 0x00000000 0x00000000 0x00000000 0x00000000 0x00000000 0x00000000 0x00000000 0x00000000
3fcb2b30: 0x00000000 0x00000000 0x00000000 0x00000000 0x00000000 0x00000000 0x00000000 0x00000000



ELF file SHA256: e3a78975f126ad0a

Rebooting...
[INFO  machine] Restarting emulator...
[INFO  machine] ROM ELF: 4468 symbols loaded
[INFO  machine] ROM ELF loaded, 15 functions patched for interception
[INFO  machine] CPU reset at ROM entry: PC=0x40000000, SP=0x3FCDE710
[INFO  machine] Emulator restarted (chip=esp32c3)
ESP-ROM:esp32c3-api1-20210207
Build:Feb  7 2021
rst:0x3 (RTC_SW_SYS_RST),boot:0x8 (SPI_FAST_FLASH_BOOT)
SPIWP:0xee
mode:DIO, clock div:1
load:0x3fcd5810,len:0x38c
load:0x403cc710,len:0x6a0
load:0x403ce710,len:0x2624
entry 0x403cc710
Guru Meditation Error: Core  0 panic'ed (Interrupt wdt timeout on CPU0). 

Core  0 register dump:
MEPC    : 0x403894a2  RA      : 0x40382b54  SP      : 0x3fcb2750  GP      : 0x3fc92000  
TP      : 0x3f825fc0  T0      : 0x7ff00100  T1      : 0x80000000  T2      : 0xffffffff  
S0/FP   : 0x3fc920c0  S1      : 0x00000000  A0      : 0x600080c4  A1      : 0x00000100  
A2      : 0x7ff00000  A3      : 0x600c0048  A4      : 0x600c004c  A5      : 0x60008000  
A6      : 0x60008018  A7      : 0x80000000  S2      : 0x00000008  S3      : 0x00000000  
S4      : 0x00000800  S5      : 0x00000001  S6      : 0x00000000  S7      : 0x00000016  
S8      : 0x00000064  S9      : 0x00000000  S10     : 0x00000000  S11     : 0x00000000  
T3      : 0x60008044  T4      : 0x00000003  T5      : 0x00000000  T6      : 0x00000000  
MSTATUS : 0x00001880  MTVEC   : 0x40380001  MCAUSE  : 0x00000018  MTVAL   : 0x00000000  
MHARTID : 0x00000000  

Stack memory:
3fcb2750: 0x00000000 0x3fcaa214 0xdff20570 0x00000001 0x00000001 0x00000140 0x00000003 0x000000a0
3fcb2770: 0x00000000 0x00000000 0x00000000 0x000001ce 0x3c168000 0x3c166000 0x00000001 0x00000001
3fcb2790: 0x00000000 0x00000c02 0x3fc920c0 0x40382c94 0x00000000 0x3fcaa214 0x00000000 0x420088a8
3fcb27b0: 0x00000000 0x00000000 0x00000001 0x00000000 0x00000000 0x00000000 0x3c166000 0x00000001
3fcb27d0: 0x3fcaa000 0x3fcaa214 0x3fc9188e 0x42008c4c 0x00000000 0x00000000 0x00000000 0x00000000
3fcb27f0: 0x00000000 0x00000000 0x00000000 0x00000000 0x3fcaa000 0x3fcaa000 0x3fca2000 0x4203eed0
3fcb2810: 0x00000000 0x00000000 0x00000000 0x00000000 0x00000000 0x00000000 0x00000000 0x00000000
3fcb2830: 0x00000000 0x00000000 0x00000000 0x43095c83 0x00000000 0x00000000 0x00000000 0x00000000
3fcb2850: 0x00000000 0x3fcaa000 0x00000000 0x420961aa 0x00000000 0x00000000 0x00000000 0x4038d822
3fcb2870: 0x00000000 0x00000000 0x00000000 0x00000000 0x00000000 0xa5a5a5a5 0xa5a5a5a5 0xa5a5a5a5
3fcb2890: 0xa5a5a5a5 0xa5a5a5a5 0xa5a5a5a5 0xbaad5678 0x00000160 0xabba1234 0x00000154 0x3fcb2700
3fcb28b0: 0x00000030 0x3fca608c 0x3fca608c 0x3fcb28ac 0x3fca6084 0x00000018 0x00000000 0x00000000
3fcb28d0: 0x3fcb28ac 0x00000000 0x00000001 0x3fcb089c 0x706f6f6c 0x6b736154 0x00000000 0x00000000
3fcb28f0: 0x00000000 0x3fcb2890 0x00000001 0x00000001 0x00000000 0x00000000 0x00000000 0x3fcabe44
3fcb2910: 0x3fcabeac 0x3fcabf14 0x00000000 0x00000000 0x00000001 0x00000000 0x00000000 0x00000000
3fcb2930: 0x42141012 0x00000000 0x00000000 0x00000000 0x00000000 0x00000000 0x00000000 0x00000000
3fcb2950: 0x00000000 0x00000000 0x00000000 0x00000000 0x00000000 0x00000000 0x00000000 0x00000000
3fcb2970: 0x00000000 0x00000000 0x00000000 0x00000000 0x00000000 0x00000000 0x00000000 0x00000000
3fcb2990: 0x00000000 0x00000000 0x00000000 0x00000000 0x00000000 0x00000000 0x00000000 0x00000000
3fcb29b0: 0x00000000 0x00000000 0x00000000 0x00000000 0x00000000 0x00000000 0x00000000 0x00000000
3fcb29d0: 0x00000000 0x00000000 0x00000000 0x00000000 0x00000000 0x00000000 0x00000000 0x00000000
3fcb29f0: 0x00000000 0x00000000 0x00000000 0x00000000 0xbaad5678 0x00029d05 0x3fcab794 0x3fcab794
3fcb2a10: 0x00000000 0x00000000 0x00000000 0x00000000 0x00000000 0x00000000 0x00000000 0x00000000
3fcb2a30: 0x00000000 0x00000000 0x00000000 0x00000000 0x00000000 0x00000000 0x00000000 0x00000000
3fcb2a50: 0x00000000 0x00000000 0x00000000 0x00000000 0x00000000 0x00000000 0x00000000 0x00000000
3fcb2a70: 0x00000000 0x00000000 0x00000000 0x00000000 0x00000000 0x00000000 0x00000000 0x00000000
3fcb2a90: 0x00000000 0x00000000 0x00000000 0x00000000 0x00000000 0x00000000 0x00000000 0x00000000
3fcb2ab0: 0x00000000 0x00000000 0x00000000 0x00000000 0x00000000 0x00000000 0x00000000 0x00000000
3fcb2ad0: 0x00000000 0x00000000 0x00000000 0x00000000 0x00000000 0x00000000 0x00000000 0x00000000
3fcb2af0: 0x00000000 0x00000000 0x00000000 0x00000000 0x00000000 0x00000000 0x00000000 0x00000000
3fcb2b10: 0x00000000 0x00000000 0x00000000 0x00000000 0x00000000 0x00000000 0x00000000 0x00000000
3fcb2b30: 0x00000000 0x00000000 0x00000000 0x00000000 0x00000000 0x00000000 0x00000000 0x00000000



ELF file SHA256: e3a78975f126ad0a

Rebooting...
[INFO  machine] Restarting emulator...
[INFO  machine] ROM ELF: 4468 symbols loaded
[INFO  machine] ROM ELF loaded, 15 functions patched for interception
[INFO  machine] CPU reset at ROM entry: PC=0x40000000, SP=0x3FCDE710
[INFO  machine] Emulator restarted (chip=esp32c3)
ESP-ROM:esp32c3-api1-20210207
Build:Feb  7 2021
rst:0x3 (RTC_SW_SYS_RST),boot:0x8 (SPI_FAST_FLASH_BOOT)
SPIWP:0xee
mode:DIO, clock div:1
load:0x3fcd5810,len:0x38c
load:0x403cc710,len:0x6a0
load:0x403ce710,len:0x2624
entry 0x403cc710
Guru Meditation Error: Core  0 panic'ed (Interrupt wdt timeout on CPU0). 

Core  0 register dump:
MEPC    : 0x403894a2  RA      : 0x40382b54  SP      : 0x3fcb2750  GP      : 0x3fc92000  
TP      : 0x3f825fc0  T0      : 0x7ff00100  T1      : 0x80000000  T2      : 0xffffffff  
S0/FP   : 0x3fc920c0  S1      : 0x00000000  A0      : 0x600080c4  A1      : 0x00000100  
A2      : 0x7ff00000  A3      : 0x600c0048  A4      : 0x600c004c  A5      : 0x60008000  
A6      : 0x60008018  A7      : 0x80000000  S2      : 0x00000008  S3      : 0x00000000  
S4      : 0x00000800  S5      : 0x00000001  S6      : 0x00000000  S7      : 0x00000016  
S8      : 0x00000064  S9      : 0x00000000  S10     : 0x00000000  S11     : 0x00000000  
T3      : 0x60008044  T4      : 0x00000003  T5      : 0x00000000  T6      : 0x00000000  
MSTATUS : 0x00001880  MTVEC   : 0x40380001  MCAUSE  : 0x00000018  MTVAL   : 0x00000000  
MHARTID : 0x00000000  

Stack memory:
3fcb2750: 0x00000000 0x3fcaa214 0xdff20570 0x00000001 0x00000001 0x00000140 0x00000003 0x000000a0
3fcb2770: 0x00000000 0x00000000 0x00000001 0x000001ce 0x3c168000 0x3c166000 0x00000001 0x00000001
3fcb2790: 0x00000000 0x00000c02 0x3fc920c0 0x40382c94 0x00000000 0x3fcaa214 0x00000000 0x420088a8
3fcb27b0: 0x00000000 0x00000000 0x00000001 0x00000000 0x00000000 0x00000000 0x3c166000 0x00000001
3fcb27d0: 0x3fcaa000 0x3fcaa214 0x3fc9188e 0x42008c4c 0x00000000 0x00000000 0x00000000 0x00000000
3fcb27f0: 0x00000000 0x00000000 0x00000000 0x00000000 0x3fcaa000 0x3fcaa000 0x3fca2000 0x4203eed0
3fcb2810: 0x00000000 0x00000000 0x00000000 0x00000000 0x00000000 0x00000000 0x00000000 0x00000000
3fcb2830: 0x00000000 0x00000000 0x00000000 0xaf14b619 0x00000000 0x00000000 0x00000000 0x00000000
3fcb2850: 0x00000000 0x3fcaa000 0x00000000 0x420961aa 0x00000000 0x00000000 0x00000000 0x4038d822
3fcb2870: 0x00000000 0x00000000 0x00000000 0x00000000 0x00000000 0xa5a5a5a5 0xa5a5a5a5 0xa5a5a5a5
3fcb2890: 0xa5a5a5a5 0xa5a5a5a5 0xa5a5a5a5 0xbaad5678 0x00000160 0xabba1234 0x00000154 0x3fcb2700
3fcb28b0: 0x00000030 0x3fca608c 0x3fca608c 0x3fcb28ac 0x3fca6084 0x00000018 0x00000000 0x00000000
3fcb28d0: 0x3fcb28ac 0x00000000 0x00000001 0x3fcb089c 0x706f6f6c 0x6b736154 0x00000000 0x00000000
3fcb28f0: 0x00000000 0x3fcb2890 0x00000001 0x00000001 0x00000000 0x00000000 0x00000000 0x3fcabe44
3fcb2910: 0x3fcabeac 0x3fcabf14 0x00000000 0x00000000 0x00000001 0x00000000 0x00000000 0x00000000
3fcb2930: 0x42141012 0x00000000 0x00000000 0x00000000 0x00000000 0x00000000 0x00000000 0x00000000
3fcb2950: 0x00000000 0x00000000 0x00000000 0x00000000 0x00000000 0x00000000 0x00000000 0x00000000
3fcb2970: 0x00000000 0x00000000 0x00000000 0x00000000 0x00000000 0x00000000 0x00000000 0x00000000
3fcb2990: 0x00000000 0x00000000 0x00000000 0x00000000 0x00000000 0x00000000 0x00000000 0x00000000
3fcb29b0: 0x00000000 0x00000000 0x00000000 0x00000000 0x00000000 0x00000000 0x00000000 0x00000000
3fcb29d0: 0x00000000 0x00000000 0x00000000 0x00000000 0x00000000 0x00000000 0x00000000 0x00000000
3fcb29f0: 0x00000000 0x00000000 0x00000000 0x00000000 0xbaad5678 0x00029d05 0x3fcab794 0x3fcab794
3fcb2a10: 0x00000000 0x00000000 0x00000000 0x00000000 0x00000000 0x00000000 0x00000000 0x00000000
3fcb2a30: 0x00000000 0x00000000 0x00000000 0x00000000 0x00000000 0x00000000 0x00000000 0x00000000
3fcb2a50: 0x00000000 0x00000000 0x00000000 0x00000000 0x00000000 0x00000000 0x00000000 0x00000000
3fcb2a70: 0x00000000 0x00000000 0x00000000 0x00000000 0x00000000 0x00000000 0x00000000 0x00000000
3fcb2a90: 0x00000000 0x00000000 0x00000000 0x00000000 0x00000000 0x00000000 0x00000000 0x00000000
3fcb2ab0: 0x00000000 0x00000000 0x00000000 0x00000000 0x00000000 0x00000000 0x00000000 0x00000000
3fcb2ad0: 0x00000000 0x00000000 0x00000000 0x00000000 0x00000000 0x00000000 0x00000000 0x00000000
3fcb2af0: 0x00000000 0x00000000 0x00000000 0x00000000 0x00000000 0x00000000 0x00000000 0x00000000
3fcb2b10: 0x00000000 0x00000000 0x00000000 0x00000000 0x00000000 0x00000000 0x00000000 0x00000000
3fcb2b30: 0x00000000 0x00000000 0x00000000 0x00000000 0x00000000 0x00000000 0x00000000 0x00000000



ELF file SHA256: e3a78975f126ad0a

[INFO  machine] Restarting emulator...
Rebooting...
[INFO  machine] ROM ELF: 4468 symbols loaded
[INFO  machine] ROM ELF loaded, 15 functions patched for interception
[INFO  machine] CPU reset at ROM entry: PC=0x40000000, SP=0x3FCDE710
[INFO  machine] Emulator restarted (chip=esp32c3)
ESP-ROM:esp32c3-api1-20210207
Build:Feb  7 2021
rst:0x3 (RTC_SW_SYS_RST),boot:0x8 (SPI_FAST_FLASH_BOOT)
SPIWP:0xee
mode:DIO, clock div:1
load:0x3fcd5810,len:0x38c
load:0x403cc710,len:0x6a0
load:0x403ce710,len:0x2624
entry 0x403cc710
Guru Meditation Error: Core  0 panic'ed (Interrupt wdt timeout on CPU0). 

Core  0 register dump:
MEPC    : 0x403894a2  RA      : 0x40382b54  SP      : 0x3fcb2750  GP      : 0x3fc92000  
TP      : 0x3f825fc0  T0      : 0x7ff00100  T1      : 0x80000000  T2      : 0xffffffff  
S0/FP   : 0x3fc920c0  S1      : 0x00000000  A0      : 0x600080c4  A1      : 0x00000100  
A2      : 0x7ff00000  A3      : 0x600c0048  A4      : 0x600c004c  A5      : 0x60008000  
A6      : 0x60008018  A7      : 0x80000000  S2      : 0x00000008  S3      : 0x00000000  
S4      : 0x00000800  S5      : 0x00000001  S6      : 0x00000000  S7      : 0x00000016  
S8      : 0x00000064  S9      : 0x00000000  S10     : 0x00000000  S11     : 0x00000000  
T3      : 0x60008044  T4      : 0x00000003  T5      : 0x00000000  T6      : 0x00000000  
MSTATUS : 0x00001880  MTVEC   : 0x40380001  MCAUSE  : 0x00000018  MTVAL   : 0x00000000  
MHARTID : 0x00000000  

Stack memory:
3fcb2750: 0x00000000 0x3fcaa214 0xdff20570 0x00000001 0x00000001 0x00000140 0x00000003 0x000000a0
3fcb2770: 0x00000000 0x00000000 0x00000001 0x000001ce 0x3c168000 0x3c166000 0x00000001 0x00000001
3fcb2790: 0x00000000 0x00000c02 0x3fc920c0 0x40382c94 0x00000000 0x3fcaa214 0x00000000 0x420088a8
3fcb27b0: 0x00000000 0x00000000 0x00000001 0x00000000 0x00000000 0x00000000 0x3c166000 0x00000001
3fcb27d0: 0x3fcaa000 0x3fcaa214 0x3fc9188e 0x42008c4c 0x00000000 0x00000000 0x00000000 0x00000000
3fcb27f0: 0x00000000 0x00000000 0x00000000 0x00000000 0x3fcaa000 0x3fcaa000 0x3fca2000 0x4203eed0
3fcb2810: 0x00000000 0x00000000 0x00000000 0x00000000 0x00000000 0x00000000 0x00000000 0x00000000
3fcb2830: 0x00000000 0x00000000 0x00000000 0x64ef799d 0x00000000 0x00000000 0x00000000 0x00000000
3fcb2850: 0x00000000 0x3fcaa000 0x00000000 0x420961aa 0x00000000 0x00000000 0x00000000 0x4038d822
3fcb2870: 0x00000000 0x00000000 0x00000000 0x00000000 0x00000000 0xa5a5a5a5 0xa5a5a5a5 0xa5a5a5a5
3fcb2890: 0xa5a5a5a5 0xa5a5a5a5 0xa5a5a5a5 0xbaad5678 0x00000160 0xabba1234 0x00000154 0x3fcb2700
3fcb28b0: 0x00000030 0x3fca608c 0x3fca608c 0x3fcb28ac 0x3fca6084 0x00000018 0x00000000 0x00000000
3fcb28d0: 0x3fcb28ac 0x00000000 0x00000001 0x3fcb089c 0x706f6f6c 0x6b736154 0x00000000 0x00000000
3fcb28f0: 0x00000000 0x3fcb2890 0x00000001 0x00000001 0x00000000 0x00000000 0x00000000 0x3fcabe44
3fcb2910: 0x3fcabeac 0x3fcabf14 0x00000000 0x00000000 0x00000001 0x00000000 0x00000000 0x00000000
3fcb2930: 0x42141012 0x00000000 0x00000000 0x00000000 0x00000000 0x00000000 0x00000000 0x00000000
3fcb2950: 0x00000000 0x00000000 0x00000000 0x00000000 0x00000000 0x00000000 0x00000000 0x00000000
3fcb2970: 0x00000000 0x00000000 0x00000000 0x00000000 0x00000000 0x00000000 0x00000000 0x00000000
3fcb2990: 0x00000000 0x00000000 0x00000000 0x00000000 0x00000000 0x00000000 0x00000000 0x00000000
3fcb29b0: 0x00000000 0x00000000 0x00000000 0x00000000 0x00000000 0x00000000 0x00000000 0x00000000
3fcb29d0: 0x00000000 0x00000000 0x00000000 0x00000000 0x00000000 0x00000000 0x00000000 0x00000000
3fcb29f0: 0x00000000 0x00000000 0x00000000 0x00000000 0xbaad5678 0x00029d05 0x3fcab794 0x3fcab794
3fcb2a10: 0x00000000 0x00000000 0x00000000 0x00000000 0x00000000 0x00000000 0x00000000 0x00000000
3fcb2a30: 0x00000000 0x00000000 0x00000000 0x00000000 0x00000000 0x00000000 0x00000000 0x00000000
3fcb2a50: 0x00000000 0x00000000 0x00000000 0x00000000 0x00000000 0x00000000 0x00000000 0x00000000
3fcb2a70: 0x00000000 0x00000000 0x00000000 0x00000000 0x00000000 0x00000000 0x00000000 0x00000000
3fcb2a90: 0x00000000 0x00000000 0x00000000 0x00000000 0x00000000 0x00000000 0x00000000 0x00000000
3fcb2ab0: 0x00000000 0x00000000 0x00000000 0x00000000 0x00000000 0x00000000 0x00000000 0x00000000
3fcb2ad0: 0x00000000 0x00000000 0x00000000 0x00000000 0x00000000 0x00000000 0x00000000 0x00000000
3fcb2af0: 0x00000000 0x00000000 0x00000000 0x00000000 0x00000000 0x00000000 0x00000000 0x00000000
3fcb2b10: 0x00000000 0x00000000 0x00000000 0x00000000 0x00000000 0x00000000 0x00000000 0x00000000
3fcb2b30: 0x00000000 0x00000000 0x00000000 0x00000000 0x00000000 0x00000000 0x00000000 0x00000000



ELF file SHA256: e3a78975f126ad0a

Rebooting...
[INFO  machine] Restarting emulator...
[INFO  machine] ROM ELF: 4468 symbols loaded
[INFO  machine] ROM ELF loaded, 15 functions patched for interception
[INFO  machine] CPU reset at ROM entry: PC=0x40000000, SP=0x3FCDE710
[INFO  machine] Emulator restarted (chip=esp32c3)
ESP-ROM:esp32c3-api1-20210207
Build:Feb  7 2021
rst:0x3 (RTC_SW_SYS_RST),boot:0x8 (SPI_FAST_FLASH_BOOT)
SPIWP:0xee
mode:DIO, clock div:1
load:0x3fcd5810,len:0x38c
load:0x403cc710,len:0x6a0
load:0x403ce710,len:0x2624
entry 0x403cc710
[INFO  esp_emu] Timeout reached after 10.001690214s
