Processing base (platform: https://github.com/pioarduino/platform-espressif32/releases/download/55.03.311/platform-espressif32.zip; board: esp32-c3-devkitm-1; framework: arduino)
--------------------------------------------------------------------------------
Verbose mode can be enabled via `-v, --verbose` option
CONFIGURATION: https://docs.platformio.org/page/boards/espressif32/esp32-c3-devkitm-1.html
PLATFORM: Espressif 32 (55.3.311) > Espressif ESP32-C3-DevKitM-1
HARDWARE: ESP32C3 160MHz, 320KB RAM, 4MB Flash
DEBUG: Current (cmsis-dap) External (cmsis-dap, esp-bridge, esp-builtin, esp-prog, esp-prog-2, iot-bus-jtag, jlink, minimodule, olimex-arm-usb-ocd, olimex-arm-usb-ocd-h, olimex-arm-usb-tiny-h, olimex-jtag-tiny, tumpa)
PACKAGES: 
 - contrib-piohome @ 3.4.4 
 - framework-arduinoespressif32 @ 3.3.11 
 - framework-arduinoespressif32-libs @ 5.5.5+sha.b774170ff46 
 - tool-esptoolpy @ 5.3.0 
 - tool-riscv32-esp-elf-gdb @ 17.1.0+20260402 
 - toolchain-riscv32-esp @ 14.2.0+20260121
LDF: Library Dependency Finder -> https://bit.ly/configure-pio-ldf
LDF Modes: Finder ~ chain, Compatibility ~ soft
Found 44 compatible libraries
Scanning dependencies...
No dependencies
Building in release mode
Compiling .pio/build/base/src/main.cpp.o
Linking .pio/build/base/firmware.elf
                            Memory Type Usage Summary                             
┏━━━━━━━━━━━━━━━━━━━━━┳━━━━━━━━━━━━━━┳━━━━━━━━━━┳━━━━━━━━━━━━━━━━┳━━━━━━━━━━━━━━━┓
┃ Memory Type/Section ┃ Used [bytes] ┃ Used [%] ┃ Remain [bytes] ┃ Total [bytes] ┃
┡━━━━━━━━━━━━━━━━━━━━━╇━━━━━━━━━━━━━━╇━━━━━━━━━━╇━━━━━━━━━━━━━━━━╇━━━━━━━━━━━━━━━┩
│ Flash Code          │       165344 │          │                │               │
│    .text            │       165344 │          │                │               │
│ Flash Data          │        69512 │          │                │               │
│    .rodata          │        57644 │          │                │               │
│    .eh_frame        │        11340 │          │                │               │
│    .init_array      │          272 │          │                │               │
│    .appdesc         │          256 │          │                │               │
│ DRAM                │        65798 │    20.48 │         255498 │        321296 │
│    .text            │        51528 │    16.04 │                │               │
│    .bss             │         7152 │     2.23 │                │               │
│    .data            │         7118 │     2.22 │                │               │
└─────────────────────┴──────────────┴──────────┴────────────────┴───────────────┘
Total image size: 293502 bytes (.bin may be padded larger)
Note: The reported total sizes may be smaller than those in the technical reference manual due to reserved memory and application configuration. The total flash size available for the application is not included by default, as it cannot be reliably determined due to the presence of other data like the bootloader, partition table, and application partition size.
Retrieving maximum program size .pio/build/base/firmware.elf
Checking size .pio/build/base/firmware.elf
Advanced Memory Usage is available via "PlatformIO Home > Project Inspect"
RAM:   [          ]   4.4% (used 14272 bytes from 327680 bytes)
Flash: [==        ]  21.5% (used 281634 bytes from 1310720 bytes)
Building .pio/build/base/firmware.bin
esptool v5.3.0
Creating ESP32-C3 image...
Merged 3 ELF sections.
Successfully created ESP32-C3 image.
Creating binary "firmware.factory.bin" with:
    Offset   | File
 -  0x0000   | bootloader.bin
 -  0x8000   | partitions.bin
 -  0xe000   | boot_app0.bin
 -  0x10000  | firmware.bin
Successfully created combined binary image.
========================= [SUCCESS] Took 5.11 seconds =========================

Processing head (platform: https://github.com/pioarduino/platform-espressif32/releases/download/55.03.311/platform-espressif32.zip; board: esp32-c3-devkitm-1; framework: arduino)
--------------------------------------------------------------------------------
Verbose mode can be enabled via `-v, --verbose` option
CONFIGURATION: https://docs.platformio.org/page/boards/espressif32/esp32-c3-devkitm-1.html
PLATFORM: Espressif 32 (55.3.311) > Espressif ESP32-C3-DevKitM-1
HARDWARE: ESP32C3 160MHz, 320KB RAM, 4MB Flash
DEBUG: Current (cmsis-dap) External (cmsis-dap, esp-bridge, esp-builtin, esp-prog, esp-prog-2, iot-bus-jtag, jlink, minimodule, olimex-arm-usb-ocd, olimex-arm-usb-ocd-h, olimex-arm-usb-tiny-h, olimex-jtag-tiny, tumpa)
PACKAGES: 
 - contrib-piohome @ 3.4.4 
 - framework-arduinoespressif32 @ 3.3.11 
 - framework-arduinoespressif32-libs @ 5.5.5+sha.b774170ff46 
 - tool-esptoolpy @ 5.3.0 
 - tool-riscv32-esp-elf-gdb @ 17.1.0+20260402 
 - toolchain-riscv32-esp @ 14.2.0+20260121
LDF: Library Dependency Finder -> https://bit.ly/configure-pio-ldf
LDF Modes: Finder ~ chain, Compatibility ~ soft
Found 44 compatible libraries
Scanning dependencies...
No dependencies
Building in release mode
Compiling .pio/build/head/src/main.cpp.o
Linking .pio/build/head/firmware.elf
                            Memory Type Usage Summary                             
┏━━━━━━━━━━━━━━━━━━━━━┳━━━━━━━━━━━━━━┳━━━━━━━━━━┳━━━━━━━━━━━━━━━━┳━━━━━━━━━━━━━━━┓
┃ Memory Type/Section ┃ Used [bytes] ┃ Used [%] ┃ Remain [bytes] ┃ Total [bytes] ┃
┡━━━━━━━━━━━━━━━━━━━━━╇━━━━━━━━━━━━━━╇━━━━━━━━━━╇━━━━━━━━━━━━━━━━╇━━━━━━━━━━━━━━━┩
│ Flash Code          │       165114 │          │                │               │
│    .text            │       165114 │          │                │               │
│ Flash Data          │        69448 │          │                │               │
│    .rodata          │        57656 │          │                │               │
│    .eh_frame        │        11264 │          │                │               │
│    .init_array      │          272 │          │                │               │
│    .appdesc         │          256 │          │                │               │
│ DRAM                │        65798 │    20.48 │         255498 │        321296 │
│    .text            │        51528 │    16.04 │                │               │
│    .bss             │         7152 │     2.23 │                │               │
│    .data            │         7118 │     2.22 │                │               │
└─────────────────────┴──────────────┴──────────┴────────────────┴───────────────┘
Total image size: 293208 bytes (.bin may be padded larger)
Note: The reported total sizes may be smaller than those in the technical reference manual due to reserved memory and application configuration. The total flash size available for the application is not included by default, as it cannot be reliably determined due to the presence of other data like the bootloader, partition table, and application partition size.
Retrieving maximum program size .pio/build/head/firmware.elf
Checking size .pio/build/head/firmware.elf
Advanced Memory Usage is available via "PlatformIO Home > Project Inspect"
RAM:   [          ]   4.4% (used 14272 bytes from 327680 bytes)
Flash: [==        ]  21.5% (used 281416 bytes from 1310720 bytes)
Building .pio/build/head/firmware.bin
esptool v5.3.0
Creating ESP32-C3 image...
Merged 3 ELF sections.
Successfully created ESP32-C3 image.
Creating binary "firmware.factory.bin" with:
    Offset   | File
 -  0x0000   | bootloader.bin
 -  0x8000   | partitions.bin
 -  0xe000   | boot_app0.bin
 -  0x10000  | firmware.bin
Successfully created combined binary image.
========================= [SUCCESS] Took 5.24 seconds =========================

Environment    Status    Duration
-------------  --------  ------------
base           SUCCESS   00:00:05.111
head           SUCCESS   00:00:05.242
========================= 2 succeeded in 00:00:10.353 =========================
