The target architecture is set to "riscv:rv32".
warning: No executable has been specified and target does not support
determining executable automatically.  Try using the "file" command.
0x40000000 in ?? ()
Hardware assisted breakpoint 1 at 0x420973e0

Breakpoint 1, 0x420973e0 in ?? ()
ra             0x42008c3e	0x42008c3e
sp             0x3fcb27e0	0x3fcb27e0
gp             0x3fc92000	0x3fc92000
tp             0x3f825fc0	0x3f825fc0
t0             0x4005890e	1074104590
t1             0x52000000	1375731712
t2             0xffffffff	-1
fp             0x3fc9188e	0x3fc9188e
s1             0x3fcaa214	1070244372
a0             0x3	3
a1             0x0	0
a2             0x0	0
a3             0x1ce	462
a4             0x1ce	462
a5             0x52000000	1375731712
a6             0xfa000000	-100663296
a7             0x3	3
s2             0x3fcaa000	1070243840
s3             0x1	1
s4             0x3c166000	1008099328
s5             0x3c166000	1008099328
s6             0x3c168000	1008107520
s7             0x1ce	462
s8             0x64	100
s9             0x0	0
s10            0x0	0
s11            0x0	0
t3             0x1c	28
t4             0x0	0
t5             0x0	0
t6             0x0	0
pc             0x420973e0	0x420973e0
=> 0x420973e0:	lw	a5,-756(gp)
   0x420973e4:	lui	a4,0x4000
   0x420973e8:	addi	a4,a4,-1
   0x420973ea:	lw	a5,0(a5)
   0x420973ec:	lw	a5,60(a5)
   0x420973ee:	and	a5,a5,a4
   0x420973f0:	sra	a0,a5,a0
   0x420973f4:	andi	a0,a0,1
   0x420973f6:	ret
   0x420973f8:	addi	sp,sp,-48
   0x420973fa:	sw	s3,28(sp)
   0x420973fc:	sw	s8,8(sp)
0x600c0040:	0xfffffffd	0xffffffff	0xffffffff	0xffffffff
0x600c0050:	0xffffffff	0xffffffff	0x00028400	0xffffffff
0x6000403c:	0xffffffff	0x00000000	0x00000000	0x00000000
a0             0x3	3
ra             0x42008c3e	0x42008c3e
   0x42008c16:	.insn	4, 0x4783c4af
   0x42008c1a:	.insn	2, 0x0004
   0x42008c1c:	beqz	a5,0x42008c6c
   0x42008c1e:	lw	a5,0(s1)
   0x42008c20:	lui	a4,0x50000
   0x42008c24:	lw	a4,32(a4)
   0x42008c28:	andi	a5,a5,2
   0x42008c2a:	or	a5,a5,a4
   0x42008c2c:	bnez	a5,0x42008c6c
   0x42008c2e:	jal	0x4209523a
   0x42008c32:	mv	s7,a0
   0x42008c34:	li	s8,100
   0x42008c38:	li	a0,3
   0x42008c3a:	jal	0x42094fd8
   0x42008c3e:	beqz	a0,0x42008c4c
   0x42008c40:	li	a3,0
   0x42008c42:	li	a2,1
   0x42008c44:	li	a0,0
   0x42008c46:	li	a1,0
   0x42008c48:	jal	0x420087d0
   0x42008c4c:	jal	0x4209523a
   0x42008c50:	lbu	a5,0(s0)
   0x42008c54:	sub	a0,a0,s7
   0x42008c58:	mul	a5,a5,s8
   0x42008c5c:	bltu	a5,a0,0x42008c6e
   0x42008c60:	li	a0,5
   0x42008c62:	auipc	ra,0xfe384
   0x42008c66:	jalr	172(ra)
   0x42008c6a:	j	0x42008c38
   0x42008c6c:	li	s3,0
[Inferior 1 (Remote target) detached]
