The target architecture is set to "riscv:rv32".
warning: No executable has been specified and target does not support
determining executable automatically.  Try using the "file" command.
0x420a1cae in ?? ()
ra             0x420a1ca0	0x420a1ca0
sp             0x3fcb2730	0x3fcb2730
gp             0x3fc92000	0x3fc92000
tp             0x3f825fc0	0x3f825fc0
t0             0x4005890e	1074104590
t1             0x40038e56	1073974870
t2             0xffffffff	-1
fp             0x60040000	0x60040000
s1             0x0	0
a0             0x1e0	480
a1             0xe1ffffff	-503316481
a2             0x3fcb276c	1070278508
a3             0xffff807f	-32641
a4             0x20000000	536870912
a5             0x0	0
a6             0xbfffffff	-1073741825
a7             0x80000000	-2147483648
s2             0x80000000	-2147483648
s3             0x3fcaa000	1070243840
s4             0x1	1
s5             0x3c166000	1008099328
s6             0x3c168000	1008107520
s7             0x3fcaa214	1070244372
s8             0x0	0
s9             0x0	0
s10            0x0	0
s11            0x0	0
t3             0x1c	28
t4             0x0	0
t5             0x0	0
t6             0x0	0
pc             0x420a1cae	0x420a1cae
=> 0x420a1cae:	and	a5,s2,a5
   0x420a1cb2:	beqz	a5,0x420a1cac
   0x420a1cb4:	bnez	s1,0x420a1cec
   0x420a1cb6:	lw	a5,44(s0)
   0x420a1cb8:	lui	a4,0x20
   0x420a1cbc:	addi	a4,a4,-1
   0x420a1cbe:	and	a5,a5,a4
   0x420a1cc0:	lui	a4,0x1
   0x420a1cc2:	addi	a4,a4,-1
   0x420a1cc4:	and	a5,a5,a4
   0x420a1cc6:	sw	a5,0(a2)
   0x420a1cc8:	lw	a5,32(s0)
0x600c0040:	0x00000000	0x00000000	0x00000000	0x00000000
0x600c0050:	0x00000000	0x00000000	0x000a8401	0x00000000
0x6000403c:	0x00000000	0x00000000	0x00000000	0x00000000
0x403859f4:	0x05	0x00	0x89	0x0a	0x83	0xa7	0xc7	0x0b
0x42000020:	0x82	0x80	0x01	0x45	0x82	0x80	0x82	0x80
0x3fcb2730:	0x00000000	0x00000007	0x00000000	0x3fcb276c
0x3fcb2740:	0x00000004	0x00000006	0x00000080	0x0000000f
0x3fcb2750:	0x00000001	0x60040000	0x01800000	0x42098ce4
0x3fcb2760:	0x00000000	0x00000000	0x00000003	0x00000000
[Inferior 1 (process 1) detached]
