[415] [DBG] [UI] Using Lyra theme
[670] [INF] [HW] Xteink probe scores: pass1=0 pass2=0 verdict=0
[671] [XTDET] NVS hw_calib/screenType: not set
[739] [XTDET] bus probe VER=FF FF FF FF FF FLG=FF -> default controller
[739] [ERR] [GYR] SDK IMU not found
[739] [INF] [CLK] RTC not found
[739] [INF] [MAIN] Hardware detect: X4
[739] [SD] SD card detected
[740] [DBG] [UI] Using Lyra theme
[740] [DBG] [MAIN] Starting CrossPoint version 1.6.5-dev-detached-223c20b48
[780] [DBG] [MAIN] Display initialized
[780] [DBG] [SDREG] Fonts directory not found: /.fonts
[780] [DBG] [SDREG] Fonts directory not found: /fonts
[780] [DBG] [SDREG] Discovery complete: 0 families
[780] [DBG] [SDFS] SD font system ready (0 families discovered)
[780] [DBG] [MAIN] Fonts setup
[780] [DBG] [ACT] Entering activity: Boot
[784] [DBG] [GFX] Time = 4 ms from clearScreen to displayBuffer
[785] [DBG] [ACT] Exiting activity: Boot
[785] [DBG] [ACT] Entering activity: EpubReader
[785] [INF] [MEM] reader enter: free=158408 max_block=114676
[786] [DBG] [GFX] Time = 6 ms from clearScreen to displayBuffer
[786] [DBG] [EBP] Loading ePub: /gamma.epub
[786] [INF] [CPRO] open: free=158172 max_block=114676
[791] [BMC] Failed to open file for reading: /.crosspoint/epub_1756244624/book.bin
[791] [DBG] [EBP] Cache not found, building spine/TOC cache
[791] [DBG] [BMC] Entering write mode
[791] [DBG] [BMC] Beginning content opf pass
[793] [DBG] [ZIP] Decompressed 153 bytes into 221 bytes
[793] [DBG] [EBP] Parsing content.opf: OEBPS/content.opf
[810] [DBG] [COF] Using fast index for 121 manifest items
[818] [DBG] [ZIP] Decompressed 1282 bytes into 11423 bytes
[818] [DBG] [EBP] Successfully parsed content.opf
[823] [DBG] [EBP] OPF pass completed in 32 ms
[823] [DBG] [BMC] Beginning toc pass
[823] [DBG] [EBP] Falling back to NCX TOC
[823] [DBG] [EBP] Parsing toc ncx file: OEBPS/toc.ncx
[1003] [DBG] [ZIP] Decompressed 1530 bytes into 14304 bytes
[1003] [DBG] [EBP] Parsed TOC items
[1003] [DBG] [EBP] TOC pass completed in 180 ms
[1003] [DBG] [BMC] Wrote 120 spine, 120 TOC entries
[1020] [DBG] [BMC] Successfully built book.bin
[1020] [DBG] [EBP] buildBookBin completed in 17 ms
[1020] [DBG] [EBP] Total indexing completed in 229 ms
[1020] [DBG] [EBP] No CSS files to parse, but CssParser created for inline styles
[1020] [DBG] [EBP] CSS files to parse: 0
[1021] [DBG] [CSS] Saved 0 rules to complete cache
[1021] [DBG] [EBP] Loaded 0 CSS style rules from 0 files (0 identical duplicates skipped, complete)
[1024] [DBG] [BMC] Loaded cache data: 120 spine, 120 TOC entries
[1024] [DBG] [EBP] Loaded ePub: /gamma.epub
[1024] [ERS] Failed to open file for reading: /.crosspoint/epub_1756244624/progress.bin
[1024] [DBG] [EBP] Core Metadata: cover(0)=, textReference(0)=
[1025] [DBG] [LOOP] New max loop duration: 240 ms (activity: 240 ms)
[1025] [DBG] [ERS] Loading file: OEBPS/c001.xhtml, index: 0
[1025] [SCT] Failed to open file for reading: /.crosspoint/epub_1756244624/sections/0.bin
[1025] [DBG] [ERS] Cache not found, building...
[1025] [DBG] [ERS] Heap before section build: 154096 (max block 114676)
[1026] [DBG] [ZIP] Decompressed 137 bytes into 175 bytes
[1026] [DBG] [SCT] Streamed temp HTML to /.crosspoint/epub_1756244624/html/.tmp_0.html (175 bytes)
[1027] [DBG] [CSS] Loaded 0 rules from complete cache
[1029] [DBG] [EHP] Time to parse and build pages: 2 ms
[1029] [DBG] [SCT] Page 0 processed
[1035] [INF] [MEM] Free: 143736 bytes, Total: 264700 bytes, Min Free: 136148 bytes, MaxAlloc: 114676 bytes
[1039] [DBG] [FDC] Prewarm: 9 glyphs in 747 bytes from 1 groups (0 missed)
[1047] [DBG] [FDC] Prewarm: 12 glyphs in 1097 bytes from 1 groups (0 missed)
[1049] [DBG] [GFX] Time = 20 ms from clearScreen to displayBuffer
[1055] [INF] [MEM] Free: 101968 bytes, Total: 264700 bytes, Min Free: 86992 bytes, MaxAlloc: 65524 bytes
[1056] [DBG] [ERS] Page render (tiled async): prewarm=17ms bw_render=2ms display=0ms gray_render=4ms wait=0ms gray_write=3ms gray_display=0ms cleanup=0ms total=26ms (planes buffered: 1)
[1056] [DBG] [ERS] Rendered page in 26ms
[1056] [DBG] [ERS] Progress saved: spine=0 offset=0 page=0
[1065] [INF] [MEM] Free: 153792 bytes, Total: 264700 bytes, Min Free: 86992 bytes, MaxAlloc: 114676 bytes
