
    ╻ ╻ ╻ ╻
   ┏┻━┻━┻━┻┓    ┏━╸┏━┓┏━┓   ┏━╸┏┳┓╻ ╻
  ━┫       ┣━   ┣╸ ┗━┓┣━┛╺━╸┣╸ ┃┃┃┃ ┃
  ━┫ ESP32 ┣━   ┗━╸┗━┛╹     ┗━╸╹ ╹┗━┛
  ━┫       ┣━
   ┗┳━┳━┳━┳┛    ESP32 series emulator · v0.45.0
    ╹ ╹ ╹ ╹

[INFO  esp_emu] Loaded firmware: 16777216 bytes
[INFO  machine] WiFi SoftAP: WPA2/WPA3 transition enabled (PWE Both) for SSID 'myssid'
[INFO  net_user] user-net: DNS forwarder upstream [192.168.65.7:53], restrict=true
[INFO  net_user] user-net: backend ready (gateway 192.168.4.1, 0 hostfwd rules)
[INFO  esp_emu] Network backend: user-mode (smoltcp NAT, 192.168.4.1 -> host loopback)
[INFO  esp_emu] Loaded ROM ELF: <embedded esp32c3> (556332 bytes)
[INFO  esp_emu] Booting from real ROM reset vector (use --skip-rom to bypass)
[INFO  machine] ROM ELF: 4468 symbols loaded
[INFO  machine] ROM ELF loaded, 15 functions patched for interception
[INFO  machine] CPU reset at ROM entry: PC=0x40000000, SP=0x3FCDE710
[INFO  esp_emu] Starting emulation (chip=esp32c3, batch_size=50000)
[INFO  gdb_stub] GDB stub listening on :1234 (target halted, waiting for debugger)
[INFO  gdb_stub] GDB client connected from 127.0.0.1:37286
[WARN  mem::bus] Bus fault: read8 unmapped 0x3FFFFFFC
[WARN  mem::bus] Bus fault: read8 unmapped 0x00000000
ESP-ROM:esp32c3-api1-20210207
Build:Feb  7 2021
rst:0x1 (POWERON),boot:0x8 (SPI_FAST_FLASH_BOOT)
SPIWP:0xee
mode:DIO, clock div:1
load:0x3fcd5810,len:0x38c
load:0x403cc710,len:0x6a0
load:0x403ce710,len:0x2624
entry 0x403cc710
[WARN  mem::bus] Bus fault: read8 unmapped 0x00000000
[WARN  mem::bus] Bus fault: read8 unmapped 0x00000000
[WARN  mem::bus] Bus fault: read8 unmapped 0x00000000
[WARN  mem::bus] Bus fault: read8 unmapped 0x00000000
[WARN  mem::bus] Bus fault: read8 unmapped 0x00000000
[WARN  mem::bus] Bus fault: read8 unmapped 0x00000000
[WARN  mem::bus] Bus fault: read8 unmapped 0x00000000
[WARN  mem::bus] Bus fault: read8 unmapped 0x00000000
[WARN  mem::bus] Bus fault: read8 unmapped 0x00000000
[WARN  mem::bus] Bus fault: read8 unmapped 0x00000000
[WARN  mem::bus] Bus fault: read8 unmapped 0x00000000
[WARN  mem::bus] Bus fault: read8 unmapped 0x00000000
[WARN  mem::bus] Bus fault: read8 unmapped 0x00000000
[WARN  mem::bus] Bus fault: read8 unmapped 0x00000000
[WARN  mem::bus] Bus fault: read8 unmapped 0x00000000
[WARN  mem::bus] Bus fault: read8 unmapped 0x00000000
[WARN  mem::bus] Bus fault: read8 unmapped 0x00000000
[WARN  mem::bus] Bus fault: read8 unmapped 0x00000000
[WARN  mem::bus] Bus fault: read8 unmapped 0x00000000
[WARN  mem::bus] Bus fault: read8 unmapped 0x00000000
[WARN  mem::bus] Bus fault: read8 unmapped 0x00000000
[WARN  mem::bus] Bus fault: read8 unmapped 0x00000000
[WARN  mem::bus] Bus fault: read8 unmapped 0x00000000
[WARN  mem::bus] Bus fault: read8 unmapped 0x00000000
[WARN  mem::bus] Bus fault: read8 unmapped 0x00000000
[WARN  mem::bus] Bus fault: read8 unmapped 0x00000000
[WARN  mem::bus] Bus fault: read8 unmapped 0x00000000
[WARN  mem::bus] Bus fault: read8 unmapped 0x00000000
[WARN  mem::bus] Bus fault: read8 unmapped 0x00000000
[WARN  mem::bus] Bus fault: read8 unmapped 0x00000000
[WARN  mem::bus] Bus fault: read8 unmapped 0x00000000
[WARN  mem::bus] Bus fault: read8 unmapped 0x00000000
[WARN  mem::bus] Bus fault: read8 unmapped 0x00000000
[WARN  mem::bus] Bus fault: read8 unmapped 0x00000000
[WARN  mem::bus] Bus fault: read8 unmapped 0x00000000
[WARN  mem::bus] Bus fault: read8 unmapped 0x00000000
[WARN  mem::bus] Bus fault: read8 unmapped 0x00000000
[WARN  mem::bus] Bus fault: read8 unmapped 0x00000000
[WARN  mem::bus] Bus fault: read8 unmapped 0x00000000
[WARN  mem::bus] Bus fault: read8 unmapped 0x00000000
[WARN  mem::bus] Bus fault: read8 unmapped 0x00000000
[WARN  mem::bus] Bus fault: read8 unmapped 0x00000000
[WARN  mem::bus] Bus fault: read8 unmapped 0x00000000
[WARN  mem::bus] Bus fault: read8 unmapped 0x00000000
[WARN  mem::bus] Bus fault: read8 unmapped 0x00000000
[WARN  mem::bus] Bus fault: read8 unmapped 0x00000000
[WARN  mem::bus] Bus fault: read8 unmapped 0x00000000
[WARN  mem::bus] Bus fault: read8 unmapped 0x00000000
[WARN  mem::bus] Bus fault: read8 unmapped 0x00000000
[WARN  mem::bus] Bus fault: read8 unmapped 0x00000000
[WARN  mem::bus] Bus fault: read8 unmapped 0x00000000
[WARN  mem::bus] Bus fault: read8 unmapped 0x00000000
[WARN  mem::bus] Bus fault: read8 unmapped 0x00000000
[WARN  mem::bus] Bus fault: read8 unmapped 0x00000000
[WARN  mem::bus] Bus fault: read8 unmapped 0x00000000
[WARN  mem::bus] Bus fault: read8 unmapped 0x00000000
[WARN  mem::bus] Bus fault: read8 unmapped 0x00000000
[WARN  mem::bus] Bus fault: read8 unmapped 0x00000000
[WARN  mem::bus] Bus fault: read8 unmapped 0x00000000
[WARN  mem::bus] Bus fault: read8 unmapped 0x00000000
[WARN  mem::bus] Bus fault: read8 unmapped 0x00000000
[WARN  mem::bus] Bus fault: read8 unmapped 0x00000000
[WARN  mem::bus] Bus fault: read8 unmapped 0x00000000
[WARN  mem::bus] Bus fault: read8 unmapped 0x00000000
[WARN  mem::bus] Bus fault: read8 unmapped 0x00000000
[WARN  mem::bus] Bus fault: read8 unmapped 0x00000000
[WARN  mem::bus] Bus fault: read8 unmapped 0x00000000
[WARN  mem::bus] Bus fault: read8 unmapped 0x00000000
[WARN  mem::bus] Bus fault: read8 unmapped 0x00000000
[WARN  mem::bus] Bus fault: read8 unmapped 0x00000000
[WARN  mem::bus] Bus fault: read8 unmapped 0x00000000
[WARN  mem::bus] Bus fault: read8 unmapped 0x00000000
[WARN  mem::bus] Bus fault: read8 unmapped 0x00000000
[WARN  mem::bus] Bus fault: read8 unmapped 0x00000000
[WARN  mem::bus] Bus fault: read8 unmapped 0x00000000
[WARN  mem::bus] Bus fault: read8 unmapped 0x00000000
[WARN  mem::bus] Bus fault: read8 unmapped 0x00000000
[WARN  mem::bus] Bus fault: read8 unmapped 0x00000000
[WARN  mem::bus] Bus fault: read8 unmapped 0x00000000
[WARN  mem::bus] Bus fault: read8 unmapped 0x00000000
[WARN  mem::bus] Bus fault: read8 unmapped 0x00000000
[WARN  mem::bus] Bus fault: read8 unmapped 0x00000000
[WARN  mem::bus] Bus fault: read8 unmapped 0x00000000
[WARN  mem::bus] Bus fault: read8 unmapped 0x00000000
[WARN  mem::bus] Bus fault: read8 unmapped 0x00000000
[WARN  mem::bus] Bus fault: read8 unmapped 0x00000000
[WARN  mem::bus] Bus fault: read8 unmapped 0x00000000
[WARN  mem::bus] Bus fault: read8 unmapped 0x00000000
[WARN  mem::bus] Bus fault: read8 unmapped 0x00000000
[WARN  mem::bus] Bus fault: read8 unmapped 0x00000000
[WARN  mem::bus] Bus fault: read8 unmapped 0x00000000
[WARN  mem::bus] Bus fault: read8 unmapped 0x00000000
[WARN  mem::bus] Bus fault: read8 unmapped 0x00000000
[WARN  mem::bus] Bus fault: read8 unmapped 0x00000000
[WARN  mem::bus] Bus fault: read8 unmapped 0x00000000
[WARN  mem::bus] Bus fault: read8 unmapped 0x00000000
[WARN  mem::bus] Bus fault: read8 unmapped 0x00000000
[WARN  mem::bus] Bus fault: read8 unmapped 0x00000000
[WARN  mem::bus] Bus fault: read8 unmapped 0x00000000
[WARN  mem::bus] Bus fault: read8 unmapped 0x00000000
[WARN  mem::bus] Bus fault: read8 unmapped 0x00000000
[WARN  mem::bus] Bus fault: read8 unmapped 0x00000000
[WARN  mem::bus] Bus fault: read8 unmapped 0x00000000
[WARN  mem::bus] Bus fault: read8 unmapped 0x00000000
[WARN  mem::bus] Bus fault: read8 unmapped 0x00000000
[WARN  mem::bus] Bus fault: read8 unmapped 0x00000000
[WARN  mem::bus] Bus fault: read8 unmapped 0x00000000
[WARN  mem::bus] Bus fault: read8 unmapped 0x00000000
[WARN  mem::bus] Bus fault: read8 unmapped 0x00000000
[WARN  mem::bus] Bus fault: read8 unmapped 0x00000000
[WARN  mem::bus] Bus fault: read8 unmapped 0x00000000
[WARN  mem::bus] Bus fault: read8 unmapped 0x00000000
[WARN  mem::bus] Bus fault: read8 unmapped 0x00000000
[WARN  mem::bus] Bus fault: read8 unmapped 0x00000000
[WARN  mem::bus] Bus fault: read8 unmapped 0x00000000
[WARN  mem::bus] Bus fault: read8 unmapped 0x00000000
[WARN  mem::bus] Bus fault: read8 unmapped 0x00000000
[WARN  mem::bus] Bus fault: read8 unmapped 0x00000000
[WARN  mem::bus] Bus fault: read8 unmapped 0x00000000
[WARN  mem::bus] Bus fault: read8 unmapped 0x00000000
[WARN  mem::bus] Bus fault: read8 unmapped 0x00000000
[WARN  mem::bus] Bus fault: read8 unmapped 0x00000000
[WARN  mem::bus] Bus fault: read8 unmapped 0x00000000
[WARN  mem::bus] Bus fault: read8 unmapped 0x00000000
[WARN  mem::bus] Bus fault: read8 unmapped 0x00000000
[WARN  mem::bus] Bus fault: read8 unmapped 0x00000000
[WARN  mem::bus] Bus fault: read8 unmapped 0x00000000
[WARN  mem::bus] Bus fault: read8 unmapped 0x00000000
[WARN  mem::bus] Bus fault: read8 unmapped 0x00000000
[WARN  mem::bus] Bus fault: read8 unmapped 0x00000000
[WARN  mem::bus] Bus fault: read8 unmapped 0x00000000
[WARN  mem::bus] Bus fault: read8 unmapped 0x00000000
[WARN  mem::bus] Bus fault: read8 unmapped 0x00000000
[WARN  mem::bus] Bus fault: read8 unmapped 0x00000000
[WARN  mem::bus] Bus fault: read8 unmapped 0x00000000
[WARN  mem::bus] Bus fault: read8 unmapped 0x00000000
[WARN  mem::bus] Bus fault: read8 unmapped 0x00000000
[WARN  mem::bus] Bus fault: read8 unmapped 0x00000000
[WARN  mem::bus] Bus fault: read8 unmapped 0x00000000
[WARN  mem::bus] Bus fault: read8 unmapped 0x00000000
[WARN  mem::bus] Bus fault: read8 unmapped 0x00000000
[WARN  mem::bus] Bus fault: read8 unmapped 0x00000000
[WARN  mem::bus] Bus fault: read8 unmapped 0x00000000
[WARN  mem::bus] Bus fault: read8 unmapped 0x00000000
[WARN  mem::bus] Bus fault: read8 unmapped 0x00000000
[WARN  mem::bus] Bus fault: read8 unmapped 0x00000000
[WARN  mem::bus] Bus fault: read8 unmapped 0x00000000
[WARN  mem::bus] Bus fault: read8 unmapped 0x00000000
[WARN  mem::bus] Bus fault: read8 unmapped 0x00000000
[WARN  mem::bus] Bus fault: read8 unmapped 0x00000000
[WARN  mem::bus] Bus fault: read8 unmapped 0x00000000
[WARN  mem::bus] Bus fault: read8 unmapped 0x00000000
[WARN  mem::bus] Bus fault: read8 unmapped 0x00000000
[WARN  mem::bus] Bus fault: read8 unmapped 0x00000000
[WARN  mem::bus] Bus fault: read8 unmapped 0x00000000
[WARN  mem::bus] Bus fault: read8 unmapped 0x00000000
[WARN  mem::bus] Bus fault: read8 unmapped 0x00000000
[WARN  mem::bus] Bus fault: read8 unmapped 0x00000000
[WARN  mem::bus] Bus fault: read8 unmapped 0x00000000
[WARN  mem::bus] Bus fault: read8 unmapped 0x00000000
[WARN  mem::bus] Bus fault: read8 unmapped 0x00000000
[WARN  mem::bus] Bus fault: read8 unmapped 0x00000000
[WARN  mem::bus] Bus fault: read8 unmapped 0x00000000
[WARN  mem::bus] Bus fault: read8 unmapped 0x00000000
[WARN  mem::bus] Bus fault: read8 unmapped 0x00000000
[WARN  mem::bus] Bus fault: read8 unmapped 0x00000000
[WARN  mem::bus] Bus fault: read8 unmapped 0x00000000
[WARN  mem::bus] Bus fault: read8 unmapped 0x00000000
[WARN  mem::bus] Bus fault: read8 unmapped 0x00000000
[WARN  mem::bus] Bus fault: read8 unmapped 0x00000000
[WARN  mem::bus] Bus fault: read8 unmapped 0x00000000
[WARN  mem::bus] Bus fault: read8 unmapped 0x00000000
[WARN  mem::bus] Bus fault: read8 unmapped 0x00000000
[WARN  mem::bus] Bus fault: read8 unmapped 0x00000000
[WARN  mem::bus] Bus fault: read8 unmapped 0x00000000
[WARN  mem::bus] Bus fault: read8 unmapped 0x00000000
[WARN  mem::bus] Bus fault: read8 unmapped 0x00000000
[WARN  mem::bus] Bus fault: read8 unmapped 0x00000000
[WARN  mem::bus] Bus fault: read8 unmapped 0x00000000
[WARN  mem::bus] Bus fault: read8 unmapped 0x00000000
[WARN  mem::bus] Bus fault: read8 unmapped 0x00000000
[WARN  mem::bus] Bus fault: read8 unmapped 0x00000000
[WARN  mem::bus] Bus fault: read8 unmapped 0x00000000
[WARN  mem::bus] Bus fault: read8 unmapped 0x00000000
[WARN  mem::bus] Bus fault: read8 unmapped 0x00000000
[WARN  mem::bus] Bus fault: read8 unmapped 0x00000000
[WARN  mem::bus] Bus fault: read8 unmapped 0x00000000
[WARN  mem::bus] Bus fault: read8 unmapped 0x00000000
[WARN  mem::bus] Bus fault: read8 unmapped 0x00000000
[WARN  mem::bus] Bus fault: read8 unmapped 0x00000000
[WARN  mem::bus] Bus fault: read8 unmapped 0x00000000
[WARN  mem::bus] Bus fault: read8 unmapped 0x00000000
[WARN  mem::bus] Bus fault: read8 unmapped 0x00000000
[WARN  mem::bus] Bus fault: read8 unmapped 0x00000000
[WARN  mem::bus] Bus fault: read8 unmapped 0x00000000
[WARN  mem::bus] Bus fault: read8 unmapped 0x00000000
[WARN  mem::bus] Bus fault: read8 unmapped 0x00000000
[WARN  mem::bus] Bus fault: read8 unmapped 0x00000000
[WARN  mem::bus] Bus fault: read8 unmapped 0x00000000
[WARN  mem::bus] Bus fault: read8 unmapped 0x00000000
[WARN  mem::bus] Bus fault: read8 unmapped 0x00000000
[WARN  mem::bus] Bus fault: read8 unmapped 0x00000000
[WARN  mem::bus] Bus fault: read8 unmapped 0x00000000
[WARN  mem::bus] Bus fault: read8 unmapped 0x00000000
[WARN  mem::bus] Bus fault: read8 unmapped 0x00000000
[WARN  mem::bus] Bus fault: read8 unmapped 0x00000000
[WARN  mem::bus] Bus fault: read8 unmapped 0x00000000
[WARN  mem::bus] Bus fault: read8 unmapped 0x00000000
[WARN  mem::bus] Bus fault: read8 unmapped 0x00000000
[WARN  mem::bus] Bus fault: read8 unmapped 0x00000000
[WARN  mem::bus] Bus fault: read8 unmapped 0x00000000
[WARN  mem::bus] Bus fault: read8 unmapped 0x00000000
[WARN  mem::bus] Bus fault: read8 unmapped 0x00000000
[WARN  mem::bus] Bus fault: read8 unmapped 0x00000000
[WARN  mem::bus] Bus fault: read8 unmapped 0x00000000
[WARN  mem::bus] Bus fault: read8 unmapped 0x00000000
[WARN  mem::bus] Bus fault: read8 unmapped 0x00000000
[WARN  mem::bus] Bus fault: read8 unmapped 0x00000000
[WARN  mem::bus] Bus fault: read8 unmapped 0x00000000
[WARN  mem::bus] Bus fault: read8 unmapped 0x00000000
[WARN  mem::bus] Bus fault: read8 unmapped 0x00000000
[WARN  mem::bus] Bus fault: read8 unmapped 0x00000000
[WARN  mem::bus] Bus fault: read8 unmapped 0x00000000
[WARN  mem::bus] Bus fault: read8 unmapped 0x00000000
[WARN  mem::bus] Bus fault: read8 unmapped 0x00000000
[WARN  mem::bus] Bus fault: read8 unmapped 0x00000000
[WARN  mem::bus] Bus fault: read8 unmapped 0x00000000
[WARN  mem::bus] Bus fault: read8 unmapped 0x00000000
[WARN  mem::bus] Bus fault: read8 unmapped 0x00000000
[WARN  mem::bus] Bus fault: read8 unmapped 0x00000000
[WARN  mem::bus] Bus fault: read8 unmapped 0x00000000
[WARN  mem::bus] Bus fault: read8 unmapped 0x00000000
[WARN  mem::bus] Bus fault: read8 unmapped 0x00000000
[WARN  mem::bus] Bus fault: read8 unmapped 0x00000000
[WARN  mem::bus] Bus fault: read8 unmapped 0x00000000
[WARN  mem::bus] Bus fault: read8 unmapped 0x00000000
[WARN  mem::bus] Bus fault: read8 unmapped 0x00000000
[WARN  mem::bus] Bus fault: read8 unmapped 0x00000000
[WARN  mem::bus] Bus fault: read8 unmapped 0x00000000
[WARN  mem::bus] Bus fault: read8 unmapped 0x00000000
[WARN  mem::bus] Bus fault: read8 unmapped 0x00000000
[WARN  mem::bus] Bus fault: read8 unmapped 0x00000000
[WARN  mem::bus] Bus fault: read8 unmapped 0x00000000
[WARN  mem::bus] Bus fault: read8 unmapped 0x00000000
[WARN  mem::bus] Bus fault: read8 unmapped 0x00000000
[WARN  mem::bus] Bus fault: read8 unmapped 0x00000000
[WARN  mem::bus] Bus fault: read8 unmapped 0x00000000
[WARN  mem::bus] Bus fault: read8 unmapped 0x00000000
[WARN  mem::bus] Bus fault: read8 unmapped 0x00000000
[WARN  mem::bus] Bus fault: read8 unmapped 0x00000000
[WARN  mem::bus] Bus fault: read8 unmapped 0x00000000
[WARN  mem::bus] Bus fault: read8 unmapped 0x00000000
[WARN  mem::bus] Bus fault: read8 unmapped 0x00000000
[WARN  mem::bus] Bus fault: read8 unmapped 0x00000000
[WARN  mem::bus] Bus fault: read8 unmapped 0x00000000
[WARN  mem::bus] Bus fault: read8 unmapped 0x00000000
[WARN  mem::bus] Bus fault: read8 unmapped 0x00000000
[WARN  mem::bus] Bus fault: read8 unmapped 0x00000000
[WARN  mem::bus] Bus fault: read8 unmapped 0x00000000
[WARN  mem::bus] Bus fault: read8 unmapped 0x00000000
[WARN  mem::bus] Bus fault: read8 unmapped 0x00000000
[WARN  mem::bus] Bus fault: read8 unmapped 0x00000000
[WARN  mem::bus] Bus fault: read8 unmapped 0x00000000
[WARN  mem::bus] Bus fault: read8 unmapped 0x00000000
[WARN  mem::bus] Bus fault: read8 unmapped 0x00000000
[WARN  mem::bus] Bus fault: read8 unmapped 0x00000000
[WARN  mem::bus] Bus fault: read8 unmapped 0x00000000
[WARN  mem::bus] Bus fault: read8 unmapped 0x00000000
[WARN  mem::bus] Bus fault: read8 unmapped 0x00000000
[WARN  mem::bus] Bus fault: read8 unmapped 0x00000000
[WARN  mem::bus] Bus fault: read8 unmapped 0x00000000
[WARN  mem::bus] Bus fault: read8 unmapped 0x00000000
[WARN  mem::bus] Bus fault: read8 unmapped 0x00000000
[WARN  mem::bus] Bus fault: read8 unmapped 0x00000000
[WARN  mem::bus] Bus fault: read8 unmapped 0x00000000
[WARN  mem::bus] Bus fault: read8 unmapped 0x00000000
[WARN  mem::bus] Bus fault: read8 unmapped 0x00000000
[WARN  mem::bus] Bus fault: read8 unmapped 0x00000000
[WARN  mem::bus] Bus fault: read8 unmapped 0x00000000
[WARN  mem::bus] Bus fault: read8 unmapped 0x00000000
[WARN  mem::bus] Bus fault: read8 unmapped 0x00000000
[WARN  mem::bus] Bus fault: read8 unmapped 0x00000000
[WARN  mem::bus] Bus fault: read8 unmapped 0x00000000
[WARN  mem::bus] Bus fault: read8 unmapped 0x00000000
[WARN  mem::bus] Bus fault: read8 unmapped 0x00000000
[WARN  mem::bus] Bus fault: read8 unmapped 0x00000000
[WARN  mem::bus] Bus fault: read8 unmapped 0x00000000
[WARN  mem::bus] Bus fault: read8 unmapped 0x00000000
[WARN  mem::bus] Bus fault: read8 unmapped 0x00000000
[WARN  mem::bus] Bus fault: read8 unmapped 0x00000000
[WARN  mem::bus] Bus fault: read8 unmapped 0x00000000
[WARN  mem::bus] Bus fault: read8 unmapped 0x00000000
[WARN  mem::bus] Bus fault: read8 unmapped 0x00000000
[WARN  mem::bus] Bus fault: read8 unmapped 0x00000000
[WARN  mem::bus] Bus fault: read8 unmapped 0x00000000
[WARN  mem::bus] Bus fault: read8 unmapped 0x00000000
[WARN  mem::bus] Bus fault: read8 unmapped 0x00000000
[WARN  mem::bus] Bus fault: read8 unmapped 0x00000000
[WARN  mem::bus] Bus fault: read8 unmapped 0x00000000
[WARN  mem::bus] Bus fault: read8 unmapped 0x00000000
[WARN  mem::bus] Bus fault: read8 unmapped 0x00000000
[WARN  mem::bus] Bus fault: read8 unmapped 0x00000000
[WARN  mem::bus] Bus fault: read8 unmapped 0x00000000
[WARN  mem::bus] Bus fault: read8 unmapped 0x00000000
[WARN  mem::bus] Bus fault: read8 unmapped 0x00000000
[WARN  mem::bus] Bus fault: read8 unmapped 0x00000000
[WARN  mem::bus] Bus fault: read8 unmapped 0x00000000
[WARN  mem::bus] Bus fault: read8 unmapped 0x00000000
[WARN  mem::bus] Bus fault: read8 unmapped 0x00000000
[WARN  mem::bus] Bus fault: read8 unmapped 0x00000000
[WARN  mem::bus] Bus fault: read8 unmapped 0x00000000
[WARN  mem::bus] Bus fault: read8 unmapped 0x00000000
[WARN  mem::bus] Bus fault: read8 unmapped 0x00000000
[WARN  mem::bus] Bus fault: read8 unmapped 0x00000000
[WARN  mem::bus] Bus fault: read8 unmapped 0x00000000
[WARN  mem::bus] Bus fault: read8 unmapped 0x00000000
[WARN  mem::bus] Bus fault: read8 unmapped 0x00000000
[WARN  mem::bus] Bus fault: read8 unmapped 0x00000000
[WARN  mem::bus] Bus fault: read8 unmapped 0x00000000
[WARN  mem::bus] Bus fault: read8 unmapped 0x00000000
[WARN  mem::bus] Bus fault: read8 unmapped 0x00000000
[WARN  mem::bus] Bus fault: read8 unmapped 0x00000000
[WARN  mem::bus] Bus fault: read8 unmapped 0x00000000
[WARN  mem::bus] Bus fault: read8 unmapped 0x00000000
[WARN  mem::bus] Bus fault: read8 unmapped 0x00000000
[WARN  mem::bus] Bus fault: read8 unmapped 0x00000000
[WARN  mem::bus] Bus fault: read8 unmapped 0x00000000
[WARN  mem::bus] Bus fault: read8 unmapped 0x00000000
[WARN  mem::bus] Bus fault: read8 unmapped 0x00000000
[WARN  mem::bus] Bus fault: read8 unmapped 0x00000000
[WARN  mem::bus] Bus fault: read8 unmapped 0x00000000
[WARN  mem::bus] Bus fault: read8 unmapped 0x00000000
[WARN  mem::bus] Bus fault: read8 unmapped 0x00000000
[WARN  mem::bus] Bus fault: read8 unmapped 0x00000000
[WARN  mem::bus] Bus fault: read8 unmapped 0x00000000
[WARN  mem::bus] Bus fault: read8 unmapped 0x00000000
[WARN  mem::bus] Bus fault: read8 unmapped 0x00000000
[WARN  mem::bus] Bus fault: read8 unmapped 0x00000000
[WARN  mem::bus] Bus fault: read8 unmapped 0x00000000
[WARN  mem::bus] Bus fault: read8 unmapped 0x00000000
[WARN  mem::bus] Bus fault: read8 unmapped 0x00000000
[WARN  mem::bus] Bus fault: read8 unmapped 0x00000000
[WARN  mem::bus] Bus fault: read8 unmapped 0x00000000
[WARN  mem::bus] Bus fault: read8 unmapped 0x00000000
[WARN  mem::bus] Bus fault: read8 unmapped 0x00000000
[WARN  mem::bus] Bus fault: read8 unmapped 0x00000000
[WARN  mem::bus] Bus fault: read8 unmapped 0x00000000
[WARN  mem::bus] Bus fault: read8 unmapped 0x00000000
[WARN  mem::bus] Bus fault: read8 unmapped 0x00000000
[WARN  mem::bus] Bus fault: read8 unmapped 0x00000000
[WARN  mem::bus] Bus fault: read8 unmapped 0x00000000
[WARN  mem::bus] Bus fault: read8 unmapped 0x00000000
[WARN  mem::bus] Bus fault: read8 unmapped 0x00000000
[WARN  mem::bus] Bus fault: read8 unmapped 0x00000000
[WARN  mem::bus] Bus fault: read8 unmapped 0x00000000
[WARN  mem::bus] Bus fault: read8 unmapped 0x00000000
[WARN  mem::bus] Bus fault: read8 unmapped 0x00000000
[WARN  mem::bus] Bus fault: read8 unmapped 0x00000000
[WARN  mem::bus] Bus fault: read8 unmapped 0x00000000
[WARN  mem::bus] Bus fault: read8 unmapped 0x00000000
[WARN  mem::bus] Bus fault: read8 unmapped 0x00000000
[WARN  mem::bus] Bus fault: read8 unmapped 0x00000000
[WARN  mem::bus] Bus fault: read8 unmapped 0x00000000
[WARN  mem::bus] Bus fault: read8 unmapped 0x00000000
[WARN  mem::bus] Bus fault: read8 unmapped 0x00000000
[WARN  mem::bus] Bus fault: read8 unmapped 0x00000000
[WARN  mem::bus] Bus fault: read8 unmapped 0x00000000
[WARN  mem::bus] Bus fault: read8 unmapped 0x00000000
[WARN  mem::bus] Bus fault: read8 unmapped 0x00000000
[WARN  mem::bus] Bus fault: read8 unmapped 0x00000000
[WARN  mem::bus] Bus fault: read8 unmapped 0x00000000
[WARN  mem::bus] Bus fault: read8 unmapped 0x00000000
[WARN  mem::bus] Bus fault: read8 unmapped 0x00000000
[WARN  mem::bus] Bus fault: read8 unmapped 0x00000000
[WARN  mem::bus] Bus fault: read8 unmapped 0x00000000
[WARN  mem::bus] Bus fault: read8 unmapped 0x00000000
[WARN  mem::bus] Bus fault: read8 unmapped 0x00000000
[WARN  mem::bus] Bus fault: read8 unmapped 0x00000000
[WARN  mem::bus] Bus fault: read8 unmapped 0x00000000
[WARN  mem::bus] Bus fault: read8 unmapped 0x00000000
[WARN  mem::bus] Bus fault: read8 unmapped 0x00000000
[WARN  mem::bus] Bus fault: read8 unmapped 0x00000000
[WARN  mem::bus] Bus fault: read8 unmapped 0x00000000
[WARN  mem::bus] Bus fault: read8 unmapped 0x00000000
[WARN  mem::bus] Bus fault: read8 unmapped 0x00000000
[WARN  mem::bus] Bus fault: read8 unmapped 0x00000000
[WARN  mem::bus] Bus fault: read8 unmapped 0x00000000
[WARN  mem::bus] Bus fault: read8 unmapped 0x00000000
[WARN  mem::bus] Bus fault: read8 unmapped 0x00000000
[WARN  mem::bus] Bus fault: read8 unmapped 0x00000000
[WARN  mem::bus] Bus fault: read8 unmapped 0x00000000
[WARN  mem::bus] Bus fault: read8 unmapped 0x00000000
[WARN  mem::bus] Bus fault: read8 unmapped 0x00000000
[WARN  mem::bus] Bus fault: read8 unmapped 0x00000000
[WARN  mem::bus] Bus fault: read8 unmapped 0x00000000
[WARN  mem::bus] Bus fault: read8 unmapped 0x00000000
[WARN  mem::bus] Bus fault: read8 unmapped 0x00000000
[WARN  mem::bus] Bus fault: read8 unmapped 0x00000000
[WARN  mem::bus] Bus fault: read8 unmapped 0x00000000
[WARN  mem::bus] Bus fault: read8 unmapped 0x00000000
[WARN  mem::bus] Bus fault: read8 unmapped 0x00000000
[WARN  mem::bus] Bus fault: read8 unmapped 0x00000000
[WARN  mem::bus] Bus fault: read8 unmapped 0x00000000
[WARN  mem::bus] Bus fault: read8 unmapped 0x00000000
[WARN  mem::bus] Bus fault: read8 unmapped 0x00000000
[WARN  mem::bus] Bus fault: read8 unmapped 0x00000000
[WARN  mem::bus] Bus fault: read8 unmapped 0x00000000
[WARN  mem::bus] Bus fault: read8 unmapped 0x00000000
[WARN  mem::bus] Bus fault: read8 unmapped 0x00000000
[WARN  mem::bus] Bus fault: read8 unmapped 0x00000000
[WARN  mem::bus] Bus fault: read8 unmapped 0x00000000
[WARN  mem::bus] Bus fault: read8 unmapped 0x00000000
[WARN  mem::bus] Bus fault: read8 unmapped 0x00000000
[WARN  mem::bus] Bus fault: read8 unmapped 0x00000000
[WARN  mem::bus] Bus fault: read8 unmapped 0x00000000
[WARN  mem::bus] Bus fault: read8 unmapped 0x00000000
[WARN  mem::bus] Bus fault: read8 unmapped 0x00000000
[WARN  mem::bus] Bus fault: read8 unmapped 0x00000000
[WARN  mem::bus] Bus fault: read8 unmapped 0x00000000
[WARN  mem::bus] Bus fault: read8 unmapped 0x00000000
[WARN  mem::bus] Bus fault: read8 unmapped 0x00000000
[WARN  mem::bus] Bus fault: read8 unmapped 0x00000000
[WARN  mem::bus] Bus fault: read8 unmapped 0x00000000
[WARN  mem::bus] Bus fault: read8 unmapped 0x00000000
[WARN  mem::bus] Bus fault: read8 unmapped 0x00000000
[WARN  mem::bus] Bus fault: read8 unmapped 0x00000000
[WARN  mem::bus] Bus fault: read8 unmapped 0x00000000
[WARN  mem::bus] Bus fault: read8 unmapped 0x00000000
[WARN  mem::bus] Bus fault: read8 unmapped 0x00000000
[WARN  mem::bus] Bus fault: read8 unmapped 0x00000000
[WARN  mem::bus] Bus fault: read8 unmapped 0x00000000
[WARN  mem::bus] Bus fault: read8 unmapped 0x00000000
[WARN  mem::bus] Bus fault: read8 unmapped 0x00000000
[WARN  mem::bus] Bus fault: read8 unmapped 0x00000000
[WARN  mem::bus] Bus fault: read8 unmapped 0x00000000
[WARN  mem::bus] Bus fault: read8 unmapped 0x00000000
[WARN  mem::bus] Bus fault: read8 unmapped 0x00000000
[WARN  mem::bus] Bus fault: read8 unmapped 0x00000000
[WARN  mem::bus] Bus fault: read8 unmapped 0x00000000
[WARN  mem::bus] Bus fault: read8 unmapped 0x00000000
[WARN  mem::bus] Bus fault: read8 unmapped 0x00000000
[WARN  mem::bus] Bus fault: read8 unmapped 0x00000000
[WARN  mem::bus] Bus fault: read8 unmapped 0x00000000
[WARN  mem::bus] Bus fault: read8 unmapped 0x00000000
[WARN  mem::bus] Bus fault: read8 unmapped 0x00000000
[WARN  mem::bus] Bus fault: read8 unmapped 0x00000000
[WARN  mem::bus] Bus fault: read8 unmapped 0x00000000
[WARN  mem::bus] Bus fault: read8 unmapped 0x00000000
[WARN  mem::bus] Bus fault: read8 unmapped 0x00000000
[WARN  mem::bus] Bus fault: read8 unmapped 0x00000000
[WARN  mem::bus] Bus fault: read8 unmapped 0x00000000
[WARN  mem::bus] Bus fault: read8 unmapped 0x00000000
[WARN  mem::bus] Bus fault: read8 unmapped 0x00000000
[WARN  mem::bus] Bus fault: read8 unmapped 0x00000000
[WARN  mem::bus] Bus fault: read8 unmapped 0x00000000
[WARN  mem::bus] Bus fault: read8 unmapped 0x00000000
[WARN  mem::bus] Bus fault: read8 unmapped 0x00000000
[WARN  mem::bus] Bus fault: read8 unmapped 0x00000000
[WARN  mem::bus] Bus fault: read8 unmapped 0x00000000
[WARN  mem::bus] Bus fault: read8 unmapped 0x00000000
[WARN  mem::bus] Bus fault: read8 unmapped 0x00000000
[WARN  mem::bus] Bus fault: read8 unmapped 0x00000000
[WARN  mem::bus] Bus fault: read8 unmapped 0x00000000
[WARN  mem::bus] Bus fault: read8 unmapped 0x00000000
[WARN  mem::bus] Bus fault: read8 unmapped 0x00000000
[WARN  mem::bus] Bus fault: read8 unmapped 0x00000000
[WARN  mem::bus] Bus fault: read8 unmapped 0x00000000
[WARN  mem::bus] Bus fault: read8 unmapped 0x00000000
[WARN  mem::bus] Bus fault: read8 unmapped 0x00000000
[WARN  mem::bus] Bus fault: read8 unmapped 0x00000000
[WARN  mem::bus] Bus fault: read8 unmapped 0x00000000
[WARN  mem::bus] Bus fault: read8 unmapped 0x00000000
[WARN  mem::bus] Bus fault: read8 unmapped 0x00000000
[WARN  mem::bus] Bus fault: read8 unmapped 0x00000000
[WARN  mem::bus] Bus fault: read8 unmapped 0x00000000
[WARN  mem::bus] Bus fault: read8 unmapped 0x00000000
[WARN  mem::bus] Bus fault: read8 unmapped 0x00000000
[WARN  mem::bus] Bus fault: read8 unmapped 0x00000000
[WARN  mem::bus] Bus fault: read8 unmapped 0x00000000
[WARN  mem::bus] Bus fault: read8 unmapped 0x00000000
[WARN  mem::bus] Bus fault: read8 unmapped 0x00000000
[WARN  mem::bus] Bus fault: read8 unmapped 0x00000000
[WARN  mem::bus] Bus fault: read8 unmapped 0x00000000
[WARN  mem::bus] Bus fault: read8 unmapped 0x00000000
[WARN  mem::bus] Bus fault: read8 unmapped 0x00000000
[WARN  mem::bus] Bus fault: read8 unmapped 0x00000000
[WARN  mem::bus] Bus fault: read8 unmapped 0x00000000
[WARN  mem::bus] Bus fault: read8 unmapped 0x00000000
[WARN  mem::bus] Bus fault: read8 unmapped 0x00000000
[WARN  mem::bus] Bus fault: read8 unmapped 0x00000000
[WARN  mem::bus] Bus fault: read8 unmapped 0x00000000
[WARN  mem::bus] Bus fault: read8 unmapped 0x00000000
[WARN  mem::bus] Bus fault: read8 unmapped 0x00000000
[WARN  mem::bus] Bus fault: read8 unmapped 0x00000000
[WARN  mem::bus] Bus fault: read8 unmapped 0x00000000
[WARN  mem::bus] Bus fault: read8 unmapped 0x00000000
[WARN  mem::bus] Bus fault: read8 unmapped 0x00000000
[WARN  mem::bus] Bus fault: read8 unmapped 0x00000000
[WARN  mem::bus] Bus fault: read8 unmapped 0x00000000
[WARN  mem::bus] Bus fault: read8 unmapped 0x00000000
[WARN  mem::bus] Bus fault: read8 unmapped 0x00000000
[WARN  mem::bus] Bus fault: read8 unmapped 0x00000000
[WARN  mem::bus] Bus fault: read8 unmapped 0x00000000
[WARN  mem::bus] Bus fault: read8 unmapped 0x00000000
[WARN  mem::bus] Bus fault: read8 unmapped 0x00000000
[WARN  mem::bus] Bus fault: read8 unmapped 0x00000000
[WARN  mem::bus] Bus fault: read8 unmapped 0x00000000
[WARN  mem::bus] Bus fault: read8 unmapped 0x00000000
[WARN  mem::bus] Bus fault: read8 unmapped 0x00000000
[WARN  mem::bus] Bus fault: read8 unmapped 0x00000000
[WARN  mem::bus] Bus fault: read8 unmapped 0x00000000
[WARN  mem::bus] Bus fault: read8 unmapped 0x00000000
[WARN  mem::bus] Bus fault: read8 unmapped 0x00000000
[WARN  mem::bus] Bus fault: read8 unmapped 0x00000000
[WARN  mem::bus] Bus fault: read8 unmapped 0x00000000
[WARN  mem::bus] Bus fault: read8 unmapped 0x00000000
[WARN  mem::bus] Bus fault: read8 unmapped 0x00000000
[WARN  mem::bus] Bus fault: read8 unmapped 0x00000000
[WARN  mem::bus] Bus fault: read8 unmapped 0x00000000
[WARN  mem::bus] Bus fault: read8 unmapped 0x00000000
[WARN  mem::bus] Bus fault: read8 unmapped 0x00000000
[WARN  mem::bus] Bus fault: read8 unmapped 0x00000000
[WARN  mem::bus] Bus fault: read8 unmapped 0x00000000
[WARN  mem::bus] Bus fault: read8 unmapped 0x00000000
[WARN  mem::bus] Bus fault: read8 unmapped 0x00000000
[WARN  mem::bus] Bus fault: read8 unmapped 0x00000000
[WARN  mem::bus] Bus fault: read8 unmapped 0x00000000
[WARN  mem::bus] Bus fault: read8 unmapped 0x00000000
[WARN  mem::bus] Bus fault: read8 unmapped 0x00000000
[WARN  mem::bus] Bus fault: read8 unmapped 0x00000000
[WARN  mem::bus] Bus fault: read8 unmapped 0x00000000
[WARN  mem::bus] Bus fault: read8 unmapped 0x00000000
[WARN  mem::bus] Bus fault: read8 unmapped 0x00000000
[WARN  mem::bus] Bus fault: read8 unmapped 0x00000000
[WARN  mem::bus] Bus fault: read8 unmapped 0x00000000
[WARN  mem::bus] Bus fault: read8 unmapped 0x00000000
[WARN  mem::bus] Bus fault: read8 unmapped 0x00000000
[WARN  mem::bus] Bus fault: read8 unmapped 0x00000000
[WARN  mem::bus] Bus fault: read8 unmapped 0x00000000
[WARN  mem::bus] Bus fault: read8 unmapped 0x00000000
[WARN  mem::bus] Bus fault: read8 unmapped 0x00000000
[WARN  mem::bus] Bus fault: read8 unmapped 0x00000000
[WARN  mem::bus] Bus fault: read8 unmapped 0x00000000
[WARN  mem::bus] Bus fault: read8 unmapped 0x00000000
[WARN  mem::bus] Bus fault: read8 unmapped 0x00000000
[WARN  mem::bus] Bus fault: read8 unmapped 0x00000000
[WARN  mem::bus] Bus fault: read8 unmapped 0x00000000
[WARN  mem::bus] Bus fault: read8 unmapped 0x00000000
[WARN  mem::bus] Bus fault: read8 unmapped 0x00000000
[WARN  mem::bus] Bus fault: read8 unmapped 0x00000000
[WARN  mem::bus] Bus fault: read8 unmapped 0x00000000
[WARN  mem::bus] Bus fault: read8 unmapped 0x00000000
[WARN  mem::bus] Bus fault: read8 unmapped 0x00000000
[WARN  mem::bus] Bus fault: read8 unmapped 0x00000000
[WARN  mem::bus] Bus fault: read8 unmapped 0x00000000
[WARN  mem::bus] Bus fault: read8 unmapped 0x00000000
[WARN  mem::bus] Bus fault: read8 unmapped 0x00000000
[WARN  mem::bus] Bus fault: read8 unmapped 0x00000000
[WARN  mem::bus] Bus fault: read8 unmapped 0x00000000
[WARN  mem::bus] Bus fault: read8 unmapped 0x00000000
[WARN  mem::bus] Bus fault: read8 unmapped 0x00000000
[WARN  mem::bus] Bus fault: read8 unmapped 0x00000000
[WARN  mem::bus] Bus fault: read8 unmapped 0x00000000
[WARN  mem::bus] Bus fault: read8 unmapped 0x00000000
[WARN  mem::bus] Bus fault: read8 unmapped 0x00000000
[WARN  mem::bus] Bus fault: read8 unmapped 0x00000000
[WARN  mem::bus] Bus fault: read8 unmapped 0x00000000
[WARN  mem::bus] Bus fault: read8 unmapped 0x00000000
[WARN  mem::bus] Bus fault: read8 unmapped 0x00000000
[WARN  mem::bus] Bus fault: read8 unmapped 0x00000000
[WARN  mem::bus] Bus fault: read8 unmapped 0x00000000
[WARN  mem::bus] Bus fault: read8 unmapped 0x00000000
[WARN  mem::bus] Bus fault: read8 unmapped 0x00000000
[WARN  mem::bus] Bus fault: read8 unmapped 0x00000000
[WARN  mem::bus] Bus fault: read8 unmapped 0x00000000
[WARN  mem::bus] Bus fault: read8 unmapped 0x00000000
[WARN  mem::bus] Bus fault: read8 unmapped 0x00000000
[WARN  mem::bus] Bus fault: read8 unmapped 0x00000000
[WARN  mem::bus] Bus fault: read8 unmapped 0x00000000
[WARN  mem::bus] Bus fault: read8 unmapped 0x00000000
[WARN  mem::bus] Bus fault: read8 unmapped 0x00000000
[WARN  mem::bus] Bus fault: read8 unmapped 0x00000000
[WARN  mem::bus] Bus fault: read8 unmapped 0x00000000
[WARN  mem::bus] Bus fault: read8 unmapped 0x00000000
[WARN  mem::bus] Bus fault: read8 unmapped 0x00000000
[WARN  mem::bus] Bus fault: read8 unmapped 0x00000000
[WARN  mem::bus] Bus fault: read8 unmapped 0x00000000
[WARN  mem::bus] Bus fault: read8 unmapped 0x00000000
[WARN  mem::bus] Bus fault: read8 unmapped 0x00000000
[WARN  mem::bus] Bus fault: read8 unmapped 0x00000000
[WARN  mem::bus] Bus fault: read8 unmapped 0x00000000
[WARN  mem::bus] Bus fault: read8 unmapped 0x00000000
[WARN  mem::bus] Bus fault: read8 unmapped 0x00000000
[WARN  mem::bus] Bus fault: read8 unmapped 0x00000000
[WARN  mem::bus] Bus fault: read8 unmapped 0x00000000
[WARN  mem::bus] Bus fault: read8 unmapped 0x00000000
[WARN  mem::bus] Bus fault: read8 unmapped 0x00000000
[WARN  mem::bus] Bus fault: read8 unmapped 0x00000000
[WARN  mem::bus] Bus fault: read8 unmapped 0x00000000
[WARN  mem::bus] Bus fault: read8 unmapped 0x00000000
[WARN  mem::bus] Bus fault: read8 unmapped 0x00000000
[WARN  mem::bus] Bus fault: read8 unmapped 0x00000000
[WARN  mem::bus] Bus fault: read8 unmapped 0x00000000
[WARN  mem::bus] Bus fault: read8 unmapped 0x00000000
[WARN  mem::bus] Bus fault: read8 unmapped 0x00000000
[WARN  mem::bus] Bus fault: read8 unmapped 0x00000000
[WARN  mem::bus] Bus fault: read8 unmapped 0x00000000
[WARN  mem::bus] Bus fault: read8 unmapped 0x00000000
[WARN  mem::bus] Bus fault: read8 unmapped 0x00000000
[WARN  mem::bus] Bus fault: read8 unmapped 0x00000000
[WARN  mem::bus] Bus fault: read8 unmapped 0x00000000
[WARN  mem::bus] Bus fault: read8 unmapped 0x00000000
[WARN  mem::bus] Bus fault: read8 unmapped 0x00000000
[WARN  mem::bus] Bus fault: read8 unmapped 0x00000000
[WARN  mem::bus] Bus fault: read8 unmapped 0x00000000
[WARN  mem::bus] Bus fault: read8 unmapped 0x00000000
[WARN  mem::bus] Bus fault: read8 unmapped 0x00000000
[WARN  mem::bus] Bus fault: read8 unmapped 0x00000000
[WARN  mem::bus] Bus fault: read8 unmapped 0x00000000
[WARN  mem::bus] Bus fault: read8 unmapped 0x00000000
[WARN  mem::bus] Bus fault: read8 unmapped 0x00000000
[WARN  mem::bus] Bus fault: read8 unmapped 0x00000000
[WARN  mem::bus] Bus fault: read8 unmapped 0x00000000
[WARN  mem::bus] Bus fault: read8 unmapped 0x00000000
[WARN  mem::bus] Bus fault: read8 unmapped 0x00000000
[WARN  mem::bus] Bus fault: read8 unmapped 0x00000000
[WARN  mem::bus] Bus fault: read8 unmapped 0x00000000
[WARN  mem::bus] Bus fault: read8 unmapped 0x00000000
[WARN  mem::bus] Bus fault: read8 unmapped 0x00000000
[WARN  mem::bus] Bus fault: read8 unmapped 0x00000000
[WARN  mem::bus] Bus fault: read8 unmapped 0x00000000
[WARN  mem::bus] Bus fault: read8 unmapped 0x00000000
[WARN  mem::bus] Bus fault: read8 unmapped 0x00000000
[WARN  mem::bus] Bus fault: read8 unmapped 0x00000000
[WARN  mem::bus] Bus fault: read8 unmapped 0x00000000
[WARN  mem::bus] Bus fault: read8 unmapped 0x00000000
[WARN  mem::bus] Bus fault: read8 unmapped 0x00000000
[WARN  mem::bus] Bus fault: read8 unmapped 0x00000000
[WARN  mem::bus] Bus fault: read8 unmapped 0x00000000
[WARN  mem::bus] Bus fault: read8 unmapped 0x00000000
[WARN  mem::bus] Bus fault: read8 unmapped 0x00000000
[WARN  mem::bus] Bus fault: read8 unmapped 0x00000000
[WARN  mem::bus] Bus fault: read8 unmapped 0x00000000
[WARN  mem::bus] Bus fault: read8 unmapped 0x00000000
[WARN  mem::bus] Bus fault: read8 unmapped 0x00000000
[WARN  mem::bus] Bus fault: read8 unmapped 0x00000000
[WARN  mem::bus] Bus fault: read8 unmapped 0x00000000
[WARN  mem::bus] Bus fault: read8 unmapped 0x00000000
[WARN  mem::bus] Bus fault: read8 unmapped 0x00000000
[WARN  mem::bus] Bus fault: read8 unmapped 0x00000000
[WARN  mem::bus] Bus fault: read8 unmapped 0x00000000
[WARN  mem::bus] Bus fault: read8 unmapped 0x00000000
[WARN  mem::bus] Bus fault: read8 unmapped 0x00000000
[WARN  mem::bus] Bus fault: read8 unmapped 0x00000000
[WARN  mem::bus] Bus fault: read8 unmapped 0x00000000
[WARN  mem::bus] Bus fault: read8 unmapped 0x00000000
[WARN  mem::bus] Bus fault: read8 unmapped 0x00000000
[WARN  mem::bus] Bus fault: read8 unmapped 0x00000000
[WARN  mem::bus] Bus fault: read8 unmapped 0x00000000
[WARN  mem::bus] Bus fault: read8 unmapped 0x00000000
[WARN  mem::bus] Bus fault: read8 unmapped 0x00000000
[WARN  mem::bus] Bus fault: read8 unmapped 0x00000000
[WARN  mem::bus] Bus fault: read8 unmapped 0x00000000
[WARN  mem::bus] Bus fault: read8 unmapped 0x00000000
[WARN  mem::bus] Bus fault: read8 unmapped 0x00000000
[WARN  mem::bus] Bus fault: read8 unmapped 0x00000000
[WARN  mem::bus] Bus fault: read8 unmapped 0x00000000
[WARN  mem::bus] Bus fault: read8 unmapped 0x00000000
[WARN  mem::bus] Bus fault: read8 unmapped 0x00000000
[WARN  mem::bus] Bus fault: read8 unmapped 0x00000000
[WARN  mem::bus] Bus fault: read8 unmapped 0x00000000
[WARN  mem::bus] Bus fault: read8 unmapped 0x00000000
[WARN  mem::bus] Bus fault: read8 unmapped 0x00000000
[WARN  mem::bus] Bus fault: read8 unmapped 0x00000000
[WARN  mem::bus] Bus fault: read8 unmapped 0x00000000
[WARN  mem::bus] Bus fault: read8 unmapped 0x00000000
[WARN  mem::bus] Bus fault: read8 unmapped 0x00000000
[WARN  mem::bus] Bus fault: read8 unmapped 0x00000000
[WARN  mem::bus] Bus fault: read8 unmapped 0x00000000
[WARN  mem::bus] Bus fault: read8 unmapped 0x00000000
[WARN  mem::bus] Bus fault: read8 unmapped 0x00000000
[WARN  mem::bus] Bus fault: read8 unmapped 0x00000000
[WARN  mem::bus] Bus fault: read8 unmapped 0x00000000
[WARN  mem::bus] Bus fault: read8 unmapped 0x00000000
[WARN  mem::bus] Bus fault: read8 unmapped 0x00000000
[WARN  mem::bus] Bus fault: read8 unmapped 0x00000000
[WARN  mem::bus] Bus fault: read8 unmapped 0x00000000
[WARN  mem::bus] Bus fault: read8 unmapped 0x00000000
[WARN  mem::bus] Bus fault: read8 unmapped 0x00000000
[WARN  mem::bus] Bus fault: read8 unmapped 0x00000000
[WARN  mem::bus] Bus fault: read8 unmapped 0x00000000
[WARN  mem::bus] Bus fault: read8 unmapped 0x00000000
[WARN  mem::bus] Bus fault: read8 unmapped 0x00000000
[WARN  mem::bus] Bus fault: read8 unmapped 0x00000000
[WARN  mem::bus] Bus fault: read8 unmapped 0x00000000
[WARN  mem::bus] Bus fault: read8 unmapped 0x00000000
[WARN  mem::bus] Bus fault: read8 unmapped 0x00000000
[WARN  mem::bus] Bus fault: read8 unmapped 0x00000000
[WARN  mem::bus] Bus fault: read8 unmapped 0x00000000
[WARN  mem::bus] Bus fault: read8 unmapped 0x00000000
[WARN  mem::bus] Bus fault: read8 unmapped 0x00000000
[WARN  mem::bus] Bus fault: read8 unmapped 0x00000000
[WARN  mem::bus] Bus fault: read8 unmapped 0x00000000
[WARN  mem::bus] Bus fault: read8 unmapped 0x00000000
[WARN  mem::bus] Bus fault: read8 unmapped 0x00000000
[WARN  mem::bus] Bus fault: read8 unmapped 0x00000000
[WARN  mem::bus] Bus fault: read8 unmapped 0x00000000
[WARN  mem::bus] Bus fault: read8 unmapped 0x00000000
[WARN  mem::bus] Bus fault: read8 unmapped 0x00000000
[WARN  mem::bus] Bus fault: read8 unmapped 0x00000000
[WARN  mem::bus] Bus fault: read8 unmapped 0x00000000
[WARN  mem::bus] Bus fault: read8 unmapped 0x00000000
[WARN  mem::bus] Bus fault: read8 unmapped 0x00000000
[WARN  mem::bus] Bus fault: read8 unmapped 0x00000000
[WARN  mem::bus] Bus fault: read8 unmapped 0x00000000
[WARN  mem::bus] Bus fault: read8 unmapped 0x00000000
[WARN  mem::bus] Bus fault: read8 unmapped 0x00000000
[WARN  mem::bus] Bus fault: read8 unmapped 0x00000000
[WARN  mem::bus] Bus fault: read8 unmapped 0x00000000
[WARN  mem::bus] Bus fault: read8 unmapped 0x00000000
[WARN  mem::bus] Bus fault: read8 unmapped 0x00000000
[WARN  mem::bus] Bus fault: read8 unmapped 0x00000000
[WARN  mem::bus] Bus fault: read8 unmapped 0x00000000
[WARN  mem::bus] Bus fault: read8 unmapped 0x00000000
[WARN  mem::bus] Bus fault: read8 unmapped 0x00000000
[WARN  mem::bus] Bus fault: read8 unmapped 0x00000000
[WARN  mem::bus] Bus fault: read8 unmapped 0x00000000
[WARN  mem::bus] Bus fault: read8 unmapped 0x00000000
[WARN  mem::bus] Bus fault: read8 unmapped 0x00000000
[WARN  mem::bus] Bus fault: read8 unmapped 0x00000000
[WARN  mem::bus] Bus fault: read8 unmapped 0x00000000
[WARN  mem::bus] Bus fault: read8 unmapped 0x00000000
[WARN  mem::bus] Bus fault: read8 unmapped 0x00000000
[WARN  mem::bus] Bus fault: read8 unmapped 0x00000000
[WARN  mem::bus] Bus fault: read8 unmapped 0x00000000
[WARN  mem::bus] Bus fault: read8 unmapped 0x00000000
[WARN  mem::bus] Bus fault: read8 unmapped 0x00000000
[WARN  mem::bus] Bus fault: read8 unmapped 0x00000000
[WARN  mem::bus] Bus fault: read8 unmapped 0x00000000
[WARN  mem::bus] Bus fault: read8 unmapped 0x00000000
[WARN  mem::bus] Bus fault: read8 unmapped 0x00000000
[WARN  mem::bus] Bus fault: read8 unmapped 0x00000000
[WARN  mem::bus] Bus fault: read8 unmapped 0x00000000
[WARN  mem::bus] Bus fault: read8 unmapped 0x00000000
[WARN  mem::bus] Bus fault: read8 unmapped 0x00000000
[WARN  mem::bus] Bus fault: read8 unmapped 0x00000000
[WARN  mem::bus] Bus fault: read8 unmapped 0x00000000
[WARN  mem::bus] Bus fault: read8 unmapped 0x00000000
[WARN  mem::bus] Bus fault: read8 unmapped 0x00000000
[WARN  mem::bus] Bus fault: read8 unmapped 0x00000000
[WARN  mem::bus] Bus fault: read8 unmapped 0x00000000
[WARN  mem::bus] Bus fault: read8 unmapped 0x00000000
[WARN  mem::bus] Bus fault: read8 unmapped 0x00000000
[WARN  mem::bus] Bus fault: read8 unmapped 0x00000000
[WARN  mem::bus] Bus fault: read8 unmapped 0x00000000
[WARN  mem::bus] Bus fault: read8 unmapped 0x00000000
[WARN  mem::bus] Bus fault: read8 unmapped 0x00000000
[WARN  mem::bus] Bus fault: read8 unmapped 0x00000000
[WARN  mem::bus] Bus fault: read8 unmapped 0x00000000
[WARN  mem::bus] Bus fault: read8 unmapped 0x00000000
[WARN  mem::bus] Bus fault: read8 unmapped 0x00000000
[WARN  mem::bus] Bus fault: read8 unmapped 0x00000000
[WARN  mem::bus] Bus fault: read8 unmapped 0x00000000
[WARN  mem::bus] Bus fault: read8 unmapped 0x00000000
[WARN  mem::bus] Bus fault: read8 unmapped 0x00000000
[WARN  mem::bus] Bus fault: read8 unmapped 0x00000000
[WARN  mem::bus] Bus fault: read8 unmapped 0x00000000
[WARN  mem::bus] Bus fault: read8 unmapped 0x00000000
[WARN  mem::bus] Bus fault: read8 unmapped 0x00000000
[WARN  mem::bus] Bus fault: read8 unmapped 0x00000000
[WARN  mem::bus] Bus fault: read8 unmapped 0x00000000
[WARN  mem::bus] Bus fault: read8 unmapped 0x00000000
[WARN  mem::bus] Bus fault: read8 unmapped 0x00000000
[WARN  mem::bus] Bus fault: read8 unmapped 0x00000000
[WARN  mem::bus] Bus fault: read8 unmapped 0x00000000
[WARN  mem::bus] Bus fault: read8 unmapped 0x00000000
[WARN  mem::bus] Bus fault: read8 unmapped 0x00000000
[WARN  mem::bus] Bus fault: read8 unmapped 0x00000000
[WARN  mem::bus] Bus fault: read8 unmapped 0x00000000
[WARN  mem::bus] Bus fault: read8 unmapped 0x00000000
[WARN  mem::bus] Bus fault: read8 unmapped 0x00000000
[WARN  mem::bus] Bus fault: read8 unmapped 0x00000000
[WARN  mem::bus] Bus fault: read8 unmapped 0x00000000
[WARN  mem::bus] Bus fault: read8 unmapped 0x00000000
[WARN  mem::bus] Bus fault: read8 unmapped 0x00000000
[WARN  mem::bus] Bus fault: read8 unmapped 0x00000000
[WARN  mem::bus] Bus fault: read8 unmapped 0x00000000
[WARN  mem::bus] Bus fault: read8 unmapped 0x00000000
[WARN  mem::bus] Bus fault: read8 unmapped 0x00000000
[WARN  mem::bus] Bus fault: read8 unmapped 0x00000000
[WARN  mem::bus] Bus fault: read8 unmapped 0x00000000
[WARN  mem::bus] Bus fault: read8 unmapped 0x00000000
[WARN  mem::bus] Bus fault: read8 unmapped 0x00000000
[WARN  mem::bus] Bus fault: read8 unmapped 0x00000000
[WARN  mem::bus] Bus fault: read8 unmapped 0x00000000
[WARN  mem::bus] Bus fault: read8 unmapped 0x00000000
[WARN  mem::bus] Bus fault: read8 unmapped 0x00000000
[WARN  mem::bus] Bus fault: read8 unmapped 0x00000000
[WARN  mem::bus] Bus fault: read8 unmapped 0x00000000
[WARN  mem::bus] Bus fault: read8 unmapped 0x00000000
[WARN  mem::bus] Bus fault: read8 unmapped 0x00000000
[WARN  mem::bus] Bus fault: read8 unmapped 0x00000000
[WARN  mem::bus] Bus fault: read8 unmapped 0x00000000
[WARN  mem::bus] Bus fault: read8 unmapped 0x00000000
[WARN  mem::bus] Bus fault: read8 unmapped 0x00000000
[WARN  mem::bus] Bus fault: read8 unmapped 0x00000000
[WARN  mem::bus] Bus fault: read8 unmapped 0x00000000
[WARN  mem::bus] Bus fault: read8 unmapped 0x00000000
[WARN  mem::bus] Bus fault: read8 unmapped 0x00000000
[WARN  mem::bus] Bus fault: read8 unmapped 0x00000000
[WARN  mem::bus] Bus fault: read8 unmapped 0x00000000
[WARN  mem::bus] Bus fault: read8 unmapped 0x00000000
[WARN  mem::bus] Bus fault: read8 unmapped 0x00000000
[WARN  mem::bus] Bus fault: read8 unmapped 0x00000000
[WARN  mem::bus] Bus fault: read8 unmapped 0x00000000
[WARN  mem::bus] Bus fault: read8 unmapped 0x00000000
[WARN  mem::bus] Bus fault: read8 unmapped 0x00000000
[WARN  mem::bus] Bus fault: read8 unmapped 0x00000000
[WARN  mem::bus] Bus fault: read8 unmapped 0x00000000
[WARN  mem::bus] Bus fault: read8 unmapped 0x00000000
[WARN  mem::bus] Bus fault: read8 unmapped 0x00000000
[WARN  mem::bus] Bus fault: read8 unmapped 0x00000000
[WARN  mem::bus] Bus fault: read8 unmapped 0x00000000
[WARN  mem::bus] Bus fault: read8 unmapped 0x00000000
[WARN  mem::bus] Bus fault: read8 unmapped 0x00000000
[WARN  mem::bus] Bus fault: read8 unmapped 0x00000000
[WARN  mem::bus] Bus fault: read8 unmapped 0x00000000
[WARN  mem::bus] Bus fault: read8 unmapped 0x00000000
[WARN  mem::bus] Bus fault: read8 unmapped 0x00000000
[WARN  mem::bus] Bus fault: read8 unmapped 0x00000000
[WARN  mem::bus] Bus fault: read8 unmapped 0x00000000
[WARN  mem::bus] Bus fault: read8 unmapped 0x00000000
[WARN  mem::bus] Bus fault: read8 unmapped 0x00000000
[WARN  mem::bus] Bus fault: read8 unmapped 0x00000000
[WARN  mem::bus] Bus fault: read8 unmapped 0x00000000
[WARN  mem::bus] Bus fault: read8 unmapped 0x00000000
[WARN  mem::bus] Bus fault: read8 unmapped 0x00000000
[WARN  mem::bus] Bus fault: read8 unmapped 0x00000000
[WARN  mem::bus] Bus fault: read8 unmapped 0x00000000
[WARN  mem::bus] Bus fault: read8 unmapped 0x00000000
[WARN  mem::bus] Bus fault: read8 unmapped 0x00000000
[WARN  mem::bus] Bus fault: read8 unmapped 0x00000000
[WARN  mem::bus] Bus fault: read8 unmapped 0x00000000
[WARN  mem::bus] Bus fault: read8 unmapped 0x00000000
[WARN  mem::bus] Bus fault: read8 unmapped 0x00000000
[WARN  mem::bus] Bus fault: read8 unmapped 0x00000000
[WARN  mem::bus] Bus fault: read8 unmapped 0x00000000
[WARN  mem::bus] Bus fault: read8 unmapped 0x00000000
[WARN  mem::bus] Bus fault: read8 unmapped 0x00000000
[WARN  mem::bus] Bus fault: read8 unmapped 0x00000000
[WARN  mem::bus] Bus fault: read8 unmapped 0x00000000
[WARN  mem::bus] Bus fault: read8 unmapped 0x00000000
[WARN  mem::bus] Bus fault: read8 unmapped 0x00000000
[WARN  mem::bus] Bus fault: read8 unmapped 0x00000000
[WARN  mem::bus] Bus fault: read8 unmapped 0x00000000
[WARN  mem::bus] Bus fault: read8 unmapped 0x00000000
[WARN  mem::bus] Bus fault: read8 unmapped 0x00000000
[WARN  mem::bus] Bus fault: read8 unmapped 0x00000000
[WARN  mem::bus] Bus fault: read8 unmapped 0x00000000
[WARN  mem::bus] Bus fault: read8 unmapped 0x00000000
[WARN  mem::bus] Bus fault: read8 unmapped 0x00000000
[WARN  mem::bus] Bus fault: read8 unmapped 0x00000000
[WARN  mem::bus] Bus fault: read8 unmapped 0x00000000
[WARN  mem::bus] Bus fault: read8 unmapped 0x00000000
[WARN  mem::bus] Bus fault: read8 unmapped 0x00000000
[WARN  mem::bus] Bus fault: read8 unmapped 0x00000000
[WARN  mem::bus] Bus fault: read8 unmapped 0x00000000
[WARN  mem::bus] Bus fault: read8 unmapped 0x00000000
[WARN  mem::bus] Bus fault: read8 unmapped 0x00000000
[WARN  mem::bus] Bus fault: read8 unmapped 0x00000000
[WARN  mem::bus] Bus fault: read8 unmapped 0x00000000
[WARN  mem::bus] Bus fault: read8 unmapped 0x00000000
[WARN  mem::bus] Bus fault: read8 unmapped 0x00000000
[WARN  mem::bus] Bus fault: read8 unmapped 0x00000000
[WARN  mem::bus] Bus fault: read8 unmapped 0x00000000
[WARN  mem::bus] Bus fault: read8 unmapped 0x00000000
[WARN  mem::bus] Bus fault: read8 unmapped 0x00000000
[WARN  mem::bus] Bus fault: read8 unmapped 0x00000000
[WARN  mem::bus] Bus fault: read8 unmapped 0x00000000
[WARN  mem::bus] Bus fault: read8 unmapped 0x00000000
[WARN  mem::bus] Bus fault: read8 unmapped 0x00000000
[WARN  mem::bus] Bus fault: read8 unmapped 0x00000000
[WARN  mem::bus] Bus fault: read8 unmapped 0x00000000
[WARN  mem::bus] Bus fault: read8 unmapped 0x00000000
[WARN  mem::bus] Bus fault: read8 unmapped 0x00000000
[WARN  mem::bus] Bus fault: read8 unmapped 0x00000000
[WARN  mem::bus] Bus fault: read8 unmapped 0x00000000
[WARN  mem::bus] Bus fault: read8 unmapped 0x00000000
[WARN  mem::bus] Bus fault: read8 unmapped 0x00000000
[WARN  mem::bus] Bus fault: read8 unmapped 0x00000000
[WARN  mem::bus] Bus fault: read8 unmapped 0x00000000
[WARN  mem::bus] Bus fault: read8 unmapped 0x00000000
[WARN  mem::bus] Bus fault: read8 unmapped 0x00000000
[WARN  mem::bus] Bus fault: read8 unmapped 0x00000000
[WARN  mem::bus] Bus fault: read8 unmapped 0x00000000
[WARN  mem::bus] Bus fault: read8 unmapped 0x00000000
[WARN  mem::bus] Bus fault: read8 unmapped 0x00000000
[WARN  mem::bus] Bus fault: read8 unmapped 0x00000000
[WARN  mem::bus] Bus fault: read8 unmapped 0x00000000
[WARN  mem::bus] Bus fault: read8 unmapped 0x00000000
[WARN  mem::bus] Bus fault: read8 unmapped 0x00000000
[WARN  mem::bus] Bus fault: read8 unmapped 0x00000000
[WARN  mem::bus] Bus fault: read8 unmapped 0x00000000
[WARN  mem::bus] Bus fault: read8 unmapped 0x00000000
[WARN  mem::bus] Bus fault: read8 unmapped 0x00000000
[WARN  mem::bus] Bus fault: read8 unmapped 0x00000000
[WARN  mem::bus] Bus fault: read8 unmapped 0x00000000
[WARN  mem::bus] Bus fault: read8 unmapped 0x00000000
[WARN  mem::bus] Bus fault: read8 unmapped 0x00000000
[WARN  mem::bus] Bus fault: read8 unmapped 0x00000000
[WARN  mem::bus] Bus fault: read8 unmapped 0x00000000
[WARN  mem::bus] Bus fault: read8 unmapped 0x00000000
[WARN  mem::bus] Bus fault: read8 unmapped 0x00000000
[WARN  mem::bus] Bus fault: read8 unmapped 0x00000000
[WARN  mem::bus] Bus fault: read8 unmapped 0x00000000
[WARN  mem::bus] Bus fault: read8 unmapped 0x00000000
[WARN  mem::bus] Bus fault: read8 unmapped 0x00000000
[WARN  mem::bus] Bus fault: read8 unmapped 0x00000000
[WARN  mem::bus] Bus fault: read8 unmapped 0x00000000
[WARN  mem::bus] Bus fault: read8 unmapped 0x00000000
[WARN  mem::bus] Bus fault: read8 unmapped 0x00000000
[WARN  mem::bus] Bus fault: read8 unmapped 0x00000000
[WARN  mem::bus] Bus fault: read8 unmapped 0x00000000
[WARN  mem::bus] Bus fault: read8 unmapped 0x00000000
[WARN  mem::bus] Bus fault: read8 unmapped 0x00000000
[WARN  mem::bus] Bus fault: read8 unmapped 0x00000000
[WARN  mem::bus] Bus fault: read8 unmapped 0x00000000
[WARN  mem::bus] Bus fault: read8 unmapped 0x00000000
[WARN  mem::bus] Bus fault: read8 unmapped 0x00000000
[WARN  mem::bus] Bus fault: read8 unmapped 0x00000000
[WARN  mem::bus] Bus fault: read8 unmapped 0x00000000
[WARN  mem::bus] Bus fault: read8 unmapped 0x00000000
[WARN  mem::bus] Bus fault: read8 unmapped 0x00000000
[WARN  mem::bus] Bus fault: read8 unmapped 0x00000000
[WARN  mem::bus] Bus fault: read8 unmapped 0x00000000
[WARN  mem::bus] Bus fault: read8 unmapped 0x00000000
[WARN  mem::bus] Bus fault: read8 unmapped 0x00000000
[WARN  mem::bus] Bus fault: read8 unmapped 0x00000000
[WARN  mem::bus] Bus fault: read8 unmapped 0x00000000
[WARN  mem::bus] Bus fault: read8 unmapped 0x00000000
[WARN  mem::bus] Bus fault: read8 unmapped 0x00000000
[WARN  mem::bus] Bus fault: read8 unmapped 0x00000000
[WARN  mem::bus] Bus fault: read8 unmapped 0x00000000
[WARN  mem::bus] Bus fault: read8 unmapped 0x00000000
[WARN  mem::bus] Bus fault: read8 unmapped 0x00000000
[WARN  mem::bus] Bus fault: read8 unmapped 0x00000000
[WARN  mem::bus] Bus fault: read8 unmapped 0x00000000
[WARN  mem::bus] Bus fault: read8 unmapped 0x00000000
[WARN  mem::bus] Bus fault: read8 unmapped 0x00000000
[WARN  mem::bus] Bus fault: read8 unmapped 0x00000000
[WARN  mem::bus] Bus fault: read8 unmapped 0x00000000
[WARN  mem::bus] Bus fault: read8 unmapped 0x00000000
[WARN  mem::bus] Bus fault: read8 unmapped 0x00000000
[WARN  mem::bus] Bus fault: read8 unmapped 0x00000000
[WARN  mem::bus] Bus fault: read8 unmapped 0x00000000
[WARN  mem::bus] Bus fault: read8 unmapped 0x00000000
[WARN  mem::bus] Bus fault: read8 unmapped 0x00000000
[WARN  mem::bus] Bus fault: read8 unmapped 0x00000000
[WARN  mem::bus] Bus fault: read8 unmapped 0x00000000
[WARN  mem::bus] Bus fault: read8 unmapped 0x00000000
[WARN  mem::bus] Bus fault: read8 unmapped 0x00000000
[WARN  mem::bus] Bus fault: read8 unmapped 0x00000000
[WARN  mem::bus] Bus fault: read8 unmapped 0x00000000
[WARN  mem::bus] Bus fault: read8 unmapped 0x00000000
[WARN  mem::bus] Bus fault: read8 unmapped 0x00000000
[WARN  mem::bus] Bus fault: read8 unmapped 0x00000000
[WARN  mem::bus] Bus fault: read8 unmapped 0x00000000
[WARN  mem::bus] Bus fault: read8 unmapped 0x00000000
[WARN  mem::bus] Bus fault: read8 unmapped 0x00000000
[WARN  mem::bus] Bus fault: read8 unmapped 0x00000000
[WARN  mem::bus] Bus fault: read8 unmapped 0x00000000
[WARN  mem::bus] Bus fault: read8 unmapped 0x00000000
[WARN  mem::bus] Bus fault: read8 unmapped 0x00000000
[WARN  mem::bus] Bus fault: read8 unmapped 0x00000000
[WARN  mem::bus] Bus fault: read8 unmapped 0x00000000
[WARN  mem::bus] Bus fault: read8 unmapped 0x00000000
[WARN  mem::bus] Bus fault: read8 unmapped 0x00000000
[WARN  mem::bus] Bus fault: read8 unmapped 0x00000000
[WARN  mem::bus] Bus fault: read8 unmapped 0x00000000
[WARN  mem::bus] Bus fault: read8 unmapped 0x00000000
[WARN  mem::bus] Bus fault: read8 unmapped 0x00000000
[WARN  mem::bus] Bus fault: read8 unmapped 0x00000000
[WARN  mem::bus] Bus fault: read8 unmapped 0x00000000
[WARN  mem::bus] Bus fault: read8 unmapped 0x00000000
[WARN  mem::bus] Bus fault: read8 unmapped 0x00000000
[WARN  mem::bus] Bus fault: read8 unmapped 0x00000000
[WARN  mem::bus] Bus fault: read8 unmapped 0x00000000
[WARN  mem::bus] Bus fault: read8 unmapped 0x00000000
[WARN  mem::bus] Bus fault: read8 unmapped 0x00000000
[WARN  mem::bus] Bus fault: read8 unmapped 0x00000000
[WARN  mem::bus] Bus fault: read8 unmapped 0x00000000
[WARN  mem::bus] Bus fault: read8 unmapped 0x00000000
[WARN  mem::bus] Bus fault: read8 unmapped 0x00000000
[WARN  mem::bus] Bus fault: read8 unmapped 0x00000000
[WARN  mem::bus] Bus fault: read8 unmapped 0x00000000
[WARN  mem::bus] Bus fault: read8 unmapped 0x00000000
[WARN  mem::bus] Bus fault: read8 unmapped 0x00000000
[WARN  mem::bus] Bus fault: read8 unmapped 0x00000000
[WARN  mem::bus] Bus fault: read8 unmapped 0x00000000
[WARN  mem::bus] Bus fault: read8 unmapped 0x00000000
[WARN  mem::bus] Bus fault: read8 unmapped 0x00000000
[WARN  mem::bus] Bus fault: read8 unmapped 0x00000000
[WARN  mem::bus] Bus fault: read8 unmapped 0x00000000
[WARN  mem::bus] Bus fault: read8 unmapped 0x00000000
[WARN  mem::bus] Bus fault: read8 unmapped 0x00000000
[WARN  mem::bus] Bus fault: read8 unmapped 0x00000000
[WARN  mem::bus] Bus fault: read8 unmapped 0x00000000
[WARN  mem::bus] Bus fault: read8 unmapped 0x00000000
[WARN  mem::bus] Bus fault: read8 unmapped 0x00000000
[WARN  mem::bus] Bus fault: read8 unmapped 0x00000000
[WARN  mem::bus] Bus fault: read8 unmapped 0x00000000
[WARN  mem::bus] Bus fault: read8 unmapped 0x00000000
[WARN  mem::bus] Bus fault: read8 unmapped 0x00000000
[WARN  mem::bus] Bus fault: read8 unmapped 0x00000000
[WARN  mem::bus] Bus fault: read8 unmapped 0x00000000
[WARN  mem::bus] Bus fault: read8 unmapped 0x00000000
[WARN  mem::bus] Bus fault: read8 unmapped 0x00000000
[WARN  mem::bus] Bus fault: read8 unmapped 0x00000000
[WARN  mem::bus] Bus fault: read8 unmapped 0x00000000
[WARN  mem::bus] Bus fault: read8 unmapped 0x00000000
[WARN  mem::bus] Bus fault: read8 unmapped 0x00000000
[WARN  mem::bus] Bus fault: read8 unmapped 0x00000000
[WARN  mem::bus] Bus fault: read8 unmapped 0x00000000
[WARN  mem::bus] Bus fault: read8 unmapped 0x00000000
[WARN  mem::bus] Bus fault: read8 unmapped 0x00000000
[WARN  mem::bus] Bus fault: read8 unmapped 0x00000000
[WARN  mem::bus] Bus fault: read8 unmapped 0x00000000
[WARN  mem::bus] Bus fault: read8 unmapped 0x00000000
[WARN  mem::bus] Bus fault: read8 unmapped 0x00000000
[WARN  mem::bus] Bus fault: read8 unmapped 0x00000000
[WARN  mem::bus] Bus fault: read8 unmapped 0x00000000
[WARN  mem::bus] Bus fault: read8 unmapped 0x00000000
[WARN  mem::bus] Bus fault: read8 unmapped 0x00000000
[WARN  mem::bus] Bus fault: read8 unmapped 0x00000000
[WARN  mem::bus] Bus fault: read8 unmapped 0x00000000
[WARN  mem::bus] Bus fault: read8 unmapped 0x00000000
[WARN  mem::bus] Bus fault: read8 unmapped 0x00000000
[WARN  mem::bus] Bus fault: read8 unmapped 0x00000000
[WARN  mem::bus] Bus fault: read8 unmapped 0x00000000
[WARN  mem::bus] Bus fault: read8 unmapped 0x00000000
[WARN  mem::bus] Bus fault: read8 unmapped 0x00000000
[WARN  mem::bus] Bus fault: read8 unmapped 0x00000000
[WARN  mem::bus] Bus fault: read8 unmapped 0x00000000
[WARN  mem::bus] Bus fault: read8 unmapped 0x00000000
[WARN  mem::bus] Bus fault: read8 unmapped 0x00000000
[WARN  mem::bus] Bus fault: read8 unmapped 0x00000000
[WARN  mem::bus] Bus fault: read8 unmapped 0x00000000
[WARN  mem::bus] Bus fault: read8 unmapped 0x00000000
[WARN  mem::bus] Bus fault: read8 unmapped 0x00000000
[WARN  mem::bus] Bus fault: read8 unmapped 0x00000000
[WARN  mem::bus] Bus fault: read8 unmapped 0x00000000
[WARN  mem::bus] Bus fault: read8 unmapped 0x00000000
[WARN  mem::bus] Bus fault: read8 unmapped 0x00000000
[WARN  mem::bus] Bus fault: read8 unmapped 0x00000000
[WARN  mem::bus] Bus fault: read8 unmapped 0x00000000
[WARN  mem::bus] Bus fault: read8 unmapped 0x00000000
[WARN  mem::bus] Bus fault: read8 unmapped 0x00000000
[WARN  mem::bus] Bus fault: read8 unmapped 0x00000000
[WARN  mem::bus] Bus fault: read8 unmapped 0x00000000
[WARN  mem::bus] Bus fault: read8 unmapped 0x00000000
[WARN  mem::bus] Bus fault: read8 unmapped 0x00000000
[WARN  mem::bus] Bus fault: read8 unmapped 0x00000000
[WARN  mem::bus] Bus fault: read8 unmapped 0x00000000
[WARN  mem::bus] Bus fault: read8 unmapped 0x00000000
[WARN  mem::bus] Bus fault: read8 unmapped 0x00000000
[WARN  mem::bus] Bus fault: read8 unmapped 0x00000000
[WARN  mem::bus] Bus fault: read8 unmapped 0x00000000
[WARN  mem::bus] Bus fault: read8 unmapped 0x00000000
[WARN  mem::bus] Bus fault: read8 unmapped 0x00000000
[WARN  mem::bus] Bus fault: read8 unmapped 0x00000000
[WARN  mem::bus] Bus fault: read8 unmapped 0x00000000
[WARN  mem::bus] Bus fault: read8 unmapped 0x00000000
[WARN  mem::bus] Bus fault: read8 unmapped 0x00000000
[WARN  mem::bus] Bus fault: read8 unmapped 0x00000000
[WARN  mem::bus] Bus fault: read8 unmapped 0x00000000
[WARN  mem::bus] Bus fault: read8 unmapped 0x00000000
[WARN  mem::bus] Bus fault: read8 unmapped 0x00000000
[WARN  mem::bus] Bus fault: read8 unmapped 0x00000000
[WARN  mem::bus] Bus fault: read8 unmapped 0x00000000
[WARN  mem::bus] Bus fault: read8 unmapped 0x00000000
[WARN  mem::bus] Bus fault: read8 unmapped 0x00000000
[WARN  mem::bus] Bus fault: read8 unmapped 0x00000000
[WARN  mem::bus] Bus fault: read8 unmapped 0x00000000
[WARN  mem::bus] Bus fault: read8 unmapped 0x00000000
[WARN  mem::bus] Bus fault: read8 unmapped 0x00000000
[WARN  mem::bus] Bus fault: read8 unmapped 0x00000000
[WARN  mem::bus] Bus fault: read8 unmapped 0x00000000
[WARN  mem::bus] Bus fault: read8 unmapped 0x00000000
[WARN  mem::bus] Bus fault: read8 unmapped 0x00000000
[WARN  mem::bus] Bus fault: read8 unmapped 0x00000000
[WARN  mem::bus] Bus fault: read8 unmapped 0x00000000
[WARN  mem::bus] Bus fault: read8 unmapped 0x00000000
[WARN  mem::bus] Bus fault: read8 unmapped 0x00000000
[WARN  mem::bus] Bus fault: read8 unmapped 0x00000000
[WARN  mem::bus] Bus fault: read8 unmapped 0x00000000
[WARN  mem::bus] Bus fault: read8 unmapped 0x00000000
[WARN  mem::bus] Bus fault: read8 unmapped 0x00000000
[WARN  mem::bus] Bus fault: read8 unmapped 0x00000000
[WARN  mem::bus] Bus fault: read8 unmapped 0x00000000
[WARN  mem::bus] Bus fault: read8 unmapped 0x00000000
[WARN  mem::bus] Bus fault: read8 unmapped 0x00000000
[WARN  mem::bus] Bus fault: read8 unmapped 0x00000000
[WARN  mem::bus] Bus fault: read8 unmapped 0x00000000
[WARN  mem::bus] Bus fault: read8 unmapped 0x00000000
[WARN  mem::bus] Bus fault: read8 unmapped 0x00000000
[WARN  mem::bus] Bus fault: read8 unmapped 0x00000000
[WARN  mem::bus] Bus fault: read8 unmapped 0x00000000
[WARN  mem::bus] Bus fault: read8 unmapped 0x00000000
[WARN  mem::bus] Bus fault: read8 unmapped 0x00000000
[WARN  mem::bus] Bus fault: read8 unmapped 0x00000000
[WARN  mem::bus] Bus fault: read8 unmapped 0x00000000
[WARN  mem::bus] Bus fault: read8 unmapped 0x00000000
[WARN  mem::bus] Bus fault: read8 unmapped 0x00000000
[WARN  mem::bus] Bus fault: read8 unmapped 0x00000000
[WARN  mem::bus] Bus fault: read8 unmapped 0x00000000
[WARN  mem::bus] Bus fault: read8 unmapped 0x00000000
[WARN  mem::bus] Bus fault: read8 unmapped 0x00000000
[WARN  mem::bus] Bus fault: read8 unmapped 0x00000000
[WARN  mem::bus] Bus fault: read8 unmapped 0x00000000
[WARN  mem::bus] Bus fault: read8 unmapped 0x00000000
[WARN  mem::bus] Bus fault: read8 unmapped 0x00000000
[WARN  mem::bus] Bus fault: read8 unmapped 0x00000000
[WARN  mem::bus] Bus fault: read8 unmapped 0x00000000
[WARN  mem::bus] Bus fault: read8 unmapped 0x00000000
[WARN  mem::bus] Bus fault: read8 unmapped 0x00000000
[WARN  mem::bus] Bus fault: read8 unmapped 0x00000000
[WARN  mem::bus] Bus fault: read8 unmapped 0x00000000
[WARN  mem::bus] Bus fault: read8 unmapped 0x00000000
[WARN  mem::bus] Bus fault: read8 unmapped 0x00000000
[WARN  mem::bus] Bus fault: read8 unmapped 0x00000000
[WARN  mem::bus] Bus fault: read8 unmapped 0x00000000
[WARN  mem::bus] Bus fault: read8 unmapped 0x00000000
[WARN  mem::bus] Bus fault: read8 unmapped 0x00000000
[WARN  mem::bus] Bus fault: read8 unmapped 0x00000000
[WARN  mem::bus] Bus fault: read8 unmapped 0x00000000
[WARN  mem::bus] Bus fault: read8 unmapped 0x00000000
[WARN  mem::bus] Bus fault: read8 unmapped 0x00000000
[WARN  mem::bus] Bus fault: read8 unmapped 0x00000000
[WARN  mem::bus] Bus fault: read8 unmapped 0x00000000
[WARN  mem::bus] Bus fault: read8 unmapped 0x00000000
[WARN  mem::bus] Bus fault: read8 unmapped 0x00000000
[WARN  mem::bus] Bus fault: read8 unmapped 0x00000000
[WARN  mem::bus] Bus fault: read8 unmapped 0x00000000
[WARN  mem::bus] Bus fault: read8 unmapped 0x00000000
[WARN  mem::bus] Bus fault: read8 unmapped 0x00000000
[WARN  mem::bus] Bus fault: read8 unmapped 0x00000000
[WARN  mem::bus] Bus fault: read8 unmapped 0x00000000
[WARN  mem::bus] Bus fault: read8 unmapped 0x00000000
[WARN  mem::bus] Bus fault: read8 unmapped 0x00000000
[WARN  mem::bus] Bus fault: read8 unmapped 0x00000000
[WARN  mem::bus] Bus fault: read8 unmapped 0x00000000
[WARN  mem::bus] Bus fault: read8 unmapped 0x00000000
[WARN  mem::bus] Bus fault: read8 unmapped 0x00000000
[WARN  mem::bus] Bus fault: read8 unmapped 0x00000000
[WARN  mem::bus] Bus fault: read8 unmapped 0x00000000
[WARN  mem::bus] Bus fault: read8 unmapped 0x00000000
[WARN  mem::bus] Bus fault: read8 unmapped 0x00000000
[WARN  mem::bus] Bus fault: read8 unmapped 0x00000000
[WARN  mem::bus] Bus fault: read8 unmapped 0x00000000
[WARN  mem::bus] Bus fault: read8 unmapped 0x00000000
[WARN  mem::bus] Bus fault: read8 unmapped 0x00000000
[WARN  mem::bus] Bus fault: read8 unmapped 0x00000000
[WARN  mem::bus] Bus fault: read8 unmapped 0x00000000
[WARN  mem::bus] Bus fault: read8 unmapped 0x00000000
[WARN  mem::bus] Bus fault: read8 unmapped 0x00000000
[WARN  mem::bus] Bus fault: read8 unmapped 0x00000000
[WARN  mem::bus] Bus fault: read8 unmapped 0x00000000
[WARN  mem::bus] Bus fault: read8 unmapped 0x00000000
[WARN  mem::bus] Bus fault: read8 unmapped 0x00000000
[WARN  mem::bus] Bus fault: read8 unmapped 0x00000000
[WARN  mem::bus] Bus fault: read8 unmapped 0x00000000
[WARN  mem::bus] Bus fault: read8 unmapped 0x00000000
[WARN  mem::bus] Bus fault: read8 unmapped 0x00000000
[WARN  mem::bus] Bus fault: read8 unmapped 0x00000000
[WARN  mem::bus] Bus fault: read8 unmapped 0x00000000
[WARN  mem::bus] Bus fault: read8 unmapped 0x00000000
[WARN  mem::bus] Bus fault: read8 unmapped 0x00000000
[WARN  mem::bus] Bus fault: read8 unmapped 0x00000000
[WARN  mem::bus] Bus fault: read8 unmapped 0x00000000
[WARN  mem::bus] Bus fault: read8 unmapped 0x00000000
[WARN  mem::bus] Bus fault: read8 unmapped 0x00000000
[WARN  mem::bus] Bus fault: read8 unmapped 0x00000000
[WARN  mem::bus] Bus fault: read8 unmapped 0x00000000
[WARN  mem::bus] Bus fault: read8 unmapped 0x00000000
[WARN  mem::bus] Bus fault: read8 unmapped 0x00000000
[WARN  mem::bus] Bus fault: read8 unmapped 0x00000000
[WARN  mem::bus] Bus fault: read8 unmapped 0x00000000
[WARN  mem::bus] Bus fault: read8 unmapped 0x00000000
[WARN  mem::bus] Bus fault: read8 unmapped 0x00000000
[WARN  mem::bus] Bus fault: read8 unmapped 0x00000000
[WARN  mem::bus] Bus fault: read8 unmapped 0x00000000
[WARN  mem::bus] Bus fault: read8 unmapped 0x00000000
[WARN  mem::bus] Bus fault: read8 unmapped 0x00000000
[WARN  mem::bus] Bus fault: read8 unmapped 0x00000000
[WARN  mem::bus] Bus fault: read8 unmapped 0x00000000
[WARN  mem::bus] Bus fault: read8 unmapped 0x00000000
[WARN  mem::bus] Bus fault: read8 unmapped 0x00000000
[WARN  mem::bus] Bus fault: read8 unmapped 0x00000000
[WARN  mem::bus] Bus fault: read8 unmapped 0x00000000
[WARN  mem::bus] Bus fault: read8 unmapped 0x00000000
[WARN  mem::bus] Bus fault: read8 unmapped 0x00000000
[WARN  mem::bus] Bus fault: read8 unmapped 0x00000000
[WARN  mem::bus] Bus fault: read8 unmapped 0x00000000
[WARN  mem::bus] Bus fault: read8 unmapped 0x00000000
[WARN  mem::bus] Bus fault: read8 unmapped 0x00000000
[WARN  mem::bus] Bus fault: read8 unmapped 0x00000000
[WARN  mem::bus] Bus fault: read8 unmapped 0x00000000
[WARN  mem::bus] Bus fault: read8 unmapped 0x00000000
[WARN  mem::bus] Bus fault: read8 unmapped 0x00000000
[WARN  mem::bus] Bus fault: read8 unmapped 0x00000000
[WARN  mem::bus] Bus fault: read8 unmapped 0x00000000
[WARN  mem::bus] Bus fault: read8 unmapped 0x00000000
[WARN  mem::bus] Bus fault: read8 unmapped 0x00000000
[WARN  mem::bus] Bus fault: read8 unmapped 0x00000000
[WARN  mem::bus] Bus fault: read8 unmapped 0x00000000
[WARN  mem::bus] Bus fault: read8 unmapped 0x00000000
[WARN  mem::bus] Bus fault: read8 unmapped 0x00000000
[WARN  mem::bus] Bus fault: read8 unmapped 0x00000000
[WARN  mem::bus] Bus fault: read8 unmapped 0x00000000
[WARN  mem::bus] Bus fault: read8 unmapped 0x00000000
[WARN  mem::bus] Bus fault: read8 unmapped 0x00000000
[WARN  mem::bus] Bus fault: read8 unmapped 0x00000000
[WARN  mem::bus] Bus fault: read8 unmapped 0x00000000
[WARN  mem::bus] Bus fault: read8 unmapped 0x00000000
[WARN  mem::bus] Bus fault: read8 unmapped 0x00000000
[WARN  mem::bus] Bus fault: read8 unmapped 0x00000000
[WARN  mem::bus] Bus fault: read8 unmapped 0x00000000
[WARN  mem::bus] Bus fault: read8 unmapped 0x00000000
[WARN  mem::bus] Bus fault: read8 unmapped 0x00000000
[WARN  mem::bus] Bus fault: read8 unmapped 0x00000000
[WARN  mem::bus] Bus fault: read8 unmapped 0x00000000
[WARN  mem::bus] Bus fault: read8 unmapped 0x00000000
[WARN  mem::bus] Bus fault: read8 unmapped 0x00000000
[WARN  mem::bus] Bus fault: read8 unmapped 0x00000000
[WARN  mem::bus] Bus fault: read8 unmapped 0x00000000
[WARN  mem::bus] Bus fault: read8 unmapped 0x00000000
[WARN  mem::bus] Bus fault: read8 unmapped 0x00000000
[WARN  mem::bus] Bus fault: read8 unmapped 0x00000000
[WARN  mem::bus] Bus fault: read8 unmapped 0x00000000
[WARN  mem::bus] Bus fault: read8 unmapped 0x00000000
[WARN  mem::bus] Bus fault: read8 unmapped 0x00000000
[WARN  mem::bus] Bus fault: read8 unmapped 0x00000000
[WARN  mem::bus] Bus fault: read8 unmapped 0x00000000
[WARN  mem::bus] Bus fault: read8 unmapped 0x00000000
[WARN  mem::bus] Bus fault: read8 unmapped 0x00000000
[WARN  mem::bus] Bus fault: read8 unmapped 0x00000000
[WARN  mem::bus] Bus fault: read8 unmapped 0x00000000
[WARN  mem::bus] Bus fault: read8 unmapped 0x00000000
[WARN  mem::bus] Bus fault: read8 unmapped 0x00000000
[WARN  mem::bus] Bus fault: read8 unmapped 0x00000000
[WARN  mem::bus] Bus fault: read8 unmapped 0x00000000
[WARN  mem::bus] Bus fault: read8 unmapped 0x00000000
[WARN  mem::bus] Bus fault: read8 unmapped 0x00000000
[WARN  mem::bus] Bus fault: read8 unmapped 0x00000000
[WARN  mem::bus] Bus fault: read8 unmapped 0x00000000
[WARN  mem::bus] Bus fault: read8 unmapped 0x00000000
[WARN  mem::bus] Bus fault: read8 unmapped 0x00000000
[WARN  mem::bus] Bus fault: read8 unmapped 0x00000000
[WARN  mem::bus] Bus fault: read8 unmapped 0x00000000
[WARN  mem::bus] Bus fault: read8 unmapped 0x00000000
[WARN  mem::bus] Bus fault: read8 unmapped 0x00000000
[WARN  mem::bus] Bus fault: read8 unmapped 0x00000000
[WARN  mem::bus] Bus fault: read8 unmapped 0x00000000
[WARN  mem::bus] Bus fault: read8 unmapped 0x00000000
[WARN  mem::bus] Bus fault: read8 unmapped 0x00000000
[WARN  mem::bus] Bus fault: read8 unmapped 0x00000000
[WARN  mem::bus] Bus fault: read8 unmapped 0x00000000
[WARN  mem::bus] Bus fault: read8 unmapped 0x00000000
[WARN  mem::bus] Bus fault: read8 unmapped 0x00000000
[WARN  mem::bus] Bus fault: read8 unmapped 0x00000000
[WARN  mem::bus] Bus fault: read8 unmapped 0x00000000
[WARN  mem::bus] Bus fault: read8 unmapped 0x00000000
[WARN  mem::bus] Bus fault: read8 unmapped 0x00000000
[WARN  mem::bus] Bus fault: read8 unmapped 0x00000000
[WARN  mem::bus] Bus fault: read8 unmapped 0x00000000
[WARN  mem::bus] Bus fault: read8 unmapped 0x00000000
[WARN  mem::bus] Bus fault: read8 unmapped 0x00000000
[WARN  mem::bus] Bus fault: read8 unmapped 0x00000000
[WARN  mem::bus] Bus fault: read8 unmapped 0x00000000
[WARN  mem::bus] Bus fault: read8 unmapped 0x00000000
[WARN  mem::bus] Bus fault: read8 unmapped 0x00000000
[WARN  mem::bus] Bus fault: read8 unmapped 0x00000000
[WARN  mem::bus] Bus fault: read8 unmapped 0x00000000
[WARN  mem::bus] Bus fault: read8 unmapped 0x00000000
[WARN  mem::bus] Bus fault: read8 unmapped 0x00000000
[WARN  mem::bus] Bus fault: read8 unmapped 0x00000000
[WARN  mem::bus] Bus fault: read8 unmapped 0x00000000
[WARN  mem::bus] Bus fault: read8 unmapped 0x00000000
[WARN  mem::bus] Bus fault: read8 unmapped 0x00000000
[WARN  mem::bus] Bus fault: read8 unmapped 0x00000000
[WARN  mem::bus] Bus fault: read8 unmapped 0x00000000
[WARN  mem::bus] Bus fault: read8 unmapped 0x00000000
[WARN  mem::bus] Bus fault: read8 unmapped 0x00000000
[WARN  mem::bus] Bus fault: read8 unmapped 0x00000000
[WARN  mem::bus] Bus fault: read8 unmapped 0x00000000
[WARN  mem::bus] Bus fault: read8 unmapped 0x00000000
[WARN  mem::bus] Bus fault: read8 unmapped 0x00000000
[WARN  mem::bus] Bus fault: read8 unmapped 0x00000000
[WARN  mem::bus] Bus fault: read8 unmapped 0x00000000
[WARN  mem::bus] Bus fault: read8 unmapped 0x00000000
[WARN  mem::bus] Bus fault: read8 unmapped 0x00000000
[WARN  mem::bus] Bus fault: read8 unmapped 0x00000000
[WARN  mem::bus] Bus fault: read8 unmapped 0x00000000
[WARN  mem::bus] Bus fault: read8 unmapped 0x00000000
[WARN  mem::bus] Bus fault: read8 unmapped 0x00000000
[WARN  mem::bus] Bus fault: read8 unmapped 0x00000000
[WARN  mem::bus] Bus fault: read8 unmapped 0x00000000
[WARN  mem::bus] Bus fault: read8 unmapped 0x00000000
[WARN  mem::bus] Bus fault: read8 unmapped 0x00000000
[WARN  mem::bus] Bus fault: read8 unmapped 0x00000000
[WARN  mem::bus] Bus fault: read8 unmapped 0x00000000
[WARN  mem::bus] Bus fault: read8 unmapped 0x00000000
[WARN  mem::bus] Bus fault: read8 unmapped 0x00000000
[WARN  mem::bus] Bus fault: read8 unmapped 0x00000000
[WARN  mem::bus] Bus fault: read8 unmapped 0x00000000
[WARN  mem::bus] Bus fault: read8 unmapped 0x00000000
[WARN  mem::bus] Bus fault: read8 unmapped 0x00000000
[WARN  mem::bus] Bus fault: read8 unmapped 0x00000000
[WARN  mem::bus] Bus fault: read8 unmapped 0x00000000
[WARN  mem::bus] Bus fault: read8 unmapped 0x00000000
[WARN  mem::bus] Bus fault: read8 unmapped 0x00000000
[WARN  mem::bus] Bus fault: read8 unmapped 0x00000000
[WARN  mem::bus] Bus fault: read8 unmapped 0x00000000
[WARN  mem::bus] Bus fault: read8 unmapped 0x00000000
[WARN  mem::bus] Bus fault: read8 unmapped 0x00000000
[WARN  mem::bus] Bus fault: read8 unmapped 0x00000000
[WARN  mem::bus] Bus fault: read8 unmapped 0x00000000
[WARN  mem::bus] Bus fault: read8 unmapped 0x00000000
[WARN  mem::bus] Bus fault: read8 unmapped 0x00000000
[WARN  mem::bus] Bus fault: read8 unmapped 0x00000000
[WARN  mem::bus] Bus fault: read8 unmapped 0x00000000
[WARN  mem::bus] Bus fault: read8 unmapped 0x00000000
[WARN  mem::bus] Bus fault: read8 unmapped 0x00000000
[WARN  mem::bus] Bus fault: read8 unmapped 0x00000000
[WARN  mem::bus] Bus fault: read8 unmapped 0x00000000
[WARN  mem::bus] Bus fault: read8 unmapped 0x00000000
[WARN  mem::bus] Bus fault: read8 unmapped 0x00000000
[WARN  mem::bus] Bus fault: read8 unmapped 0x00000000
[WARN  mem::bus] Bus fault: read8 unmapped 0x00000000
[WARN  mem::bus] Bus fault: read8 unmapped 0x00000000
[WARN  mem::bus] Bus fault: read8 unmapped 0x00000000
[WARN  mem::bus] Bus fault: read8 unmapped 0x00000000
[WARN  mem::bus] Bus fault: read8 unmapped 0x00000000
[WARN  mem::bus] Bus fault: read8 unmapped 0x00000000
[WARN  mem::bus] Bus fault: read8 unmapped 0x00000000
[WARN  mem::bus] Bus fault: read8 unmapped 0x00000000
[WARN  mem::bus] Bus fault: read8 unmapped 0x00000000
[WARN  mem::bus] Bus fault: read8 unmapped 0x00000000
[WARN  mem::bus] Bus fault: read8 unmapped 0x00000000
[WARN  mem::bus] Bus fault: read8 unmapped 0x00000000
[WARN  mem::bus] Bus fault: read8 unmapped 0x00000000
[WARN  mem::bus] Bus fault: read8 unmapped 0x00000000
[WARN  mem::bus] Bus fault: read8 unmapped 0x00000000
[WARN  mem::bus] Bus fault: read8 unmapped 0x00000000
[WARN  mem::bus] Bus fault: read8 unmapped 0x00000000
[WARN  mem::bus] Bus fault: read8 unmapped 0x00000000
[WARN  mem::bus] Bus fault: read8 unmapped 0x00000000
[WARN  mem::bus] Bus fault: read8 unmapped 0x00000000
[WARN  mem::bus] Bus fault: read8 unmapped 0x00000000
[WARN  mem::bus] Bus fault: read8 unmapped 0x00000000
[WARN  mem::bus] Bus fault: read8 unmapped 0x00000000
[WARN  mem::bus] Bus fault: read8 unmapped 0x00000000
[WARN  mem::bus] Bus fault: read8 unmapped 0x00000000
[WARN  mem::bus] Bus fault: read8 unmapped 0x00000000
[WARN  mem::bus] Bus fault: read8 unmapped 0x00000000
[WARN  mem::bus] Bus fault: read8 unmapped 0x00000000
[WARN  mem::bus] Bus fault: read8 unmapped 0x00000000
[WARN  mem::bus] Bus fault: read8 unmapped 0x00000000
[WARN  mem::bus] Bus fault: read8 unmapped 0x00000000
[WARN  mem::bus] Bus fault: read8 unmapped 0x00000000
[WARN  mem::bus] Bus fault: read8 unmapped 0x00000000
[WARN  mem::bus] Bus fault: read8 unmapped 0x00000000
[WARN  mem::bus] Bus fault: read8 unmapped 0x00000000
[WARN  mem::bus] Bus fault: read8 unmapped 0x00000000
[WARN  mem::bus] Bus fault: read8 unmapped 0x00000000
[WARN  mem::bus] Bus fault: read8 unmapped 0x00000000
[WARN  mem::bus] Bus fault: read8 unmapped 0x00000000
[WARN  mem::bus] Bus fault: read8 unmapped 0x00000000
[WARN  mem::bus] Bus fault: read8 unmapped 0x00000000
[WARN  mem::bus] Bus fault: read8 unmapped 0x00000000
[WARN  mem::bus] Bus fault: read8 unmapped 0x00000000
[WARN  mem::bus] Bus fault: read8 unmapped 0x00000000
[WARN  mem::bus] Bus fault: read8 unmapped 0x00000000
[WARN  mem::bus] Bus fault: read8 unmapped 0x00000000
[WARN  mem::bus] Bus fault: read8 unmapped 0x00000000
[WARN  mem::bus] Bus fault: read8 unmapped 0x00000000
[WARN  mem::bus] Bus fault: read8 unmapped 0x00000000
[WARN  mem::bus] Bus fault: read8 unmapped 0x00000000
[WARN  mem::bus] Bus fault: read8 unmapped 0x00000000
[WARN  mem::bus] Bus fault: read8 unmapped 0x00000000
[WARN  mem::bus] Bus fault: read8 unmapped 0x00000000
[WARN  mem::bus] Bus fault: read8 unmapped 0x00000000
[WARN  mem::bus] Bus fault: read8 unmapped 0x00000000
[WARN  mem::bus] Bus fault: read8 unmapped 0x00000000
[WARN  mem::bus] Bus fault: read8 unmapped 0x00000000
[WARN  mem::bus] Bus fault: read8 unmapped 0x00000000
[WARN  mem::bus] Bus fault: read8 unmapped 0x00000000
[WARN  mem::bus] Bus fault: read8 unmapped 0x00000000
[WARN  mem::bus] Bus fault: read8 unmapped 0x00000000
[WARN  mem::bus] Bus fault: read8 unmapped 0x00000000
[WARN  mem::bus] Bus fault: read8 unmapped 0x00000000
[WARN  mem::bus] Bus fault: read8 unmapped 0x00000000
[WARN  mem::bus] Bus fault: read8 unmapped 0x00000000
[WARN  mem::bus] Bus fault: read8 unmapped 0x00000000
[WARN  mem::bus] Bus fault: read8 unmapped 0x00000000
[WARN  mem::bus] Bus fault: read8 unmapped 0x00000000
[WARN  mem::bus] Bus fault: read8 unmapped 0x00000000
[WARN  mem::bus] Bus fault: read8 unmapped 0x00000000
[WARN  mem::bus] Bus fault: read8 unmapped 0x00000000
[WARN  mem::bus] Bus fault: read8 unmapped 0x00000000
[WARN  mem::bus] Bus fault: read8 unmapped 0x00000000
[WARN  mem::bus] Bus fault: read8 unmapped 0x00000000
[WARN  mem::bus] Bus fault: read8 unmapped 0x00000000
[WARN  mem::bus] Bus fault: read8 unmapped 0x00000000
[WARN  mem::bus] Bus fault: read8 unmapped 0x00000000
[WARN  mem::bus] Bus fault: read8 unmapped 0x00000000
[WARN  mem::bus] Bus fault: read8 unmapped 0x00000000
[WARN  mem::bus] Bus fault: read8 unmapped 0x00000000
[WARN  mem::bus] Bus fault: read8 unmapped 0x00000000
[WARN  mem::bus] Bus fault: read8 unmapped 0x00000000
[WARN  mem::bus] Bus fault: read8 unmapped 0x00000000
[WARN  mem::bus] Bus fault: read8 unmapped 0x00000000
[WARN  mem::bus] Bus fault: read8 unmapped 0x00000000
[WARN  mem::bus] Bus fault: read8 unmapped 0x00000000
[WARN  mem::bus] Bus fault: read8 unmapped 0x00000000
[WARN  mem::bus] Bus fault: read8 unmapped 0x00000000
[WARN  mem::bus] Bus fault: read8 unmapped 0x00000000
[WARN  mem::bus] Bus fault: read8 unmapped 0x00000000
[WARN  mem::bus] Bus fault: read8 unmapped 0x00000000
[WARN  mem::bus] Bus fault: read8 unmapped 0x00000000
[WARN  mem::bus] Bus fault: read8 unmapped 0x00000000
[WARN  mem::bus] Bus fault: read8 unmapped 0x00000000
[WARN  mem::bus] Bus fault: read8 unmapped 0x00000000
[WARN  mem::bus] Bus fault: read8 unmapped 0x00000000
[WARN  mem::bus] Bus fault: read8 unmapped 0x00000000
[WARN  mem::bus] Bus fault: read8 unmapped 0x00000000
[WARN  mem::bus] Bus fault: read8 unmapped 0x00000000
[WARN  mem::bus] Bus fault: read8 unmapped 0x00000000
[WARN  mem::bus] Bus fault: read8 unmapped 0x00000000
[WARN  mem::bus] Bus fault: read8 unmapped 0x00000000
[WARN  mem::bus] Bus fault: read8 unmapped 0x00000000
[WARN  mem::bus] Bus fault: read8 unmapped 0x00000000
[WARN  mem::bus] Bus fault: read8 unmapped 0x00000000
[WARN  mem::bus] Bus fault: read8 unmapped 0x00000000
[WARN  mem::bus] Bus fault: read8 unmapped 0x00000000
[WARN  mem::bus] Bus fault: read8 unmapped 0x00000000
[WARN  mem::bus] Bus fault: read8 unmapped 0x00000000
[WARN  mem::bus] Bus fault: read8 unmapped 0x00000000
[WARN  mem::bus] Bus fault: read8 unmapped 0x00000000
[WARN  mem::bus] Bus fault: read8 unmapped 0x00000000
[WARN  mem::bus] Bus fault: read8 unmapped 0x00000000
[WARN  mem::bus] Bus fault: read8 unmapped 0x00000000
[WARN  mem::bus] Bus fault: read8 unmapped 0x00000000
[WARN  mem::bus] Bus fault: read8 unmapped 0x00000000
[WARN  mem::bus] Bus fault: read8 unmapped 0x00000000
[WARN  mem::bus] Bus fault: read8 unmapped 0x00000000
[WARN  mem::bus] Bus fault: read8 unmapped 0x00000000
[WARN  mem::bus] Bus fault: read8 unmapped 0x00000000
[WARN  mem::bus] Bus fault: read8 unmapped 0x00000000
[WARN  mem::bus] Bus fault: read8 unmapped 0x00000000
[WARN  mem::bus] Bus fault: read8 unmapped 0x00000000
[WARN  mem::bus] Bus fault: read8 unmapped 0x00000000
[WARN  mem::bus] Bus fault: read8 unmapped 0x00000000
[WARN  mem::bus] Bus fault: read8 unmapped 0x00000000
[WARN  mem::bus] Bus fault: read8 unmapped 0x00000000
[WARN  mem::bus] Bus fault: read8 unmapped 0x00000000
[WARN  mem::bus] Bus fault: read8 unmapped 0x00000000
[WARN  mem::bus] Bus fault: read8 unmapped 0x00000000
[WARN  mem::bus] Bus fault: read8 unmapped 0x00000000
[WARN  mem::bus] Bus fault: read8 unmapped 0x00000000
[WARN  mem::bus] Bus fault: read8 unmapped 0x00000000
[WARN  mem::bus] Bus fault: read8 unmapped 0x00000000
[WARN  mem::bus] Bus fault: read8 unmapped 0x00000000
[WARN  mem::bus] Bus fault: read8 unmapped 0x00000000
[WARN  mem::bus] Bus fault: read8 unmapped 0x00000000
[WARN  mem::bus] Bus fault: read8 unmapped 0x00000000
[WARN  mem::bus] Bus fault: read8 unmapped 0x00000000
[WARN  mem::bus] Bus fault: read8 unmapped 0x00000000
[WARN  mem::bus] Bus fault: read8 unmapped 0x00000000
[WARN  mem::bus] Bus fault: read8 unmapped 0x00000000
[WARN  mem::bus] Bus fault: read8 unmapped 0x00000000
[WARN  mem::bus] Bus fault: read8 unmapped 0x00000000
[WARN  mem::bus] Bus fault: read8 unmapped 0x00000000
[WARN  mem::bus] Bus fault: read8 unmapped 0x00000000
[WARN  mem::bus] Bus fault: read8 unmapped 0x00000000
[WARN  mem::bus] Bus fault: read8 unmapped 0x00000000
[WARN  mem::bus] Bus fault: read8 unmapped 0x00000000
[WARN  mem::bus] Bus fault: read8 unmapped 0x00000000
[WARN  mem::bus] Bus fault: read8 unmapped 0x00000000
[WARN  mem::bus] Bus fault: read8 unmapped 0x00000000
[WARN  mem::bus] Bus fault: read8 unmapped 0x00000000
[WARN  mem::bus] Bus fault: read8 unmapped 0x00000000
[WARN  mem::bus] Bus fault: read8 unmapped 0x00000000
[WARN  mem::bus] Bus fault: read8 unmapped 0x00000000
[WARN  mem::bus] Bus fault: read8 unmapped 0x00000000
[WARN  mem::bus] Bus fault: read8 unmapped 0x00000000
[WARN  mem::bus] Bus fault: read8 unmapped 0x00000000
[WARN  mem::bus] Bus fault: read8 unmapped 0x00000000
[WARN  mem::bus] Bus fault: read8 unmapped 0x00000000
[WARN  mem::bus] Bus fault: read8 unmapped 0x00000000
[WARN  mem::bus] Bus fault: read8 unmapped 0x00000000
[WARN  mem::bus] Bus fault: read8 unmapped 0x00000000
[WARN  mem::bus] Bus fault: read8 unmapped 0x00000000
[WARN  mem::bus] Bus fault: read8 unmapped 0x00000000
[WARN  mem::bus] Bus fault: read8 unmapped 0x00000000
[WARN  mem::bus] Bus fault: read8 unmapped 0x00000000
[WARN  mem::bus] Bus fault: read8 unmapped 0x00000000
[WARN  mem::bus] Bus fault: read8 unmapped 0x00000000
[WARN  mem::bus] Bus fault: read8 unmapped 0x00000000
[WARN  mem::bus] Bus fault: read8 unmapped 0x00000000
[WARN  mem::bus] Bus fault: read8 unmapped 0x00000000
[INFO  gdb_stub] GDB client disconnected; target resumes free-running
[INFO  esp_emu] Interrupted (signal)
