The target architecture is set to "riscv:rv32".
warning: No executable has been specified and target does not support
determining executable automatically.  Try using the "file" command.
0x40000000 in ?? ()
Hardware assisted breakpoint 1 at 0x420973e0
Hardware assisted breakpoint 2 at 0x420a1bd4
Hardware assisted breakpoint 3 at 0x420087d0
ADC_CALL unit=0 channel=1 output=0x3fcb276c
ADC_CALL unit=0 channel=1 output=0x3fcb274c
ADC_CALL unit=0 channel=2 output=0x3fcb275c
ADC_CALL unit=0 channel=0 output=0x3fcb27ac
ADC_CALL unit=0 channel=0 output=0x3fcb27ac
ADC_CALL unit=0 channel=0 output=0x3fcb27ac
ADC_CALL unit=0 channel=0 output=0x3fcb27ac
ADC_CALL unit=0 channel=0 output=0x3fcb27ac
ADC_CALL unit=0 channel=0 output=0x3fcb27ac
ADC_CALL unit=0 channel=0 output=0x3fcb27ac
ADC_CALL unit=0 channel=0 output=0x3fcb27ac
ADC_CALL unit=0 channel=0 output=0x3fcb27ac
ADC_CALL unit=0 channel=0 output=0x3fcb27ac
ADC_CALL unit=0 channel=0 output=0x3fcb27ac
ADC_CALL unit=0 channel=0 output=0x3fcb27ac
ADC_CALL unit=0 channel=0 output=0x3fcb27ac
ADC_CALL unit=0 channel=0 output=0x3fcb27ac
ADC_CALL unit=0 channel=0 output=0x3fcb27ac
ADC_CALL unit=0 channel=0 output=0x3fcb27ac
ADC_CALL unit=0 channel=0 output=0x3fcb27ac
ADC_CALL unit=0 channel=0 output=0x3fcb27ac
ADC_CALL unit=0 channel=0 output=0x3fcb27ac
ADC_CALL unit=0 channel=0 output=0x3fcb27ac
ADC_CALL unit=0 channel=0 output=0x3fcb27ac
ADC_CALL unit=0 channel=0 output=0x3fcaf44c
ADC_CALL unit=0 channel=0 output=0x3fcaf44c
ADC_CALL unit=0 channel=0 output=0x3fcaf44c
ADC_CALL unit=0 channel=0 output=0x3fcaf44c
ADC_CALL unit=0 channel=0 output=0x3fcaf44c
ADC_CALL unit=0 channel=0 output=0x3fcaf44c
ADC_CALL unit=0 channel=0 output=0x3fcaf44c
ADC_CALL unit=0 channel=0 output=0x3fcaf44c
ADC_CALL unit=0 channel=0 output=0x3fcaf44c
ADC_CALL unit=0 channel=0 output=0x3fcaf44c
ADC_CALL unit=0 channel=0 output=0x3fcaf44c
ADC_CALL unit=0 channel=0 output=0x3fcaf44c
ADC_CALL unit=0 channel=0 output=0x3fcaf44c
ADC_CALL unit=0 channel=0 output=0x3fcaf44c
ADC_CALL unit=0 channel=0 output=0x3fcaf44c
ADC_CALL unit=0 channel=0 output=0x3fcaf44c
ADC_CALL unit=0 channel=0 output=0x3fcaf44c
ADC_CALL unit=0 channel=0 output=0x3fcaf44c
ADC_CALL unit=0 channel=0 output=0x3fcaf44c
ADC_CALL unit=0 channel=0 output=0x3fcaf44c
ADC_CALL unit=0 channel=0 output=0x3fcaf44c
ADC_CALL unit=0 channel=0 output=0x3fcaf44c
ADC_CALL unit=0 channel=0 output=0x3fcaf44c
ADC_CALL unit=0 channel=0 output=0x3fcaf44c
ADC_CALL unit=0 channel=0 output=0x3fcaf44c
ADC_CALL unit=0 channel=0 output=0x3fcaf44c
ADC_CALL unit=0 channel=0 output=0x3fcaf44c
ADC_CALL unit=0 channel=0 output=0x3fcaf44c
ADC_CALL unit=0 channel=0 output=0x3fcaf44c
ADC_CALL unit=0 channel=0 output=0x3fcaf44c
ADC_CALL unit=0 channel=0 output=0x3fcaf44c
ADC_CALL unit=0 channel=0 output=0x3fcaf44c
ADC_CALL unit=0 channel=0 output=0x3fcaf44c
ADC_CALL unit=0 channel=0 output=0x3fcaf44c
ADC_CALL unit=0 channel=0 output=0x3fcaf44c
ADC_CALL unit=0 channel=0 output=0x3fcaf44c
ADC_CALL unit=0 channel=0 output=0x3fcaf44c
ADC_CALL unit=0 channel=0 output=0x3fcaf44c
ADC_CALL unit=0 channel=0 output=0x3fcaf44c
ADC_CALL unit=0 channel=0 output=0x3fcaf44c
ADC_CALL unit=0 channel=0 output=0x3fcaf44c
ADC_CALL unit=0 channel=0 output=0x3fcaf44c
ADC_CALL unit=0 channel=1 output=0x3fcb26fc
ADC_CALL unit=0 channel=2 output=0x3fcb26fc
ADC_CALL unit=0 channel=1 output=0x3fcb26fc
ADC_CALL unit=0 channel=2 output=0x3fcb26fc
ADC_CALL unit=0 channel=1 output=0x3fcb26fc
ADC_CALL unit=0 channel=2 output=0x3fcb26fc
ADC_CALL unit=0 channel=1 output=0x3fcb26fc
ADC_CALL unit=0 channel=2 output=0x3fcb26fc
ADC_CALL unit=0 channel=1 output=0x3fcb26fc
ADC_CALL unit=0 channel=2 output=0x3fcb26fc
ADC_CALL unit=0 channel=1 output=0x3fcb26fc
ADC_CALL unit=0 channel=2 output=0x3fcb26fc
ADC_CALL unit=0 channel=1 output=0x3fcb26fc
ADC_CALL unit=0 channel=2 output=0x3fcb26fc
ADC_CALL unit=0 channel=1 output=0x3fcb26fc
ADC_CALL unit=0 channel=2 output=0x3fcb26fc
ADC_CALL unit=0 channel=1 output=0x3fcb26fc
ADC_CALL unit=0 channel=2 output=0x3fcb26fc
ADC_CALL unit=0 channel=1 output=0x3fcb26fc
ADC_CALL unit=0 channel=2 output=0x3fcb26fc
ADC_CALL unit=0 channel=1 output=0x3fcb26fc
ADC_CALL unit=0 channel=2 output=0x3fcb26fc
ADC_CALL unit=0 channel=1 output=0x3fcb26fc
ADC_CALL unit=0 channel=2 output=0x3fcb26fc
ADC_CALL unit=0 channel=1 output=0x3fcb26fc
ADC_CALL unit=0 channel=2 output=0x3fcb26fc
ADC_CALL unit=0 channel=1 output=0x3fcb26fc
ADC_CALL unit=0 channel=2 output=0x3fcb26fc
ADC_CALL unit=0 channel=1 output=0x3fcb26fc
ADC_CALL unit=0 channel=2 output=0x3fcb26fc
ADC_CALL unit=0 channel=1 output=0x3fcb26fc
ADC_CALL unit=0 channel=2 output=0x3fcb26fc
ADC_CALL unit=0 channel=1 output=0x3fcb26fc
ADC_CALL unit=0 channel=2 output=0x3fcb26fc
ADC_CALL unit=0 channel=1 output=0x3fcb26fc
ADC_CALL unit=0 channel=2 output=0x3fcb26fc
ADC_CALL unit=0 channel=1 output=0x3fcb26fc
ADC_CALL unit=0 channel=2 output=0x3fcb26fc
ADC_CALL unit=0 channel=1 output=0x3fcb26fc
ADC_CALL unit=0 channel=2 output=0x3fcb26fc
ADC_CALL unit=0 channel=1 output=0x3fcb26fc
ADC_CALL unit=0 channel=2 output=0x3fcb26fc
ADC_CALL unit=0 channel=1 output=0x3fcb26fc
ADC_CALL unit=0 channel=2 output=0x3fcb26fc
ADC_CALL unit=0 channel=1 output=0x3fcb26fc
ADC_CALL unit=0 channel=2 output=0x3fcb26fc
ADC_CALL unit=0 channel=1 output=0x3fcb26fc
ADC_CALL unit=0 channel=2 output=0x3fcb26fc
ADC_CALL unit=0 channel=1 output=0x3fcb26fc
ADC_CALL unit=0 channel=2 output=0x3fcb26fc
ADC_CALL unit=0 channel=1 output=0x3fcb26fc
ADC_CALL unit=0 channel=2 output=0x3fcb26fc
ADC_CALL unit=0 channel=1 output=0x3fcb26fc
ADC_CALL unit=0 channel=2 output=0x3fcb26fc
ADC_CALL unit=0 channel=1 output=0x3fcb26fc
ADC_CALL unit=0 channel=2 output=0x3fcb26fc
ADC_CALL unit=0 channel=1 output=0x3fcb26fc
ADC_CALL unit=0 channel=2 output=0x3fcb26fc
ADC_CALL unit=0 channel=1 output=0x3fcb26fc
ADC_CALL unit=0 channel=2 output=0x3fcb26fc
ADC_CALL unit=0 channel=1 output=0x3fcb26fc
ADC_CALL unit=0 channel=2 output=0x3fcb26fc
ADC_CALL unit=0 channel=1 output=0x3fcb26fc
ADC_CALL unit=0 channel=2 output=0x3fcb26fc
ADC_CALL unit=0 channel=1 output=0x3fcb26fc
ADC_CALL unit=0 channel=2 output=0x3fcb26fc
ADC_CALL unit=0 channel=1 output=0x3fcb26fc
ADC_CALL unit=0 channel=2 output=0x3fcb26fc
ADC_CALL unit=0 channel=1 output=0x3fcb26fc
ADC_CALL unit=0 channel=2 output=0x3fcb26fc
ADC_CALL unit=0 channel=1 output=0x3fcb26fc
ADC_CALL unit=0 channel=2 output=0x3fcb26fc
ADC_CALL unit=0 channel=1 output=0x3fcb26fc
ADC_CALL unit=0 channel=2 output=0x3fcb26fc
ADC_CALL unit=0 channel=1 output=0x3fcb26fc
ADC_CALL unit=0 channel=2 output=0x3fcb26fc
ADC_CALL unit=0 channel=1 output=0x3fcb26fc
ADC_CALL unit=0 channel=2 output=0x3fcb26fc
ADC_CALL unit=0 channel=1 output=0x3fcb26fc
ADC_CALL unit=0 channel=2 output=0x3fcb26fc
ADC_CALL unit=0 channel=1 output=0x3fcb26fc
ADC_CALL unit=0 channel=2 output=0x3fcb26fc
ADC_CALL unit=0 channel=1 output=0x3fcb26fc
ADC_CALL unit=0 channel=2 output=0x3fcb26fc
ADC_CALL unit=0 channel=1 output=0x3fcb26fc
ADC_CALL unit=0 channel=2 output=0x3fcb26fc
ADC_CALL unit=0 channel=1 output=0x3fcb26fc
ADC_CALL unit=0 channel=2 output=0x3fcb26fc
ADC_CALL unit=0 channel=1 output=0x3fcb26fc
ADC_CALL unit=0 channel=2 output=0x3fcb26fc
ADC_CALL unit=0 channel=1 output=0x3fcb26fc
ADC_CALL unit=0 channel=2 output=0x3fcb26fc
ADC_CALL unit=0 channel=1 output=0x3fcb26fc
ADC_CALL unit=0 channel=2 output=0x3fcb26fc
ADC_CALL unit=0 channel=1 output=0x3fcb26fc
ADC_CALL unit=0 channel=2 output=0x3fcb26fc
ADC_CALL unit=0 channel=1 output=0x3fcb26fc
ADC_CALL unit=0 channel=2 output=0x3fcb26fc
ADC_CALL unit=0 channel=1 output=0x3fcb26fc
ADC_CALL unit=0 channel=2 output=0x3fcb26fc
ADC_CALL unit=0 channel=1 output=0x3fcb26fc
ADC_CALL unit=0 channel=2 output=0x3fcb26fc
ADC_CALL unit=0 channel=1 output=0x3fcb26fc
ADC_CALL unit=0 channel=2 output=0x3fcb26fc
ADC_CALL unit=0 channel=1 output=0x3fcb26fc
ADC_CALL unit=0 channel=2 output=0x3fcb26fc
ADC_CALL unit=0 channel=1 output=0x3fcb26fc
ADC_CALL unit=0 channel=2 output=0x3fcb26fc
ADC_CALL unit=0 channel=1 output=0x3fcb26fc
ADC_CALL unit=0 channel=2 output=0x3fcb26fc
ADC_CALL unit=0 channel=1 output=0x3fcb26fc
ADC_CALL unit=0 channel=2 output=0x3fcb26fc
ADC_CALL unit=0 channel=1 output=0x3fcb26fc
ADC_CALL unit=0 channel=2 output=0x3fcb26fc
ADC_CALL unit=0 channel=1 output=0x3fcb26fc
ADC_CALL unit=0 channel=2 output=0x3fcb26fc
ADC_CALL unit=0 channel=1 output=0x3fcb26fc
ADC_CALL unit=0 channel=2 output=0x3fcb26fc
ADC_CALL unit=0 channel=1 output=0x3fcb26fc
ADC_CALL unit=0 channel=2 output=0x3fcb26fc
ADC_CALL unit=0 channel=1 output=0x3fcb26fc
ADC_CALL unit=0 channel=2 output=0x3fcb26fc
ADC_CALL unit=0 channel=1 output=0x3fcb26fc
ADC_CALL unit=0 channel=2 output=0x3fcb26fc
ADC_CALL unit=0 channel=1 output=0x3fcb26fc
ADC_CALL unit=0 channel=2 output=0x3fcb26fc
ADC_CALL unit=0 channel=1 output=0x3fcb26fc
ADC_CALL unit=0 channel=2 output=0x3fcb26fc
ADC_CALL unit=0 channel=1 output=0x3fcb26fc
ADC_CALL unit=0 channel=2 output=0x3fcb26fc
ADC_CALL unit=0 channel=1 output=0x3fcb26fc
ADC_CALL unit=0 channel=2 output=0x3fcb26fc
ADC_CALL unit=0 channel=1 output=0x3fcb26fc
ADC_CALL unit=0 channel=2 output=0x3fcb26fc
ADC_CALL unit=0 channel=1 output=0x3fcb26fc
ADC_CALL unit=0 channel=2 output=0x3fcb26fc
ADC_CALL unit=0 channel=1 output=0x3fcb26fc
ADC_CALL unit=0 channel=2 output=0x3fcb26fc
ADC_CALL unit=0 channel=1 output=0x3fcb26fc
ADC_CALL unit=0 channel=2 output=0x3fcb26fc
ADC_CALL unit=0 channel=1 output=0x3fcb26fc
ADC_CALL unit=0 channel=2 output=0x3fcb26fc
ADC_CALL unit=0 channel=1 output=0x3fcb26fc
ADC_CALL unit=0 channel=2 output=0x3fcb26fc
ADC_CALL unit=0 channel=1 output=0x3fcb26fc
ADC_CALL unit=0 channel=2 output=0x3fcb26fc
ADC_CALL unit=0 channel=1 output=0x3fcb26fc
ADC_CALL unit=0 channel=2 output=0x3fcb26fc
ADC_CALL unit=0 channel=1 output=0x3fcb26fc
ADC_CALL unit=0 channel=2 output=0x3fcb26fc
ADC_CALL unit=0 channel=1 output=0x3fcb26fc
ADC_CALL unit=0 channel=2 output=0x3fcb26fc
ADC_CALL unit=0 channel=1 output=0x3fcb26fc
ADC_CALL unit=0 channel=2 output=0x3fcb26fc
ADC_CALL unit=0 channel=1 output=0x3fcb26fc
ADC_CALL unit=0 channel=2 output=0x3fcb26fc
ADC_CALL unit=0 channel=1 output=0x3fcb26fc
ADC_CALL unit=0 channel=2 output=0x3fcb26fc
ADC_CALL unit=0 channel=1 output=0x3fcb26fc
ADC_CALL unit=0 channel=2 output=0x3fcb26fc
ADC_CALL unit=0 channel=1 output=0x3fcb26fc
ADC_CALL unit=0 channel=2 output=0x3fcb26fc
ADC_CALL unit=0 channel=1 output=0x3fcb26fc
ADC_CALL unit=0 channel=2 output=0x3fcb26fc
ADC_CALL unit=0 channel=1 output=0x3fcb26fc
ADC_CALL unit=0 channel=2 output=0x3fcb26fc
ADC_CALL unit=0 channel=1 output=0x3fcb26fc
ADC_CALL unit=0 channel=2 output=0x3fcb26fc
ADC_CALL unit=0 channel=1 output=0x3fcb26fc
ADC_CALL unit=0 channel=2 output=0x3fcb26fc
ADC_CALL unit=0 channel=1 output=0x3fcb26fc
ADC_CALL unit=0 channel=2 output=0x3fcb26fc
ADC_CALL unit=0 channel=1 output=0x3fcb26fc
ADC_CALL unit=0 channel=2 output=0x3fcb26fc
ADC_CALL unit=0 channel=1 output=0x3fcb26fc
ADC_CALL unit=0 channel=2 output=0x3fcb26fc
ADC_CALL unit=0 channel=1 output=0x3fcb26fc
ADC_CALL unit=0 channel=2 output=0x3fcb26fc
ADC_CALL unit=0 channel=1 output=0x3fcb26fc
ADC_CALL unit=0 channel=2 output=0x3fcb26fc
ADC_CALL unit=0 channel=1 output=0x3fcb26fc
ADC_CALL unit=0 channel=2 output=0x3fcb26fc
ADC_CALL unit=0 channel=1 output=0x3fcb26fc
ADC_CALL unit=0 channel=2 output=0x3fcb26fc
ADC_CALL unit=0 channel=1 output=0x3fcb26fc
ADC_CALL unit=0 channel=2 output=0x3fcb26fc
ADC_CALL unit=0 channel=1 output=0x3fcb26fc
ADC_CALL unit=0 channel=2 output=0x3fcb26fc
ADC_CALL unit=0 channel=1 output=0x3fcb26fc
ADC_CALL unit=0 channel=2 output=0x3fcb26fc
ADC_CALL unit=0 channel=1 output=0x3fcb26fc
ADC_CALL unit=0 channel=2 output=0x3fcb26fc
ADC_CALL unit=0 channel=1 output=0x3fcb26fc
ADC_CALL unit=0 channel=2 output=0x3fcb26fc
ADC_CALL unit=0 channel=1 output=0x3fcb26fc
ADC_CALL unit=0 channel=2 output=0x3fcb26fc
ADC_CALL unit=0 channel=1 output=0x3fcb26fc
ADC_CALL unit=0 channel=2 output=0x3fcb26fc
ADC_CALL unit=0 channel=1 output=0x3fcb26fc
ADC_CALL unit=0 channel=2 output=0x3fcb26fc
ADC_CALL unit=0 channel=1 output=0x3fcb26fc
ADC_CALL unit=0 channel=2 output=0x3fcb26fc
ADC_CALL unit=0 channel=1 output=0x3fcb26fc
ADC_CALL unit=0 channel=2 output=0x3fcb26fc
ADC_CALL unit=0 channel=1 output=0x3fcb26fc
ADC_CALL unit=0 channel=2 output=0x3fcb26fc
ADC_CALL unit=0 channel=1 output=0x3fcb26fc
ADC_CALL unit=0 channel=2 output=0x3fcb26fc
ADC_CALL unit=0 channel=1 output=0x3fcb26fc
ADC_CALL unit=0 channel=2 output=0x3fcb26fc
ADC_CALL unit=0 channel=1 output=0x3fcb26fc
ADC_CALL unit=0 channel=2 output=0x3fcb26fc
ADC_CALL unit=0 channel=1 output=0x3fcb26fc
ADC_CALL unit=0 channel=2 output=0x3fcb26fc
ADC_CALL unit=0 channel=1 output=0x3fcb26fc
ADC_CALL unit=0 channel=2 output=0x3fcb26fc
ADC_CALL unit=0 channel=1 output=0x3fcb26fc
ADC_CALL unit=0 channel=2 output=0x3fcb26fc
ADC_CALL unit=0 channel=1 output=0x3fcb26fc
ADC_CALL unit=0 channel=2 output=0x3fcb26fc
ADC_CALL unit=0 channel=1 output=0x3fcb26fc
ADC_CALL unit=0 channel=2 output=0x3fcb26fc
ADC_CALL unit=0 channel=1 output=0x3fcb26fc
ADC_CALL unit=0 channel=2 output=0x3fcb26fc
ADC_CALL unit=0 channel=1 output=0x3fcb26fc
ADC_CALL unit=0 channel=2 output=0x3fcb26fc
ADC_CALL unit=0 channel=1 output=0x3fcb26fc
ADC_CALL unit=0 channel=2 output=0x3fcb26fc
ADC_CALL unit=0 channel=1 output=0x3fcb26fc
ADC_CALL unit=0 channel=2 output=0x3fcb26fc
ADC_CALL unit=0 channel=1 output=0x3fcb26fc
ADC_CALL unit=0 channel=2 output=0x3fcb26fc
ADC_CALL unit=0 channel=1 output=0x3fcb26fc
ADC_CALL unit=0 channel=2 output=0x3fcb26fc
ADC_CALL unit=0 channel=1 output=0x3fcb26fc
ADC_CALL unit=0 channel=2 output=0x3fcb26fc
ADC_CALL unit=0 channel=1 output=0x3fcb26fc
ADC_CALL unit=0 channel=2 output=0x3fcb26fc
ADC_CALL unit=0 channel=1 output=0x3fcb26fc
ADC_CALL unit=0 channel=2 output=0x3fcb26fc
ADC_CALL unit=0 channel=1 output=0x3fcb26fc
ADC_CALL unit=0 channel=2 output=0x3fcb26fc
ADC_CALL unit=0 channel=1 output=0x3fcb26fc
ADC_CALL unit=0 channel=2 output=0x3fcb26fc
ADC_CALL unit=0 channel=1 output=0x3fcb26fc
ADC_CALL unit=0 channel=2 output=0x3fcb26fc
ADC_CALL unit=0 channel=1 output=0x3fcb26fc
ADC_CALL unit=0 channel=2 output=0x3fcb26fc
ADC_CALL unit=0 channel=1 output=0x3fcb26fc
ADC_CALL unit=0 channel=2 output=0x3fcb26fc
ADC_CALL unit=0 channel=1 output=0x3fcb26fc
ADC_CALL unit=0 channel=2 output=0x3fcb26fc
ADC_CALL unit=0 channel=1 output=0x3fcb26fc
ADC_CALL unit=0 channel=2 output=0x3fcb26fc
ADC_CALL unit=0 channel=1 output=0x3fcb26fc
ADC_CALL unit=0 channel=2 output=0x3fcb26fc
ADC_CALL unit=0 channel=1 output=0x3fcb26fc
ADC_CALL unit=0 channel=2 output=0x3fcb26fc
ADC_CALL unit=0 channel=1 output=0x3fcb26fc
ADC_CALL unit=0 channel=2 output=0x3fcb26fc
ADC_CALL unit=0 channel=1 output=0x3fcb26fc
ADC_CALL unit=0 channel=2 output=0x3fcb26fc
ADC_CALL unit=0 channel=1 output=0x3fcb26fc
ADC_CALL unit=0 channel=2 output=0x3fcb26fc
ADC_CALL unit=0 channel=1 output=0x3fcb26fc
ADC_CALL unit=0 channel=2 output=0x3fcb26fc
ADC_CALL unit=0 channel=1 output=0x3fcb26fc
ADC_CALL unit=0 channel=2 output=0x3fcb26fc
ADC_CALL unit=0 channel=1 output=0x3fcb26fc
ADC_CALL unit=0 channel=2 output=0x3fcb26fc
ADC_CALL unit=0 channel=1 output=0x3fcb26fc
ADC_CALL unit=0 channel=2 output=0x3fcb26fc
ADC_CALL unit=0 channel=1 output=0x3fcb26fc
ADC_CALL unit=0 channel=2 output=0x3fcb26fc
ADC_CALL unit=0 channel=1 output=0x3fcb26fc
ADC_CALL unit=0 channel=2 output=0x3fcb26fc
ADC_CALL unit=0 channel=1 output=0x3fcb26fc
ADC_CALL unit=0 channel=2 output=0x3fcb26fc
ADC_CALL unit=0 channel=1 output=0x3fcb26fc
ADC_CALL unit=0 channel=2 output=0x3fcb26fc
ADC_CALL unit=0 channel=1 output=0x3fcb26fc
ADC_CALL unit=0 channel=2 output=0x3fcb26fc
ADC_CALL unit=0 channel=1 output=0x3fcb26fc
ADC_CALL unit=0 channel=2 output=0x3fcb26fc
ADC_CALL unit=0 channel=1 output=0x3fcb26fc
ADC_CALL unit=0 channel=2 output=0x3fcb26fc
ADC_CALL unit=0 channel=1 output=0x3fcb26fc
ADC_CALL unit=0 channel=2 output=0x3fcb26fc
ADC_CALL unit=0 channel=1 output=0x3fcb26fc
ADC_CALL unit=0 channel=2 output=0x3fcb26fc
ADC_CALL unit=0 channel=1 output=0x3fcb26fc
ADC_CALL unit=0 channel=2 output=0x3fcb26fc
ADC_CALL unit=0 channel=1 output=0x3fcb26fc
ADC_CALL unit=0 channel=2 output=0x3fcb26fc
ADC_CALL unit=0 channel=1 output=0x3fcb26fc
ADC_CALL unit=0 channel=2 output=0x3fcb26fc
ADC_CALL unit=0 channel=1 output=0x3fcb26fc
ADC_CALL unit=0 channel=2 output=0x3fcb26fc
ADC_CALL unit=0 channel=1 output=0x3fcb26fc
ADC_CALL unit=0 channel=2 output=0x3fcb26fc
ADC_CALL unit=0 channel=1 output=0x3fcb26fc
ADC_CALL unit=0 channel=2 output=0x3fcb26fc
ADC_CALL unit=0 channel=1 output=0x3fcb26fc
ADC_CALL unit=0 channel=2 output=0x3fcb26fc
ADC_CALL unit=0 channel=1 output=0x3fcb26fc
ADC_CALL unit=0 channel=2 output=0x3fcb26fc
ADC_CALL unit=0 channel=1 output=0x3fcb26fc
ADC_CALL unit=0 channel=2 output=0x3fcb26fc
ADC_CALL unit=0 channel=1 output=0x3fcb26fc
ADC_CALL unit=0 channel=2 output=0x3fcb26fc
ADC_CALL unit=0 channel=1 output=0x3fcb26fc
ADC_CALL unit=0 channel=2 output=0x3fcb26fc
ADC_CALL unit=0 channel=1 output=0x3fcb26fc
ADC_CALL unit=0 channel=2 output=0x3fcb26fc
ADC_CALL unit=0 channel=1 output=0x3fcb26fc
ADC_CALL unit=0 channel=2 output=0x3fcb26fc
ADC_CALL unit=0 channel=1 output=0x3fcb26fc
ADC_CALL unit=0 channel=2 output=0x3fcb26fc
ADC_CALL unit=0 channel=1 output=0x3fcb26fc
ADC_CALL unit=0 channel=2 output=0x3fcb26fc
ADC_CALL unit=0 channel=1 output=0x3fcb26fc
ADC_CALL unit=0 channel=2 output=0x3fcb26fc
ADC_CALL unit=0 channel=1 output=0x3fcb26fc
ADC_CALL unit=0 channel=2 output=0x3fcb26fc
ADC_CALL unit=0 channel=1 output=0x3fcb26fc
ADC_CALL unit=0 channel=2 output=0x3fcb26fc
ADC_CALL unit=0 channel=1 output=0x3fcb26fc
ADC_CALL unit=0 channel=2 output=0x3fcb26fc
ADC_CALL unit=0 channel=1 output=0x3fcb26fc
ADC_CALL unit=0 channel=2 output=0x3fcb26fc
ADC_CALL unit=0 channel=1 output=0x3fcb26fc
ADC_CALL unit=0 channel=2 output=0x3fcb26fc
ADC_CALL unit=0 channel=1 output=0x3fcb26fc
ADC_CALL unit=0 channel=2 output=0x3fcb26fc
ADC_CALL unit=0 channel=1 output=0x3fcb26fc
ADC_CALL unit=0 channel=2 output=0x3fcb26fc
ADC_CALL unit=0 channel=1 output=0x3fcb26fc
ADC_CALL unit=0 channel=2 output=0x3fcb26fc
ADC_CALL unit=0 channel=1 output=0x3fcb26fc
ADC_CALL unit=0 channel=2 output=0x3fcb26fc
ADC_CALL unit=0 channel=1 output=0x3fcb26fc
ADC_CALL unit=0 channel=2 output=0x3fcb26fc
ADC_CALL unit=0 channel=1 output=0x3fcb26fc
ADC_CALL unit=0 channel=2 output=0x3fcb26fc
ADC_CALL unit=0 channel=1 output=0x3fcb26fc
ADC_CALL unit=0 channel=2 output=0x3fcb26fc
ADC_CALL unit=0 channel=1 output=0x3fcb26fc
ADC_CALL unit=0 channel=2 output=0x3fcb26fc
ADC_CALL unit=0 channel=1 output=0x3fcb26fc
ADC_CALL unit=0 channel=2 output=0x3fcb26fc
ADC_CALL unit=0 channel=1 output=0x3fcb26fc
ADC_CALL unit=0 channel=2 output=0x3fcb26fc
ADC_CALL unit=0 channel=1 output=0x3fcb26fc
ADC_CALL unit=0 channel=2 output=0x3fcb26fc
ADC_CALL unit=0 channel=1 output=0x3fcb26fc
ADC_CALL unit=0 channel=2 output=0x3fcb26fc
ADC_CALL unit=0 channel=1 output=0x3fcb26fc
ADC_CALL unit=0 channel=2 output=0x3fcb26fc
ADC_CALL unit=0 channel=1 output=0x3fcb26fc
ADC_CALL unit=0 channel=2 output=0x3fcb26fc
ADC_CALL unit=0 channel=1 output=0x3fcb26fc
ADC_CALL unit=0 channel=2 output=0x3fcb26fc
ADC_CALL unit=0 channel=1 output=0x3fcb26fc
ADC_CALL unit=0 channel=2 output=0x3fcb26fc
ADC_CALL unit=0 channel=1 output=0x3fcb26fc
ADC_CALL unit=0 channel=2 output=0x3fcb26fc
ADC_CALL unit=0 channel=1 output=0x3fcb26fc
ADC_CALL unit=0 channel=2 output=0x3fcb26fc
ADC_CALL unit=0 channel=1 output=0x3fcb26fc
ADC_CALL unit=0 channel=2 output=0x3fcb26fc
ADC_CALL unit=0 channel=1 output=0x3fcb26fc
ADC_CALL unit=0 channel=2 output=0x3fcb26fc
ADC_CALL unit=0 channel=1 output=0x3fcb26fc
ADC_CALL unit=0 channel=2 output=0x3fcb26fc
ADC_CALL unit=0 channel=1 output=0x3fcb26fc
ADC_CALL unit=0 channel=2 output=0x3fcb26fc
ADC_CALL unit=0 channel=1 output=0x3fcb26fc
ADC_CALL unit=0 channel=2 output=0x3fcb26fc
ADC_CALL unit=0 channel=1 output=0x3fcb26fc
ADC_CALL unit=0 channel=2 output=0x3fcb26fc
ADC_CALL unit=0 channel=1 output=0x3fcb26fc
ADC_CALL unit=0 channel=2 output=0x3fcb26fc
ADC_CALL unit=0 channel=1 output=0x3fcb26fc
ADC_CALL unit=0 channel=2 output=0x3fcb26fc
ADC_CALL unit=0 channel=1 output=0x3fcb26fc
ADC_CALL unit=0 channel=2 output=0x3fcb26fc
ADC_CALL unit=0 channel=1 output=0x3fcb26fc
ADC_CALL unit=0 channel=2 output=0x3fcb26fc
ADC_CALL unit=0 channel=1 output=0x3fcb26fc
ADC_CALL unit=0 channel=2 output=0x3fcb26fc
ADC_CALL unit=0 channel=1 output=0x3fcb26fc
ADC_CALL unit=0 channel=2 output=0x3fcb26fc
ADC_CALL unit=0 channel=1 output=0x3fcb26fc
ADC_CALL unit=0 channel=2 output=0x3fcb26fc
ADC_CALL unit=0 channel=1 output=0x3fcb26fc
ADC_CALL unit=0 channel=2 output=0x3fcb26fc
ADC_CALL unit=0 channel=1 output=0x3fcb26fc
ADC_CALL unit=0 channel=2 output=0x3fcb26fc
ADC_CALL unit=0 channel=1 output=0x3fcb26fc
ADC_CALL unit=0 channel=2 output=0x3fcb26fc
ADC_CALL unit=0 channel=1 output=0x3fcb26fc
ADC_CALL unit=0 channel=2 output=0x3fcb26fc
ADC_CALL unit=0 channel=1 output=0x3fcb26fc
ADC_CALL unit=0 channel=2 output=0x3fcb26fc
ADC_CALL unit=0 channel=1 output=0x3fcb26fc
ADC_CALL unit=0 channel=2 output=0x3fcb26fc
ADC_CALL unit=0 channel=1 output=0x3fcb26fc
ADC_CALL unit=0 channel=2 output=0x3fcb26fc
ADC_CALL unit=0 channel=1 output=0x3fcb26fc
ADC_CALL unit=0 channel=2 output=0x3fcb26fc
ADC_CALL unit=0 channel=1 output=0x3fcb26fc
ADC_CALL unit=0 channel=2 output=0x3fcb26fc
ADC_CALL unit=0 channel=1 output=0x3fcb26fc
ADC_CALL unit=0 channel=2 output=0x3fcb26fc
