[0] [DBG] [UI] Using Lyra theme
[0] [INF] [MAIN] Hardware detect: X4
[0] [DBG] [UI] Using Lyra theme
[SIM] open failed: <LAB_ROOT>/results/verified-crosspoint-toc/sd/.crosspoint/plugins (flags=0x0 errno=2 No such file or directory)
[SIM] open failed: <LAB_ROOT>/results/verified-crosspoint-toc/sd/plugins (flags=0x0 errno=2 No such file or directory)
[SIM] open failed: <LAB_ROOT>/results/verified-crosspoint-toc/sd/.plugins (flags=0x0 errno=2 No such file or directory)
[0] [DBG] [MAIN] Starting CrossPoint version dev-simulator
[2] [DBG] [MAIN] Display initialized
[SIM] open failed: <LAB_ROOT>/results/verified-crosspoint-toc/sd/.fonts (flags=0x0 errno=2 No such file or directory)
[2] [DBG] [SDREG] Fonts directory not found: /.fonts
[SIM] open failed: <LAB_ROOT>/results/verified-crosspoint-toc/sd/fonts (flags=0x0 errno=2 No such file or directory)
[2] [DBG] [SDREG] Fonts directory not found: /fonts
[2] [DBG] [SDREG] Discovery complete: 0 families
[2] [DBG] [SDFS] SD font system ready (0 families discovered)
[2] [DBG] [MAIN] Fonts setup
[2] [DBG] [ACT] Entering activity: Boot
[2] [DBG] [GFX] Time = 0 ms from clearScreen to displayBuffer
[12] [DBG] [ACT] Exiting activity: Boot
[12] [DBG] [ACT] Entering activity: Home
[SIM] open failed: <LAB_ROOT>/results/verified-crosspoint-toc/sd/.crosspoint/plugins (flags=0x0 errno=2 No such file or directory)
[SIM] open failed: <LAB_ROOT>/results/verified-crosspoint-toc/sd/plugins (flags=0x0 errno=2 No such file or directory)
[SIM] open failed: <LAB_ROOT>/results/verified-crosspoint-toc/sd/.plugins (flags=0x0 errno=2 No such file or directory)
[13] [DBG] [GFX] Time = 1 ms from clearScreen to displayBuffer
[38] [DBG] [GFX] Time = 0 ms from clearScreen to displayBuffer
[908] [DBG] [GFX] Time = 1 ms from clearScreen to displayBuffer
[1384] [DBG] [ACT] Exiting activity: Home
[1384] [DBG] [ACT] Entering activity: Library
[SIM] open failed: <LAB_ROOT>/results/verified-crosspoint-toc/sd/.crosspoint/library.idx (flags=0x0 errno=2 No such file or directory)
[1384] [DBG] [GFX] Time = 477 ms from clearScreen to displayBuffer
[1400] [DBG] [LIBIDX] phase prepare/prior: 1ms
[SIM] open failed: <LAB_ROOT>/results/verified-crosspoint-toc/sd/.crosspoint/epub_3165350815581513661/book.bin (flags=0x0 errno=2 No such file or directory)
[1401] [DBG] [ZIP] Decompressed 153 bytes into 221 bytes
[1401] [DBG] [EBP] Parsing content.opf: OEBPS/content.opf
[1401] [DBG] [EBP] Successfully parsed package metadata
[1401] [DBG] [LIBIDX] phase walk/metadata/stage: 1ms
[1402] [DBG] [LIBIDX] phase reconcile: 1ms
[1402] [DBG] [LIBIDX] phase title order: 0ms
[1404] [DBG] [LIBIDX] phase author/orders/emit: 2ms
[1404] [INF] [LIBIDX] built: 1 books, 1 folders, 1 parsed, 0 metadata reused, replaced 1, 0 dup dropped, 0 unreadable, 5ms
[1404] [INF] [LIB] reconciled: 0 unchanged, 1 added, 0 renamed, 0 removed, 1 enriched (0 dup, 0 unreadable)
[1405] [DBG] [LIB] page tab=0 top=0 full=1 loaded=1 body=158..721 next=-1 title=<none>
[1405] [DBG] [LIB] page first=0 title=ALPHA Feature Probe
[1405] [DBG] [GFX] Time = 1 ms from clearScreen to displayBuffer
[1410] [DBG] [LIB] page tab=0 top=0 full=1 loaded=1 body=158..721 next=-1 title=<none>
[1410] [DBG] [LIB] page first=0 title=ALPHA Feature Probe
[1410] [DBG] [GFX] Time = 1 ms from clearScreen to displayBuffer
[1909] [DBG] [LIB] page tab=0 top=0 full=1 loaded=1 body=158..721 next=-1 title=<none>
[1909] [DBG] [LIB] page first=0 title=ALPHA Feature Probe
[1909] [DBG] [GFX] Time = 1 ms from clearScreen to displayBuffer
[2382] [DBG] [ACT] Exiting activity: Library
[2382] [DBG] [ACT] Entering activity: EpubReader
[2382] [INF] [MEM] reader enter: free=1048576 max_block=1048576
[2382] [DBG] [GFX] Time = 474 ms from clearScreen to displayBuffer
[2395] [DBG] [EBP] Loading ePub: /alpha.epub
[SIM] open failed: <LAB_ROOT>/results/verified-crosspoint-toc/sd/.crosspoint/epub_3165350815581513661/book.bin (flags=0x0 errno=2 No such file or directory)
[2396] [DBG] [EBP] Cache not found, building spine/TOC cache
[2396] [DBG] [BMC] Entering write mode
[2396] [DBG] [BMC] Beginning content opf pass
[2396] [DBG] [ZIP] Decompressed 153 bytes into 221 bytes
[2396] [DBG] [EBP] Parsing content.opf: OEBPS/content.opf
[2397] [DBG] [COF] Using fast index for 3 manifest items
[2397] [DBG] [ZIP] Decompressed 330 bytes into 653 bytes
[2397] [DBG] [EBP] Successfully parsed content.opf
[2398] [DBG] [EBP] OPF pass completed in 2 ms
[2398] [DBG] [BMC] Beginning toc pass
[2398] [DBG] [EBP] Falling back to NCX TOC
[2398] [DBG] [EBP] Parsing toc ncx file: OEBPS/toc.ncx
[2399] [DBG] [ZIP] Decompressed 259 bytes into 468 bytes
[2399] [DBG] [EBP] Parsed TOC items
[2399] [DBG] [EBP] TOC pass completed in 1 ms
[2399] [DBG] [BMC] Wrote 2 spine, 2 TOC entries
[2399] [DBG] [BMC] Successfully built book.bin
[2399] [DBG] [EBP] buildBookBin completed in 0 ms
[2399] [DBG] [EBP] Total indexing completed in 3 ms
[2400] [DBG] [EBP] No CSS files to parse, but CssParser created for inline styles
[2400] [DBG] [EBP] CSS files to parse: 0
[2400] [DBG] [CSS] Saved 0 rules to complete cache
[2400] [DBG] [EBP] Loaded 0 CSS style rules from 0 files (0 identical duplicates skipped, complete)
[2400] [DBG] [BMC] Loaded cache data: 2 spine, 2 TOC entries
[2400] [DBG] [EBP] Loaded ePub: /alpha.epub
[SIM] open failed: <LAB_ROOT>/results/verified-crosspoint-toc/sd/.crosspoint/epub_3165350815581513661/progress.bin (flags=0x0 errno=2 No such file or directory)
[2400] [DBG] [EBP] Core Metadata: cover(0)=, textReference(0)=
[2401] [DBG] [ERS] Loading file: OEBPS/first.xhtml, index: 0
[SIM] open failed: <LAB_ROOT>/results/verified-crosspoint-toc/sd/.crosspoint/epub_3165350815581513661/sections/0.bin (flags=0x0 errno=2 No such file or directory)
[2401] [DBG] [ERS] Cache not found, building...
[2401] [DBG] [ERS] Heap before section build: 1048576 (max block 1048576)
[2401] [DBG] [ZIP] Decompressed 480 bytes into 4945 bytes
[2401] [DBG] [SCT] Streamed temp HTML to /.crosspoint/epub_3165350815581513661/html/.tmp_0.html (4945 bytes)
[2402] [DBG] [CSS] Loaded 0 rules from complete cache
[2407] [DBG] [SCT] Page 0 processed
[2411] [DBG] [SCT] Page 1 processed
[2414] [DBG] [SCT] Page 2 processed
[2417] [DBG] [SCT] Page 3 processed
[2419] [DBG] [SCT] Page 4 processed
[2422] [DBG] [SCT] Page 5 processed
[2424] [DBG] [SCT] Page 6 processed
[2427] [DBG] [SCT] Page 7 processed
[2428] [DBG] [FDC] Prewarm: 10 glyphs in 632 bytes from 1 groups (0 missed)
[2429] [DBG] [FDC] Prewarm: 15 glyphs in 1293 bytes from 1 groups (0 missed)
[2429] [DBG] [FDC] Prewarm: 46 glyphs in 3845 bytes from 2 groups (0 missed)
[2430] [DBG] [GFX] Time = 3 ms from clearScreen to displayBuffer
[2447] [DBG] [ERS] Page render (tiled): prewarm=1ms bw_render=1ms display=4ms gray_lsb=2ms gray_msb=2ms gray_display=9ms cleanup=0ms total=19ms
[2447] [DBG] [ERS] Rendered page in 19ms
[2448] [DBG] [ERS] Progress saved: spine=0 offset=0 page=0
[3590] [DBG] [ACT] Pushed to activity stack, new size = 1
[3590] [DBG] [ACT] Entering activity: EpubReaderMenu
[3593] [DBG] [GFX] Time = 3 ms from clearScreen to displayBuffer
[4287] [DBG] [ACT] Exiting activity: EpubReaderMenu
[4287] [DBG] [ACT] Popped from activity stack, new size = 0
[4287] [DBG] [ACT] Handling result for popped activity
[4288] [INF] [SCT] Suspended build: 8 pages persisted
[4289] [DBG] [ACT] Pushed to activity stack, new size = 1
[4289] [DBG] [ACT] Entering activity: EpubReaderChapterSelection
[4289] [DBG] [GFX] Time = 0 ms from clearScreen to displayBuffer
[SIM] Saved screenshot: <LAB_ROOT>/results/verified-crosspoint-toc/toc.bmp
[5211] [DBG] [GFX] Time = 1 ms from clearScreen to displayBuffer
[5686] [DBG] [ACT] Exiting activity: EpubReaderChapterSelection
[5686] [DBG] [ACT] Popped from activity stack, new size = 0
[5686] [DBG] [ACT] Handling result for popped activity
[5687] [DBG] [ERS] Loading file: OEBPS/second.xhtml, index: 1
[SIM] open failed: <LAB_ROOT>/results/verified-crosspoint-toc/sd/.crosspoint/epub_3165350815581513661/sections/1.bin (flags=0x0 errno=2 No such file or directory)
[5687] [DBG] [ERS] Cache not found, building...
[5687] [DBG] [ERS] Heap before section build: 1048576 (max block 1048576)
[5688] [DBG] [ZIP] Decompressed 164 bytes into 218 bytes
[5688] [DBG] [SCT] Streamed temp HTML to /.crosspoint/epub_3165350815581513661/html/.tmp_1.html (218 bytes)
[5689] [DBG] [CSS] Loaded 0 rules from complete cache
[5690] [DBG] [EHP] Time to parse and build pages: 1 ms
[5690] [DBG] [SCT] Page 0 processed
[5692] [DBG] [FDC] Prewarm: 10 glyphs in 857 bytes from 1 groups (0 missed)
[5692] [DBG] [FDC] Prewarm: 23 glyphs in 1812 bytes from 1 groups (0 missed)
[5710] [DBG] [ERS] Page render (tiled): prewarm=1ms bw_render=0ms display=5ms gray_lsb=1ms gray_msb=0ms gray_display=12ms cleanup=0ms total=19ms
[5711] [DBG] [ERS] Rendered page in 20ms
[5711] [DBG] [ERS] Progress saved: spine=1 offset=0 page=0
[SIM] Saved screenshot: <LAB_ROOT>/results/verified-crosspoint-toc/chapter-two.bmp
