The target architecture is set to "riscv:rv32".
warning: No executable has been specified and target does not support
determining executable automatically.  Try using the "file" command.
0x40000000 in ?? ()
ra             0x0	0x0
sp             0x0	0x0
gp             0x0	0x0
tp             0x0	0x0
t0             0x0	0
t1             0x0	0
t2             0x0	0
fp             0x0	0x0
s1             0x0	0
a0             0x0	0
a1             0x0	0
a2             0x0	0
a3             0x0	0
a4             0x0	0
a5             0x0	0
a6             0x0	0
a7             0x0	0
s2             0x0	0
s3             0x0	0
s4             0x0	0
s5             0x0	0
s6             0x0	0
s7             0x0	0
s8             0x0	0
s9             0x0	0
s10            0x0	0
s11            0x0	0
t3             0x0	0
t4             0x0	0
t5             0x0	0
t6             0x0	0
pc             0x40000000	0x40000000
=> 0x40000000:	j	0x40001e90
   0x40000004:	unimp
   0x40000006:	unimp
   0x40000008:	unimp
   0x4000000a:	unimp
   0x4000000c:	unimp
   0x4000000e:	unimp
   0x40000010:	c.nop	1
   0x40000012:	unimp
   0x40000014:	lb	zero,0(zero) # 0x0
   0x40000018:	j	0x40048a8e
   0x4000001c:	j	0x40048a26
0x600c0040:	0x00000000	0x00000000	0x00000000	0x00000000
0x600c0050:	0x00000000	0x00000000	0x000a8401	0x00000000
0x6000403c:	0x00000000	0x00000000	0x00000000	0x00000000

Breakpoint -9, 0x42010112 in ?? ()
[Inferior 1 (process 1) detached]
