
    ╻ ╻ ╻ ╻
   ┏┻━┻━┻━┻┓    ┏━╸┏━┓┏━┓   ┏━╸┏┳┓╻ ╻
  ━┫       ┣━   ┣╸ ┗━┓┣━┛╺━╸┣╸ ┃┃┃┃ ┃
  ━┫ ESP32 ┣━   ┗━╸┗━┛╹     ┗━╸╹ ╹┗━┛
  ━┫       ┣━
   ┗┳━┳━┳━┳┛    ESP32 series emulator · v0.45.0
    ╹ ╹ ╹ ╹

[INFO  esp_emu] Loaded firmware: 16777216 bytes
[INFO  machine] WiFi SoftAP: WPA2/WPA3 transition enabled (PWE Both) for SSID 'myssid'
[INFO  esp_emu] TAP auto-probe failed (Failed to open /dev/net/tun: No such file or directory (os error 2)); falling back to --net user
[INFO  net_user] user-net: DNS forwarder upstream [192.168.65.7:53], restrict=false
[INFO  net_user] user-net: backend ready (gateway 192.168.4.1, 0 hostfwd rules)
[INFO  esp_emu] Network backend: user-mode (smoltcp NAT, 192.168.4.1 -> host loopback)
[INFO  esp_emu] Loaded ROM ELF: <embedded esp32s3> (949552 bytes)
[INFO  esp_emu] Booting from real ROM reset vector (use --skip-rom to bypass)
[INFO  machine] ROM ELF: 5227 symbols loaded
[INFO  machine] ROM ELF loaded, 10 functions patched for interception
[INFO  machine] PSRAM configured as 8192 KB
[INFO  machine] CPU reset at ROM entry: PC=0x40000400, SP=0x3FCEB710
[INFO  esp_emu] Starting emulation (chip=esp32s3, batch_size=50000)
[INFO  gdb_stub] GDB stub listening on :1234 (target halted, waiting for debugger)
[INFO  gdb_stub] GDB client connected from 127.0.0.1:34684
ESP-ROM:esp32s3-20210327
Build:Mar 27 2021
rst:0x1 (POWERON),boot:0x8 (SPI_FAST_FLASH_BOOT)
SPIWP:0xee
mode:DIO, clock div:1
load:0x3fce2820,len:0x53c
load:0x403c8700,len:0xc28
load:0x403cb700,len:0x2b00
entry 0x403c8870
[INFO  gdb_stub] GDB client disconnected; target resumes free-running
[INFO  esp_emu] Interrupted (signal)
