The target architecture is set to "riscv:rv32".
warning: No executable has been specified and target does not support
determining executable automatically.  Try using the "file" command.
0x40000000 in ?? ()

Temporary breakpoint -15, 0x420a1bd4 in ?? ()
Hardware assisted breakpoint 1 at 0x50001624
ra             0x42098ce4	0x42098ce4
sp             0x3fcb2760	0x3fcb2760
gp             0x3fc92000	0x3fc92000
tp             0x3f825fc0	0x3f825fc0
t0             0x4005890e	1074104590
t1             0x40382a4c	1077422668
t2             0xffffffff	-1
fp             0x1800000	0x1800000
s1             0x60040000	1610874880
a0             0x0	0
a1             0x1	1
a2             0x3fcb276c	1070278508
a3             0x4	4
a4             0xfe7fffff	-25165825
a5             0x0	0
a6             0x2	2
a7             0x0	0
s2             0x1	1
s3             0x3fcaa000	1070243840
s4             0x1	1
s5             0x3c166000	1008099328
s6             0x3c168000	1008107520
s7             0x3fcaa214	1070244372
s8             0x0	0
s9             0x0	0
s10            0x0	0
s11            0x0	0
t3             0x1c	28
t4             0x0	0
t5             0x0	0
t6             0x0	0
pc             0x420a1bd4	0x420a1bd4
=> 0x420a1bd4:	addi	sp,sp,-48
   0x420a1bd6:	sw	s1,36(sp)
   0x420a1bd8:	sw	s2,32(sp)
   0x420a1bda:	sw	ra,44(sp)
   0x420a1bdc:	sw	s0,40(sp)
   0x420a1bde:	mv	s1,a0
   0x420a1be0:	lui	s2,0x40000
   0x420a1be4:	bnez	a0,0x420a1bea
   0x420a1be6:	lui	s2,0x80000
   0x420a1bea:	lui	a4,0x60040
   0x420a1bee:	mv	a3,a4
   0x420a1bf2:	lw	a0,76(a3)
0x600c0040:	0xfffffffd	0xffffffff	0xffffffff	0xffffffff
0x600c0050:	0xffffffff	0xffffffff	0x00028400	0xffffffff
0x6000403c:	0xffffffff	0x00000000	0x00000000	0x00000000

Program received signal SIGINT, Interrupt.
0x403894aa in ?? ()
0x50001bc0:	0x00000000
[Inferior 1 (Remote target) detached]
