ESP-ROM:esp32c3-api1-20210207
Build:Feb  7 2021
rst:0x1 (POWERON),boot:0x8 (SPI_FAST_FLASH_BOOT)
SPIWP:0xee
mode:DIO, clock div:1
load:0x3fcd5810,len:0x38c
load:0x403cc710,len:0x6a0
load:0x403ce710,len:0x2624
entry 0x403cc710
Guru Meditation Error: Core  0 panic'ed (Interrupt wdt timeout on CPU0). 

Core  0 register dump:
MEPC    : 0x403898cc  RA      : 0x40382f6e  SP      : 0x3fca7d00  GP      : 0x3fc92800  
TP      : 0x3f85238c  T0      : 0x00000000  T1      : 0x80000000  T2      : 0xffffffff  
S0/FP   : 0x3fc92908  S1      : 0x00000000  A0      : 0x600080c4  A1      : 0x00000100  
A2      : 0x7ff00000  A3      : 0x600c0048  A4      : 0x600c004c  A5      : 0x60008000  
A6      : 0x60008018  A7      : 0x80000000  S2      : 0x00000008  S3      : 0x00000000  
S4      : 0x00000800  S5      : 0x00000001  S6      : 0x00000000  S7      : 0x00000016  
S8      : 0x00000064  S9      : 0x00000000  S10     : 0x00000000  S11     : 0x00000000  
T3      : 0x60008044  T4      : 0x00000003  T5      : 0x3fca7ce0  T6      : 0x00000001  
MSTATUS : 0x00001880  MTVEC   : 0x40380001  MCAUSE  : 0x00000018  MTVAL   : 0x00000000  
MHARTID : 0x00000000  

Stack memory:
3fca7d00: 0x00000000 0x00000000 0xdff20570 0x00000001 0x00000001 0x00000140 0x00000003 0x000000a0
3fca7d20: 0x00000000 0x00000000 0x00000000 0x0000011a 0x3c173000 0x3c172000 0x00000001 0x00000001
3fca7d40: 0x00000000 0x00000c02 0x3fc92908 0x403830ae 0x00000000 0x00000000 0x00000000 0x420471bc
3fca7d60: 0x00000000 0x00000000 0x00000001 0x00000000 0x00000000 0x00000000 0x3c173000 0x00000001
3fca7d80: 0x3fc9f000 0x3fc9f374 0x3fc92092 0x4204f772 0x00000000 0x00000000 0x00000000 0x00000000
3fca7da0: 0x00000000 0x00000000 0x00000000 0x3fc9f000 0x00000000 0x3fc9f000 0x00000000 0x42060c0c
3fca7dc0: 0x420a906c 0x4038dec4 0x00000000 0x3fc92800 0x3f85238c 0x00000000 0x00000000 0x00000000
3fca7de0: 0x00000000 0x00000000 0x00000000 0x00000000 0x00000000 0x00000000 0x00000000 0x00000000
3fca7e00: 0x00000000 0x00000000 0x00000000 0x560577ca 0x00000000 0x00000000 0x00000000 0x00000000
3fca7e20: 0x00000000 0x3fc9f000 0x00000000 0x420a907c 0x00000000 0x00000000 0x00000000 0x4038dec4
3fca7e40: 0x00000000 0x00000000 0x00000000 0x00000000 0x00000000 0xa5a5a5a5 0xa5a5a5a5 0xa5a5a5a5
3fca7e60: 0xa5a5a5a5 0xa5a5a5a5 0xa5a5a5a5 0xbaad5678 0x00000160 0xabba1234 0x00000154 0x3fca7cb0
3fca7e80: 0x00000058 0x3fc9b1ec 0x3fc9b1ec 0x3fca7e7c 0x3fc9b1e4 0x00000018 0x00000000 0x00000000
3fca7ea0: 0x3fca7e7c 0x00000000 0x00000001 0x3fca5a6c 0x706f6f6c 0x6b736154 0x00000000 0x00000000
3fca7ec0: 0x00000000 0x3fca7e60 0x00000001 0x00000001 0x00000000 0x00000000 0x00000000 0x3fca1014
3fca7ee0: 0x3fca107c 0x3fca10e4 0x00000000 0x00000000 0x00000001 0x00000000 0x00000000 0x00000000
3fca7f00: 0x42155e5c 0x00000000 0x00000000 0x00000000 0x00000000 0x00000000 0x00000000 0x00000000
3fca7f20: 0x00000000 0x00000000 0x00000000 0x00000000 0x00000000 0x00000000 0x00000000 0x00000000
3fca7f40: 0x00000000 0x00000000 0x00000000 0x00000000 0x00000000 0x00000000 0x00000000 0x00000000
3fca7f60: 0x00000000 0x00000000 0x00000000 0x00000000 0x00000000 0x00000000 0x00000000 0x00000000
3fca7f80: 0x00000000 0x00000000 0x00000000 0x00000000 0x00000000 0x00000000 0x00000000 0x00000000
3fca7fa0: 0x00000000 0x00000000 0x00000000 0x00000000 0x00000000 0x00000000 0x00000000 0x00000000
3fca7fc0: 0x00000000 0x00000000 0x00000000 0x00000000 0xbaad5678 0x00034735 0x3fca0964 0x3fca0964
3fca7fe0: 0x00000000 0x00000000 0x00000000 0x00000000 0x00000000 0x00000000 0x00000000 0x00000000
3fca8000: 0x00000000 0x00000000 0x00000000 0x00000000 0x00000000 0x00000000 0x00000000 0x00000000
3fca8020: 0x00000000 0x00000000 0x00000000 0x00000000 0x00000000 0x00000000 0x00000000 0x00000000
3fca8040: 0x00000000 0x00000000 0x00000000 0x00000000 0x00000000 0x00000000 0x00000000 0x00000000
3fca8060: 0x00000000 0x00000000 0x00000000 0x00000000 0x00000000 0x00000000 0x00000000 0x00000000
3fca8080: 0x00000000 0x00000000 0x00000000 0x00000000 0x00000000 0x00000000 0x00000000 0x00000000
3fca80a0: 0x00000000 0x00000000 0x00000000 0x00000000 0x00000000 0x00000000 0x00000000 0x00000000
3fca80c0: 0x00000000 0x00000000 0x00000000 0x00000000 0x00000000 0x00000000 0x00000000 0x00000000
3fca80e0: 0x00000000 0x00000000 0x00000000 0x00000000 0x00000000 0x00000000 0x00000000 0x00000000



ELF file SHA256: a2cb05b71d4552c1

Rebooting...
ESP-ROM:esp32c3-api1-20210207
Build:Feb  7 2021
rst:0x3 (RTC_SW_SYS_RST),boot:0x8 (SPI_FAST_FLASH_BOOT)
SPIWP:0xee
mode:DIO, clock div:1
load:0x3fcd5810,len:0x38c
load:0x403cc710,len:0x6a0
load:0x403ce710,len:0x2624
entry 0x403cc710
Guru Meditation Error: Core  0 panic'ed (Interrupt wdt timeout on CPU0). 

Core  0 register dump:
MEPC    : 0x403898c8  RA      : 0x40382f6e  SP      : 0x3fca7d00  GP      : 0x3fc92800  
TP      : 0x3f85238c  T0      : 0x7ff00100  T1      : 0x80000000  T2      : 0xffffffff  
S0/FP   : 0x3fc92908  S1      : 0x00000000  A0      : 0x600080c4  A1      : 0x00000100  
A2      : 0x7ff00000  A3      : 0x600c0048  A4      : 0x600c004c  A5      : 0x60008000  
A6      : 0x60008018  A7      : 0x80000000  S2      : 0x00000008  S3      : 0x00000000  
S4      : 0x00000800  S5      : 0x00000001  S6      : 0x00000000  S7      : 0x00000016  
S8      : 0x00000064  S9      : 0x00000000  S10     : 0x00000000  S11     : 0x00000000  
T3      : 0x60008044  T4      : 0x00000003  T5      : 0x3fca7ce0  T6      : 0x00000001  
MSTATUS : 0x00001880  MTVEC   : 0x40380001  MCAUSE  : 0x00000018  MTVAL   : 0x00000000  
MHARTID : 0x00000000  

Stack memory:
3fca7d00: 0x00000000 0x00000000 0xdff20570 0x00000001 0x00000001 0x00000140 0x00000003 0x000000a0
3fca7d20: 0x00000000 0x00000000 0x00000000 0x00000119 0x3c173000 0x3c172000 0x00000001 0x00000001
3fca7d40: 0x00000000 0x00000c02 0x3fc92908 0x403830ae 0x00000000 0x00000000 0x00000000 0x420471bc
3fca7d60: 0x00000000 0x00000000 0x00000001 0x00000000 0x00000000 0x00000000 0x3c173000 0x00000001
3fca7d80: 0x3fc9f000 0x3fc9f374 0x3fc92092 0x4204f772 0x00000000 0x00000000 0x00000000 0x00000000
3fca7da0: 0x00000000 0x00000000 0x00000000 0x3fc9f000 0x00000000 0x3fc9f000 0x00000000 0x42060c0c
3fca7dc0: 0x420a906c 0x4038dec4 0x00000000 0x3fc92800 0x3f85238c 0x00000000 0x00000000 0x00000000
3fca7de0: 0x00000000 0x00000000 0x00000000 0x00000000 0x00000000 0x00000000 0x00000000 0x00000000
3fca7e00: 0x00000000 0x00000000 0x00000000 0x68bdf15a 0x00000000 0x00000000 0x00000000 0x00000000
3fca7e20: 0x00000000 0x3fc9f000 0x00000000 0x420a907c 0x00000000 0x00000000 0x00000000 0x4038dec4
3fca7e40: 0x00000000 0x00000000 0x00000000 0x00000000 0x00000000 0xa5a5a5a5 0xa5a5a5a5 0xa5a5a5a5
3fca7e60: 0xa5a5a5a5 0xa5a5a5a5 0xa5a5a5a5 0xbaad5678 0x00000160 0xabba1234 0x00000154 0x3fca7cb0
3fca7e80: 0x00000057 0x3fc9b1ec 0x3fc9b1ec 0x3fca7e7c 0x3fc9b1e4 0x00000018 0x00000000 0x00000000
3fca7ea0: 0x3fca7e7c 0x00000000 0x00000001 0x3fca5a6c 0x706f6f6c 0x6b736154 0x00000000 0x00000000
3fca7ec0: 0x00000000 0x3fca7e60 0x00000001 0x00000001 0x00000000 0x00000000 0x00000000 0x3fca1014
3fca7ee0: 0x3fca107c 0x3fca10e4 0x00000000 0x00000000 0x00000001 0x00000000 0x00000000 0x00000000
3fca7f00: 0x42155e5c 0x00000000 0x00000000 0x00000000 0x00000000 0x00000000 0x00000000 0x00000000
3fca7f20: 0x00000000 0x00000000 0x00000000 0x00000000 0x00000000 0x00000000 0x00000000 0x00000000
3fca7f40: 0x00000000 0x00000000 0x00000000 0x00000000 0x00000000 0x00000000 0x00000000 0x00000000
3fca7f60: 0x00000000 0x00000000 0x00000000 0x00000000 0x00000000 0x00000000 0x00000000 0x00000000
3fca7f80: 0x00000000 0x00000000 0x00000000 0x00000000 0x00000000 0x00000000 0x00000000 0x00000000
3fca7fa0: 0x00000000 0x00000000 0x00000000 0x00000000 0x00000000 0x00000000 0x00000000 0x00000000
3fca7fc0: 0x00000000 0x00000000 0x00000000 0x00000000 0xbaad5678 0x00034735 0x3fca0964 0x3fca0964
3fca7fe0: 0x00000000 0x00000000 0x00000000 0x00000000 0x00000000 0x00000000 0x00000000 0x00000000
3fca8000: 0x00000000 0x00000000 0x00000000 0x00000000 0x00000000 0x00000000 0x00000000 0x00000000
3fca8020: 0x00000000 0x00000000 0x00000000 0x00000000 0x00000000 0x00000000 0x00000000 0x00000000
3fca8040: 0x00000000 0x00000000 0x00000000 0x00000000 0x00000000 0x00000000 0x00000000 0x00000000
3fca8060: 0x00000000 0x00000000 0x00000000 0x00000000 0x00000000 0x00000000 0x00000000 0x00000000
3fca8080: 0x00000000 0x00000000 0x00000000 0x00000000 0x00000000 0x00000000 0x00000000 0x00000000
3fca80a0: 0x00000000 0x00000000 0x00000000 0x00000000 0x00000000 0x00000000 0x00000000 0x00000000
3fca80c0: 0x00000000 0x00000000 0x00000000 0x00000000 0x00000000 0x00000000 0x00000000 0x00000000
3fca80e0: 0x00000000 0x00000000 0x00000000 0x00000000 0x00000000 0x00000000 0x00000000 0x00000000



ELF file SHA256: a2cb05b71d4552c1

Rebooting...
ESP-ROM:esp32c3-api1-20210207
Build:Feb  7 2021
rst:0x3 (RTC_SW_SYS_RST),boot:0x8 (SPI_FAST_FLASH_BOOT)
SPIWP:0xee
mode:DIO, clock div:1
load:0x3fcd5810,len:0x38c
load:0x403cc710,len:0x6a0
load:0x403ce710,len:0x2624
entry 0x403cc710
