
    ╻ ╻ ╻ ╻
   ┏┻━┻━┻━┻┓    ┏━╸┏━┓┏━┓   ┏━╸┏┳┓╻ ╻
  ━┫       ┣━   ┣╸ ┗━┓┣━┛╺━╸┣╸ ┃┃┃┃ ┃
  ━┫ ESP32 ┣━   ┗━╸┗━┛╹     ┗━╸╹ ╹┗━┛
  ━┫       ┣━
   ┗┳━┳━┳━┳┛    ESP32 series emulator · v0.48.0
    ╹ ╹ ╹ ╹     https://github.com/espressif/esp-emulator

[INFO  esp_emu] Loaded firmware: 16777216 bytes
[INFO  machine] WiFi SoftAP: WPA2/WPA3 transition enabled (PWE Both) for SSID 'myssid'
[INFO  net_user] user-net: DNS forwarder upstream [192.168.65.7:53], restrict=true
[INFO  net_user] user-net: backend ready (gateway 192.168.4.1, 0 hostfwd rules)
[INFO  esp_emu] Network backend: user-mode (smoltcp NAT, 192.168.4.1 -> host loopback)
[INFO  esp_emu] Loaded ROM ELF: <embedded esp32c3> (556332 bytes)
[INFO  esp_emu] Booting from real ROM reset vector (use --skip-rom to bypass)
[INFO  machine] ROM ELF: 4468 symbols loaded
[INFO  machine] ROM ELF loaded, 15 functions patched for interception
[INFO  machine] CPU reset at ROM entry: PC=0x40000000, SP=0x3FCDE710
[INFO  esp_emu] Starting emulation (chip=esp32c3, batch_size=50000)
[INFO  gdb_stub] GDB stub listening on :1234 (target halted, waiting for debugger)
[INFO  gdb_stub] GDB client connected from 127.0.0.1:48528
[WARN  mem::bus] Bus fault: read8 unmapped 0x3FFFFFFC
ESP-ROM:esp32c3-api1-20210207
Build:Feb  7 2021
rst:0x1 (POWERON),boot:0x8 (SPI_FAST_FLASH_BOOT)
SPIWP:0xee
mode:DIO, clock div:1
load:0x3fcd5820,len:0x1010
load:0x403cbf10,len:0x9f4
load:0x403ce710,len:0x2ea4
entry 0x403cbf10
[   667][E][Preferences.cpp:47] begin(): nvs_open failed: NOT_FOUND
[   667][E][Preferences.cpp:47] begin(): nvs_open failed: NOT_FOUND
[   667][E][esp32-hal-i2c-ng.c:372] i2cWriteReadNonStop(): i2c_master_transmit_receive failed: [259] ESP_ERR_INVALID_STATE
[   667][E][Wire.cpp:532] requestFrom(): i2cWriteReadNonStop returned Error 259
[   667][E][esp32-hal-i2c-ng.c:372] i2cWriteReadNonStop(): i2c_master_transmit_receive failed: [259] ESP_ERR_INVALID_STATE
[   667][E][Wire.cpp:532] requestFrom(): i2cWriteReadNonStop returned Error 259
[   667][E][esp32-hal-i2c-ng.c:372] i2cWriteReadNonStop(): i2c_master_transmit_receive failed: [259] ESP_ERR_INVALID_STATE
[   667][E][Wire.cpp:532] requestFrom(): i2cWriteReadNonStop returned Error 259
[   667][E][esp32-hal-i2c-ng.c:372] i2cWriteReadNonStop(): i2c_master_transmit_receive failed: [259] ESP_ERR_INVALID_STATE
[   667][E][Wire.cpp:532] requestFrom(): i2cWriteReadNonStop returned Error 259
[   670][E][esp32-hal-i2c-ng.c:372] i2cWriteReadNonStop(): i2c_master_transmit_receive failed: [259] ESP_ERR_INVALID_STATE
[   670][E][Wire.cpp:532] requestFrom(): i2cWriteReadNonStop returned Error 259
[   670][E][esp32-hal-i2c-ng.c:372] i2cWriteReadNonStop(): i2c_master_transmit_receive failed: [259] ESP_ERR_INVALID_STATE
[   670][E][Wire.cpp:532] requestFrom(): i2cWriteReadNonStop returned Error 259
[   670][E][esp32-hal-i2c-ng.c:372] i2cWriteReadNonStop(): i2c_master_transmit_receive failed: [259] ESP_ERR_INVALID_STATE
[   670][E][Wire.cpp:532] requestFrom(): i2cWriteReadNonStop returned Error 259
[   670][E][esp32-hal-i2c-ng.c:372] i2cWriteReadNonStop(): i2c_master_transmit_receive failed: [259] ESP_ERR_INVALID_STATE
[   670][E][Wire.cpp:532] requestFrom(): i2cWriteReadNonStop returned Error 259
[   740][E][Preferences.cpp:47] begin(): nvs_open failed: NOT_FOUND
[INFO  esp_emu] Interrupted (signal)
