[0] [DBG] [UI] Using Lyra theme
[0] [INF] [MAIN] Hardware detect: X4
[0] [DBG] [UI] Using Lyra theme
[SIM] open failed: <LAB_ROOT>/results/manual-crosspoint-dark-reading/sd/.crosspoint/plugins (flags=0x0 errno=2 No such file or directory)
[SIM] open failed: <LAB_ROOT>/results/manual-crosspoint-dark-reading/sd/plugins (flags=0x0 errno=2 No such file or directory)
[SIM] open failed: <LAB_ROOT>/results/manual-crosspoint-dark-reading/sd/.plugins (flags=0x0 errno=2 No such file or directory)
[0] [DBG] [MAIN] Starting CrossPoint version dev-simulator
[3] [DBG] [MAIN] Display initialized
[SIM] open failed: <LAB_ROOT>/results/manual-crosspoint-dark-reading/sd/.fonts (flags=0x0 errno=2 No such file or directory)
[3] [DBG] [SDREG] Fonts directory not found: /.fonts
[SIM] open failed: <LAB_ROOT>/results/manual-crosspoint-dark-reading/sd/fonts (flags=0x0 errno=2 No such file or directory)
[3] [DBG] [SDREG] Fonts directory not found: /fonts
[3] [DBG] [SDREG] Discovery complete: 0 families
[3] [DBG] [SDFS] SD font system ready (0 families discovered)
[3] [DBG] [MAIN] Fonts setup
[3] [DBG] [ACT] Entering activity: Boot
[3] [DBG] [GFX] Time = 0 ms from clearScreen to displayBuffer
[19] [DBG] [ACT] Exiting activity: Boot
[19] [DBG] [ACT] Entering activity: Home
[SIM] open failed: <LAB_ROOT>/results/manual-crosspoint-dark-reading/sd/.crosspoint/plugins (flags=0x0 errno=2 No such file or directory)
[SIM] open failed: <LAB_ROOT>/results/manual-crosspoint-dark-reading/sd/plugins (flags=0x0 errno=2 No such file or directory)
[SIM] open failed: <LAB_ROOT>/results/manual-crosspoint-dark-reading/sd/.plugins (flags=0x0 errno=2 No such file or directory)
[20] [DBG] [GFX] Time = 1 ms from clearScreen to displayBuffer
[42] [DBG] [GFX] Time = 0 ms from clearScreen to displayBuffer
[909] [DBG] [GFX] Time = 0 ms from clearScreen to displayBuffer
[1383] [DBG] [ACT] Exiting activity: Home
[1383] [DBG] [ACT] Entering activity: Library
[SIM] open failed: <LAB_ROOT>/results/manual-crosspoint-dark-reading/sd/.crosspoint/library.idx (flags=0x0 errno=2 No such file or directory)
[1383] [DBG] [GFX] Time = 474 ms from clearScreen to displayBuffer
[1396] [DBG] [LIBIDX] phase prepare/prior: 1ms
[SIM] open failed: <LAB_ROOT>/results/manual-crosspoint-dark-reading/sd/.crosspoint/epub_3165350815581513661/book.bin (flags=0x0 errno=2 No such file or directory)
[1396] [DBG] [ZIP] Decompressed 153 bytes into 221 bytes
[1396] [DBG] [EBP] Parsing content.opf: OEBPS/content.opf
[1397] [DBG] [EBP] Successfully parsed package metadata
[1397] [DBG] [LIBIDX] phase walk/metadata/stage: 1ms
[1397] [DBG] [LIBIDX] phase reconcile: 0ms
[1397] [DBG] [LIBIDX] phase title order: 0ms
[1399] [DBG] [LIBIDX] phase author/orders/emit: 2ms
[1399] [INF] [LIBIDX] built: 1 books, 1 folders, 1 parsed, 0 metadata reused, replaced 1, 0 dup dropped, 0 unreadable, 4ms
[1399] [INF] [LIB] reconciled: 0 unchanged, 1 added, 0 renamed, 0 removed, 1 enriched (0 dup, 0 unreadable)
[1400] [DBG] [LIB] page tab=0 top=0 full=1 loaded=1 body=158..721 next=-1 title=<none>
[1400] [DBG] [LIB] page first=0 title=ALPHA Feature Probe
[1400] [DBG] [GFX] Time = 1 ms from clearScreen to displayBuffer
[1405] [DBG] [LIB] page tab=0 top=0 full=1 loaded=1 body=158..721 next=-1 title=<none>
[1405] [DBG] [LIB] page first=0 title=ALPHA Feature Probe
[1405] [DBG] [GFX] Time = 1 ms from clearScreen to displayBuffer
[1913] [DBG] [LIB] page tab=0 top=0 full=1 loaded=1 body=158..721 next=-1 title=<none>
[1913] [DBG] [LIB] page first=0 title=ALPHA Feature Probe
[1913] [DBG] [GFX] Time = 1 ms from clearScreen to displayBuffer
[2383] [DBG] [ACT] Exiting activity: Library
[2383] [DBG] [ACT] Entering activity: EpubReader
[2383] [INF] [MEM] reader enter: free=1048576 max_block=1048576
[2383] [DBG] [GFX] Time = 471 ms from clearScreen to displayBuffer
[2392] [DBG] [EBP] Loading ePub: /alpha.epub
[SIM] open failed: <LAB_ROOT>/results/manual-crosspoint-dark-reading/sd/.crosspoint/epub_3165350815581513661/book.bin (flags=0x0 errno=2 No such file or directory)
[2392] [DBG] [EBP] Cache not found, building spine/TOC cache
[2392] [DBG] [BMC] Entering write mode
[2393] [DBG] [BMC] Beginning content opf pass
[2393] [DBG] [ZIP] Decompressed 153 bytes into 221 bytes
[2393] [DBG] [EBP] Parsing content.opf: OEBPS/content.opf
[2394] [DBG] [COF] Using fast index for 3 manifest items
[2394] [DBG] [ZIP] Decompressed 330 bytes into 653 bytes
[2394] [DBG] [EBP] Successfully parsed content.opf
[2394] [DBG] [EBP] OPF pass completed in 1 ms
[2394] [DBG] [BMC] Beginning toc pass
[2394] [DBG] [EBP] Falling back to NCX TOC
[2394] [DBG] [EBP] Parsing toc ncx file: OEBPS/toc.ncx
[2395] [DBG] [ZIP] Decompressed 259 bytes into 468 bytes
[2395] [DBG] [EBP] Parsed TOC items
[2395] [DBG] [EBP] TOC pass completed in 1 ms
[2395] [DBG] [BMC] Wrote 2 spine, 2 TOC entries
[2395] [DBG] [BMC] Successfully built book.bin
[2396] [DBG] [EBP] buildBookBin completed in 1 ms
[2396] [DBG] [EBP] Total indexing completed in 4 ms
[2396] [DBG] [EBP] No CSS files to parse, but CssParser created for inline styles
[2396] [DBG] [EBP] CSS files to parse: 0
[2396] [DBG] [CSS] Saved 0 rules to complete cache
[2396] [DBG] [EBP] Loaded 0 CSS style rules from 0 files (0 identical duplicates skipped, complete)
[2396] [DBG] [BMC] Loaded cache data: 2 spine, 2 TOC entries
[2396] [DBG] [EBP] Loaded ePub: /alpha.epub
[SIM] open failed: <LAB_ROOT>/results/manual-crosspoint-dark-reading/sd/.crosspoint/epub_3165350815581513661/progress.bin (flags=0x0 errno=2 No such file or directory)
[2396] [DBG] [EBP] Core Metadata: cover(0)=, textReference(0)=
[2397] [DBG] [ERS] Loading file: OEBPS/first.xhtml, index: 0
[SIM] open failed: <LAB_ROOT>/results/manual-crosspoint-dark-reading/sd/.crosspoint/epub_3165350815581513661/sections/0.bin (flags=0x0 errno=2 No such file or directory)
[2397] [DBG] [ERS] Cache not found, building...
[2397] [DBG] [ERS] Heap before section build: 1048576 (max block 1048576)
[2397] [DBG] [ZIP] Decompressed 480 bytes into 4945 bytes
[2397] [DBG] [SCT] Streamed temp HTML to /.crosspoint/epub_3165350815581513661/html/.tmp_0.html (4945 bytes)
[2398] [DBG] [CSS] Loaded 0 rules from complete cache
[2402] [DBG] [SCT] Page 0 processed
[2406] [DBG] [SCT] Page 1 processed
[2411] [DBG] [SCT] Page 2 processed
[2413] [DBG] [SCT] Page 3 processed
[2416] [DBG] [SCT] Page 4 processed
[2419] [DBG] [SCT] Page 5 processed
[2421] [DBG] [SCT] Page 6 processed
[2424] [DBG] [SCT] Page 7 processed
[2426] [DBG] [FDC] Prewarm: 10 glyphs in 632 bytes from 1 groups (0 missed)
[2426] [DBG] [FDC] Prewarm: 15 glyphs in 1293 bytes from 1 groups (0 missed)
[2427] [DBG] [FDC] Prewarm: 46 glyphs in 3845 bytes from 2 groups (0 missed)
[2427] [DBG] [GFX] Time = 3 ms from clearScreen to displayBuffer
[2446] [DBG] [ERS] Page render (tiled): prewarm=2ms bw_render=0ms display=5ms gray_lsb=2ms gray_msb=2ms gray_display=10ms cleanup=0ms total=21ms
[2446] [DBG] [ERS] Rendered page in 21ms
[2447] [DBG] [ERS] Progress saved: spine=0 offset=0 page=0
[SIM] Saved screenshot: <LAB_ROOT>/results/manual-crosspoint-dark-reading/before.bmp
[3584] [DBG] [ACT] Pushed to activity stack, new size = 1
[3584] [DBG] [ACT] Entering activity: EpubReaderMenu
[3586] [DBG] [GFX] Time = 2 ms from clearScreen to displayBuffer
[4211] [DBG] [GFX] Time = 1 ms from clearScreen to displayBuffer
[4511] [DBG] [GFX] Time = 1 ms from clearScreen to displayBuffer
[4813] [DBG] [GFX] Time = 2 ms from clearScreen to displayBuffer
[5289] [DBG] [GFX] Time = 1 ms from clearScreen to displayBuffer
[5784] [DBG] [ACT] Exiting activity: EpubReaderMenu
[5784] [DBG] [ACT] Popped from activity stack, new size = 0
[5784] [DBG] [ACT] Handling result for popped activity
[5786] [DBG] [FDC] Prewarm: 10 glyphs in 632 bytes from 1 groups (0 missed)
[5786] [DBG] [FDC] Prewarm: 15 glyphs in 1293 bytes from 1 groups (0 missed)
[5787] [DBG] [FDC] Prewarm: 46 glyphs in 3845 bytes from 2 groups (0 missed)
[5807] [DBG] [ERS] Page render (tiled): prewarm=2ms bw_render=1ms display=4ms gray_lsb=2ms gray_msb=2ms gray_display=10ms cleanup=1ms total=22ms
[5807] [DBG] [ERS] Rendered page in 22ms
[5807] [DBG] [ERS] Progress saved: spine=0 offset=0 page=0
[SIM] Saved screenshot: <LAB_ROOT>/results/manual-crosspoint-dark-reading/dark.bmp
