The target architecture is set to "riscv:rv32".
warning: No executable has been specified and target does not support
determining executable automatically.  Try using the "file" command.
0x420b3288 in ?? ()
ra             0x420b327a	0x420b327a
sp             0x3fcb4010	0x3fcb4010
gp             0x3fc92800	0x3fc92800
tp             0x3f816150	0x3f816150
t0             0x4005890e	1074104590
t1             0x40038e56	1073974870
t2             0xffffffff	-1
fp             0x60040000	0x60040000
s1             0x0	0
a0             0x1e0	480
a1             0xe1ffffff	-503316481
a2             0x3fcb404c	1070284876
a3             0xffff807f	-32641
a4             0x20000000	536870912
a5             0x0	0
a6             0xbfffffff	-1073741825
a7             0x80000000	-2147483648
s2             0x80000000	-2147483648
s3             0x3fcac000	1070252032
s4             0x1	1
s5             0x3c176000	1008164864
s6             0x3c179000	1008177152
s7             0x3fcabb08	1070250760
s8             0x0	0
s9             0x0	0
s10            0x0	0
s11            0x0	0
t3             0x1c	28
t4             0x0	0
t5             0x0	0
t6             0x0	0
pc             0x420b3288	0x420b3288
=> 0x420b3288:	and	a5,s2,a5
   0x420b328c:	beqz	a5,0x420b3286
   0x420b328e:	bnez	s1,0x420b32c6
   0x420b3290:	lw	a5,44(s0)
   0x420b3292:	lui	a4,0x20
   0x420b3296:	addi	a4,a4,-1
   0x420b3298:	and	a5,a5,a4
   0x420b329a:	lui	a4,0x1
   0x420b329c:	addi	a4,a4,-1
   0x420b329e:	and	a5,a5,a4
   0x420b32a0:	sw	a5,0(a2)
   0x420b32a2:	lw	a5,32(s0)
0x600c0040:	0x00000000	0x00000000	0x00000000	0x00000000
0x600c0050:	0x00000000	0x00000000	0x000a8401	0x00000000
0x6000403c:	0x00000000	0x00000000	0x00000000	0x00000000
0x40381a8c:	0x37	0xb6	0x5d	0x3c	0x37	0xb5	0x5d	0x3c
0x42000020:	0xb7	0x47	0xca	0x3f	0x93	0x87	0xc7	0xfd
0x3fcb4010:	0x00000000	0x00000007	0x00000000	0x3fcb404c
0x3fcb4020:	0x00000004	0x00000006	0x00000080	0x0000000f
0x3fcb4030:	0x00000001	0x60040000	0x01800000	0x420a9e46
0x3fcb4040:	0x00000000	0x00000000	0x00000003	0x00000000
[Inferior 1 (process 1) detached]
