The target architecture is set to "riscv:rv32".
warning: No executable has been specified and target does not support
determining executable automatically.  Try using the "file" command.
0x40000000 in ?? ()
Hardware assisted breakpoint 1 at 0x420973e0
Hardware assisted breakpoint 2 at 0x420a1bd4
Hardware assisted breakpoint 3 at 0x420087d0

Breakpoint 3, 0x420087d0 in ?? ()
ra             0x420427ee	0x420427ee
sp             0x3fcb24c0	0x3fcb24c0
gp             0x3fc92000	0x3fc92000
tp             0x3f825fc0	0x3f825fc0
t0             0x4005890e	1074104590
t1             0xf	15
t2             0x2e	46
fp             0x3fca1ce0	0x3fca1ce0
s1             0x3fcaa212	1070244370
a0             0x1	1
a1             0x0	0
a2             0x0	0
a3             0x1	1
a4             0x3fcaa6a4	1070245540
a5             0x0	0
a6             0x3fcc1729	1070339881
a7             0x0	0
s2             0x3fcaa1e8	1070244328
s3             0x3fca2000	1070211072
s4             0x0	0
s5             0x3fca2000	1070211072
s6             0x3fcaa000	1070243840
s7             0x3c162000	1008082944
s8             0x31	49
s9             0x0	0
s10            0x3fca3000	1070215168
s11            0x3fca1bb8	1070209976
t3             0x7	7
t4             0x8	8
t5             0x3fcc172e	1070339886
t6             0x5	5
pc             0x420087d0	0x420087d0
=> 0x420087d0:	addi	sp,sp,-48
   0x420087d2:	sw	s2,32(sp)
   0x420087d4:	mv	s2,a0
   0x420087d6:	li	a0,-1
   0x420087d8:	sw	s0,40(sp)
   0x420087da:	sw	s4,24(sp)
   0x420087dc:	sw	a3,12(sp)
   0x420087de:	sw	ra,44(sp)
   0x420087e0:	sw	s1,36(sp)
   0x420087e2:	sw	s3,28(sp)
   0x420087e4:	mv	s0,a1
   0x420087e6:	mv	s4,a2
0x600c0040:	0x00000000	0x00000000	0x00000000	0x00000000
0x600c0050:	0x00000000	0x00000000	0x000a8401	0x00000000
0x6000403c:	0x00000000	0x00000000	0x00000000	0x00000000
$1 = 1071
[Inferior 1 (process 1) detached]
